bsp_DS18B20.c:107:13:DS18B20_Mode_Out_PP	24	static
bsp_DS18B20.c:89:13:DS18B20_Mode_IPU	24	static
bsp_DS18B20.c:44:6:delay_us	16	static
bsp_DS18B20.c:39:13:DS18B20_Delay	0	static
bsp_DS18B20.c:124:13:DS18B20_Rst	8	static
bsp_DS18B20.c:147:16:DS18B20_Presence	16	static
bsp_DS18B20.c:236:13:DS18B20_WriteByte	16	static
bsp_DS18B20.c:217:16:DS18B20_ReadByte	24	static
bsp_DS18B20.c:72:9:DS18B20_Init	16	static
bsp_DS18B20.c:315:7:DS18B20_GetTemp_SkipRom	8	static
bsp_DS18B20.c:350:6:DS18B20_ReadId	16	static
bsp_DS18B20.c:366:7:DS18B20_GetTemp_MatchRom	16	static
