stm32f1xx_it.c:66:6:NMI_Handler	0	static
stm32f1xx_it.c:79:6:HardFault_Handler	0	static
stm32f1xx_it.c:97:6:MemManage_Handler	0	static
stm32f1xx_it.c:115:6:BusFault_Handler	0	static
stm32f1xx_it.c:133:6:UsageFault_Handler	0	static
stm32f1xx_it.c:151:6:SVC_Handler	0	static
stm32f1xx_it.c:164:6:DebugMon_Handler	0	static
stm32f1xx_it.c:177:6:PendSV_Handler	0	static
stm32f1xx_it.c:190:6:SysTick_Handler	8	static
stm32f1xx_it.c:212:6:DMA1_Channel2_IRQHandler	0	static
stm32f1xx_it.c:226:6:DMA1_Channel3_IRQHandler	0	static
stm32f1xx_it.c:240:6:DMA1_Channel4_IRQHandler	0	static
stm32f1xx_it.c:254:6:DMA1_Channel5_IRQHandler	0	static
stm32f1xx_it.c:268:6:DMA1_Channel6_IRQHandler	0	static
stm32f1xx_it.c:282:6:DMA1_Channel7_IRQHandler	0	static
stm32f1xx_it.c:296:6:TIM2_IRQHandler	0	static
stm32f1xx_it.c:310:6:TIM3_IRQHandler	0	static
stm32f1xx_it.c:324:6:USART1_IRQHandler	16	static
stm32f1xx_it.c:346:6:USART2_IRQHandler	24	static
stm32f1xx_it.c:390:6:USART3_IRQHandler	24	static
