Archive member included to satisfy reference by file (symbol)

f:/soft ware/turestudio/truestudio for stm32 9.0.1/armtools/bin/../lib/gcc/arm-atollic-eabi/6.3.1/../../../../arm-atollic-eabi/lib/armv7-m\libc_nano.a(lib_a-assert.o)
                              freemodbus\modbus\rtu\mbrtu.o (__assert_func)
f:/soft ware/turestudio/truestudio for stm32 9.0.1/armtools/bin/../lib/gcc/arm-atollic-eabi/6.3.1/../../../../arm-atollic-eabi/lib/armv7-m\libc_nano.a(lib_a-fprintf.o)
                              f:/soft ware/turestudio/truestudio for stm32 9.0.1/armtools/bin/../lib/gcc/arm-atollic-eabi/6.3.1/../../../../arm-atollic-eabi/lib/armv7-m\libc_nano.a(lib_a-assert.o) (fiprintf)
f:/soft ware/turestudio/truestudio for stm32 9.0.1/armtools/bin/../lib/gcc/arm-atollic-eabi/6.3.1/../../../../arm-atollic-eabi/lib/armv7-m\libc_nano.a(lib_a-impure.o)
                              f:/soft ware/turestudio/truestudio for stm32 9.0.1/armtools/bin/../lib/gcc/arm-atollic-eabi/6.3.1/../../../../arm-atollic-eabi/lib/armv7-m\libc_nano.a(lib_a-assert.o) (_impure_ptr)
f:/soft ware/turestudio/truestudio for stm32 9.0.1/armtools/bin/../lib/gcc/arm-atollic-eabi/6.3.1/../../../../arm-atollic-eabi/lib/armv7-m\libc_nano.a(lib_a-init.o)
                              startup\startup_stm32f103xb.o (__libc_init_array)
f:/soft ware/turestudio/truestudio for stm32 9.0.1/armtools/bin/../lib/gcc/arm-atollic-eabi/6.3.1/../../../../arm-atollic-eabi/lib/armv7-m\libc_nano.a(lib_a-locale.o)
                              jansson\cJSON.o (__locale_ctype_ptr)
f:/soft ware/turestudio/truestudio for stm32 9.0.1/armtools/bin/../lib/gcc/arm-atollic-eabi/6.3.1/../../../../arm-atollic-eabi/lib/armv7-m\libc_nano.a(lib_a-malloc.o)
                              Src\WirelessNetwork.o (malloc)
f:/soft ware/turestudio/truestudio for stm32 9.0.1/armtools/bin/../lib/gcc/arm-atollic-eabi/6.3.1/../../../../arm-atollic-eabi/lib/armv7-m\libc_nano.a(lib_a-mbtowc_r.o)
                              f:/soft ware/turestudio/truestudio for stm32 9.0.1/armtools/bin/../lib/gcc/arm-atollic-eabi/6.3.1/../../../../arm-atollic-eabi/lib/armv7-m\libc_nano.a(lib_a-locale.o) (__ascii_mbtowc)
f:/soft ware/turestudio/truestudio for stm32 9.0.1/armtools/bin/../lib/gcc/arm-atollic-eabi/6.3.1/../../../../arm-atollic-eabi/lib/armv7-m\libc_nano.a(lib_a-memcmp.o)
                              Src\device.o (memcmp)
f:/soft ware/turestudio/truestudio for stm32 9.0.1/armtools/bin/../lib/gcc/arm-atollic-eabi/6.3.1/../../../../arm-atollic-eabi/lib/armv7-m\libc_nano.a(lib_a-memcpy-stub.o)
                              Src\device.o (memcpy)
f:/soft ware/turestudio/truestudio for stm32 9.0.1/armtools/bin/../lib/gcc/arm-atollic-eabi/6.3.1/../../../../arm-atollic-eabi/lib/armv7-m\libc_nano.a(lib_a-memset.o)
                              Drivers\STM32F1xx_HAL_Driver\Src\stm32f1xx_hal_rcc.o (memset)
f:/soft ware/turestudio/truestudio for stm32 9.0.1/armtools/bin/../lib/gcc/arm-atollic-eabi/6.3.1/../../../../arm-atollic-eabi/lib/armv7-m\libc_nano.a(lib_a-nano-freer.o)
                              f:/soft ware/turestudio/truestudio for stm32 9.0.1/armtools/bin/../lib/gcc/arm-atollic-eabi/6.3.1/../../../../arm-atollic-eabi/lib/armv7-m\libc_nano.a(lib_a-malloc.o) (_free_r)
f:/soft ware/turestudio/truestudio for stm32 9.0.1/armtools/bin/../lib/gcc/arm-atollic-eabi/6.3.1/../../../../arm-atollic-eabi/lib/armv7-m\libc_nano.a(lib_a-nano-mallocr.o)
                              f:/soft ware/turestudio/truestudio for stm32 9.0.1/armtools/bin/../lib/gcc/arm-atollic-eabi/6.3.1/../../../../arm-atollic-eabi/lib/armv7-m\libc_nano.a(lib_a-malloc.o) (_malloc_r)
f:/soft ware/turestudio/truestudio for stm32 9.0.1/armtools/bin/../lib/gcc/arm-atollic-eabi/6.3.1/../../../../arm-atollic-eabi/lib/armv7-m\libc_nano.a(lib_a-nano-vfprintf.o)
                              f:/soft ware/turestudio/truestudio for stm32 9.0.1/armtools/bin/../lib/gcc/arm-atollic-eabi/6.3.1/../../../../arm-atollic-eabi/lib/armv7-m\libc_nano.a(lib_a-fprintf.o) (_vfprintf_r)
f:/soft ware/turestudio/truestudio for stm32 9.0.1/armtools/bin/../lib/gcc/arm-atollic-eabi/6.3.1/../../../../arm-atollic-eabi/lib/armv7-m\libc_nano.a(lib_a-nano-vfprintf_i.o)
                              f:/soft ware/turestudio/truestudio for stm32 9.0.1/armtools/bin/../lib/gcc/arm-atollic-eabi/6.3.1/../../../../arm-atollic-eabi/lib/armv7-m\libc_nano.a(lib_a-nano-vfprintf.o) (_printf_i)
f:/soft ware/turestudio/truestudio for stm32 9.0.1/armtools/bin/../lib/gcc/arm-atollic-eabi/6.3.1/../../../../arm-atollic-eabi/lib/armv7-m\libc_nano.a(lib_a-printf.o)
                              Src\flash.o (printf)
f:/soft ware/turestudio/truestudio for stm32 9.0.1/armtools/bin/../lib/gcc/arm-atollic-eabi/6.3.1/../../../../arm-atollic-eabi/lib/armv7-m\libc_nano.a(lib_a-puts.o)
                              Src\user_config.o (puts)
f:/soft ware/turestudio/truestudio for stm32 9.0.1/armtools/bin/../lib/gcc/arm-atollic-eabi/6.3.1/../../../../arm-atollic-eabi/lib/armv7-m\libc_nano.a(lib_a-rand.o)
[...]
Memory Configuration

Name             Origin             Length             Attributes
RAM              0x20000000         0x00005000         xrw
FLASH            0x08000000         0x00010000         xr
*default*        0x00000000         0xffffffff

Linker script and memory map

LOAD f:/soft ware/turestudio/truestudio for stm32 9.0.1/armtools/bin/../lib/gcc/arm-atollic-eabi/6.3.1/armv7-m/crti.o
LOAD f:/soft ware/turestudio/truestudio for stm32 9.0.1/armtools/bin/../lib/gcc/arm-atollic-eabi/6.3.1/armv7-m/crtbegin.o
LOAD Drivers\STM32F1xx_HAL_Driver\Src\stm32f1xx_hal.o
LOAD Drivers\STM32F1xx_HAL_Driver\Src\stm32f1xx_hal_cortex.o
LOAD Drivers\STM32F1xx_HAL_Driver\Src\stm32f1xx_hal_dma.o
LOAD Drivers\STM32F1xx_HAL_Driver\Src\stm32f1xx_hal_flash.o
LOAD Drivers\STM32F1xx_HAL_Driver\Src\stm32f1xx_hal_flash_ex.o
LOAD Drivers\STM32F1xx_HAL_Driver\Src\stm32f1xx_hal_gpio.o
LOAD Drivers\STM32F1xx_HAL_Driver\Src\stm32f1xx_hal_gpio_ex.o
LOAD Drivers\STM32F1xx_HAL_Driver\Src\stm32f1xx_hal_iwdg.o
LOAD Drivers\STM32F1xx_HAL_Driver\Src\stm32f1xx_hal_pwr.o
LOAD Drivers\STM32F1xx_HAL_Driver\Src\stm32f1xx_hal_rcc.o
LOAD Drivers\STM32F1xx_HAL_Driver\Src\stm32f1xx_hal_rcc_ex.o
LOAD Drivers\STM32F1xx_HAL_Driver\Src\stm32f1xx_hal_rtc.o
LOAD Drivers\STM32F1xx_HAL_Driver\Src\stm32f1xx_hal_rtc_ex.o
LOAD Drivers\STM32F1xx_HAL_Driver\Src\stm32f1xx_hal_spi.o
LOAD Drivers\STM32F1xx_HAL_Driver\Src\stm32f1xx_hal_spi_ex.o
LOAD Drivers\STM32F1xx_HAL_Driver\Src\stm32f1xx_hal_tim.o
LOAD Drivers\STM32F1xx_HAL_Driver\Src\stm32f1xx_hal_tim_ex.o
LOAD Drivers\STM32F1xx_HAL_Driver\Src\stm32f1xx_hal_uart.o
LOAD Src\WirelessNetwork.o
LOAD Src\bsp_DS18B20.o
LOAD Src\device.o
LOAD Src\dma.o
LOAD Src\env.o
LOAD Src\flash.o
LOAD Src\gpio.o
LOAD Src\iic.o
LOAD Src\iwdg.o
LOAD Src\main.o
LOAD Src\modbus_user.o
LOAD Src\rtc.o
LOAD Src\spi.o
LOAD Src\spi_network.o
LOAD Src\stm32f1xx_hal_msp.o
LOAD Src\stm32f1xx_it.o
LOAD Src\syscalls.o
LOAD Src\system_stm32f1xx.o
LOAD Src\tim.o
LOAD Src\usart.o
LOAD Src\user_cmd.o
LOAD Src\user_config.o
LOAD freemodbus\demo\STM32F103C8\port\portevent.o
LOAD freemodbus\demo\STM32F103C8\port\portserial.o
LOAD freemodbus\demo\STM32F103C8\port\porttimer.o
LOAD freemodbus\modbus\ascii\mbascii.o
LOAD freemodbus\modbus\functions\mbfunccoils.o
LOAD freemodbus\modbus\functions\mbfuncdiag.o
LOAD freemodbus\modbus\functions\mbfuncdisc.o
LOAD freemodbus\modbus\functions\mbfuncholding.o
LOAD freemodbus\modbus\functions\mbfuncinput.o
LOAD freemodbus\modbus\functions\mbfuncother.o
LOAD freemodbus\modbus\functions\mbutils.o
LOAD freemodbus\modbus\mb.o
LOAD freemodbus\modbus\rtu\mbcrc.o
LOAD freemodbus\modbus\rtu\mbrtu.o
LOAD jansson\cJSON.o
LOAD startup\startup_stm32f103xb.o
                0x00000080                malloc_getpagesize_P = 0x80
START GROUP
LOAD f:/soft ware/turestudio/truestudio for stm32 9.0.1/armtools/bin/../lib/gcc/arm-atollic-eabi/6.3.1/../../../../arm-atollic-eabi/lib/armv7-m\libc_nano.a
LOAD f:/soft ware/turestudio/truestudio for stm32 9.0.1/armtools/bin/../lib/gcc/arm-atollic-eabi/6.3.1/../../../../arm-atollic-eabi/lib/armv7-m\libm.a
END GROUP
START GROUP
LOAD f:/soft ware/turestudio/truestudio for stm32 9.0.1/armtools/bin/../lib/gcc/arm-atollic-eabi/6.3.1/armv7-m\libgcc.a
LOAD f:/soft ware/turestudio/truestudio for stm32 9.0.1/armtools/bin/../lib/gcc/arm-atollic-eabi/6.3.1/../../../../arm-atollic-eabi/lib/armv7-m\libc_nano.a
END GROUP
START GROUP
LOAD f:/soft ware/turestudio/truestudio for stm32 9.0.1/armtools/bin/../lib/gcc/arm-atollic-eabi/6.3.1/armv7-m\libgcc.a
LOAD f:/soft ware/turestudio/truestudio for stm32 9.0.1/armtools/bin/../lib/gcc/arm-atollic-eabi/6.3.1/../../../../arm-atollic-eabi/lib/armv7-m\libc_nano.a
LOAD f:/soft ware/turestudio/truestudio for stm32 9.0.1/armtools/bin/../lib/gcc/arm-atollic-eabi/6.3.1/../../../../arm-atollic-eabi/lib/armv7-m\libnosys.a
END GROUP
START GROUP
LOAD f:/soft ware/turestudio/truestudio for stm32 9.0.1/armtools/bin/../lib/gcc/arm-atollic-eabi/6.3.1/armv7-m\libgcc.a
LOAD f:/soft ware/turestudio/truestudio for stm32 9.0.1/armtools/bin/../lib/gcc/arm-atollic-eabi/6.3.1/../../../../arm-atollic-eabi/lib/armv7-m\libc_nano.a
LOAD f:/soft ware/turestudio/truestudio for stm32 9.0.1/armtools/bin/../lib/gcc/arm-atollic-eabi/6.3.1/../../../../arm-atollic-eabi/lib/armv7-m\libnosys.a
END GROUP
LOAD f:/soft ware/turestudio/truestudio for stm32 9.0.1/armtools/bin/../lib/gcc/arm-atollic-eabi/6.3.1/armv7-m/crtend.o
LOAD f:/soft ware/turestudio/truestudio for stm32 9.0.1/armtools/bin/../lib/gcc/arm-atollic-eabi/6.3.1/armv7-m/crtn.o
                0x20005000                _estack = 0x20005000
                0x00000400                _Min_Heap_Size = 0x400
                0x00000400                _Min_Stack_Size = 0x400

.isr_vector     0x08000000      0x10c
                0x08000000                . = ALIGN (0x4)
 *(.isr_vector)
 .isr_vector    0x08000000      0x10c startup\startup_stm32f103xb.o
                0x08000000                g_pfnVectors
                0x0800010c                . = ALIGN (0x4)

.text           0x08000110     0x83c4
                0x08000110                . = ALIGN (0x4)
 *(.text)
 .text          0x08000110       0x40 f:/soft ware/turestudio/truestudio for stm32 9.0.1/armtools/bin/../lib/gcc/arm-atollic-eabi/6.3.1/armv7-m/crtbegin.o
 .text          0x08000150       0x10 f:/soft ware/turestudio/truestudio for stm32 9.0.1/armtools/bin/../lib/gcc/arm-atollic-eabi/6.3.1/../../../../arm-atollic-eabi/lib/armv7-m\libc_nano.a(lib_a-strlen.o)
                0x08000150                strlen
 .text          0x08000160       0x18 f:/soft ware/turestudio/truestudio for stm32 9.0.1/armtools/bin/../lib/gcc/arm-atollic-eabi/6.3.1/armv7-m\libgcc.a(_lshrdi3.o)
                0x08000160                __lshrdi3
                0x08000160                __aeabi_llsr
 .text          0x08000178      0x370 f:/soft ware/turestudio/truestudio for stm32 9.0.1/armtools/bin/../lib/gcc/arm-atollic-eabi/6.3.1/armv7-m\libgcc.a(_arm_addsubdf3.o)
                0x08000178                __aeabi_drsub
                0x08000180                __aeabi_dsub
                0x08000180                __subdf3
                0x08000184                __aeabi_dadd
                0x08000184                __adddf3
                0x080003fc                __floatunsidf
                0x080003fc                __aeabi_ui2d
                0x0800041c                __floatsidf
                0x0800041c                __aeabi_i2d
                0x08000440                __aeabi_f2d
                0x08000440                __extendsfdf2
                0x0800047c                __floatundidf
                0x0800047c                __aeabi_ul2d
                0x0800048c                __floatdidf
                0x0800048c                __aeabi_l2d
 .text          0x080004e8      0x424 f:/soft ware/turestudio/truestudio for stm32 9.0.1/armtools/bin/../lib/gcc/arm-atollic-eabi/6.3.1/armv7-m\libgcc.a(_arm_muldivdf3.o)
                0x080004e8                __aeabi_dmul
                0x080004e8                __muldf3
                0x0800073c                __divdf3
                0x0800073c                __aeabi_ddiv
 .text          0x0800090c      0x110 f:/soft ware/turestudio/truestudio for stm32 9.0.1/armtools/bin/../lib/gcc/arm-atollic-eabi/6.3.1/armv7-m\libgcc.a(_arm_cmpdf2.o)
                0x0800090c                __gtdf2
                0x0800090c                __gedf2
                0x08000914                __ltdf2
                0x08000914                __ledf2
                0x0800091c                __nedf2
                0x0800091c                __eqdf2
                0x0800091c                __cmpdf2
                0x08000998                __aeabi_cdrcmple
                0x080009a8                __aeabi_cdcmpeq
                0x080009a8                __aeabi_cdcmple
                0x080009b8                __aeabi_dcmpeq
                0x080009cc                __aeabi_dcmplt
                0x080009e0                __aeabi_dcmple
                0x080009f4                __aeabi_dcmpge
                0x08000a08                __aeabi_dcmpgt
 .text          0x08000a1c       0xa0 f:/soft ware/turestudio/truestudio for stm32 9.0.1/armtools/bin/../lib/gcc/arm-atollic-eabi/6.3.1/armv7-m\libgcc.a(_arm_truncdfsf2.o)
                0x08000a1c                __truncdfsf2
                0x08000a1c                __aeabi_d2f
 .text          0x08000abc      0x21c f:/soft ware/turestudio/truestudio for stm32 9.0.1/armtools/bin/../lib/gcc/arm-atollic-eabi/6.3.1/armv7-m\libgcc.a(_arm_addsubsf3.o)
                0x08000abc                __aeabi_frsub
                0x08000ac4                __subsf3
                0x08000ac4                __aeabi_fsub
                0x08000ac8                __aeabi_fadd
                0x08000ac8                __addsf3
                0x08000c28                __aeabi_ui2f
                0x08000c28                __floatunsisf
                0x08000c30                __aeabi_i2f
                0x08000c30                __floatsisf
                0x08000c4c                __aeabi_ul2f
                0x08000c4c                __floatundisf
                0x08000c5c                __aeabi_l2f
                0x08000c5c                __floatdisf
 .text          0x08000cd8      0x2a0 f:/soft ware/turestudio/truestudio for stm32 9.0.1/armtools/bin/../lib/gcc/arm-atollic-eabi/6.3.1/armv7-m\libgcc.a(_arm_muldivsf3.o)
                0x08000cd8                __mulsf3
                0x08000cd8                __aeabi_fmul
                0x08000e40                __aeabi_fdiv
                0x08000e40                __divsf3
 .text          0x08000f78       0xec f:/soft ware/turestudio/truestudio for stm32 9.0.1/armtools/bin/../lib/gcc/arm-atollic-eabi/6.3.1/armv7-m\libgcc.a(_arm_cmpsf2.o)
                0x08000f78                __gesf2
                0x08000f78                __gtsf2
                0x08000f80                __lesf2
                0x08000f80                __ltsf2
                0x08000f88                __nesf2
                0x08000f88                __eqsf2
                0x08000f88                __cmpsf2
                0x08000fe8                __aeabi_cfrcmple
                0x08000ff0                __aeabi_cfcmpeq
                0x08000ff0                __aeabi_cfcmple
                0x08001000                __aeabi_fcmpeq
                0x08001014                __aeabi_fcmplt
                0x08001028                __aeabi_fcmple
                0x0800103c                __aeabi_fcmpge
                0x08001050                __aeabi_fcmpgt
 .text          0x08001064       0x40 f:/soft ware/turestudio/truestudio for stm32 9.0.1/armtools/bin/../lib/gcc/arm-atollic-eabi/6.3.1/armv7-m\libgcc.a(_arm_fixunssfsi.o)
                0x08001064                __fixunssfsi
                0x08001064                __aeabi_f2uiz
 *(.text*)
 .text.HAL_InitTick
                0x080010a4       0x48 Drivers\STM32F1xx_HAL_Driver\Src\stm32f1xx_hal.o
                0x080010a4                HAL_InitTick
 .text.HAL_Init
                0x080010ec       0x24 Drivers\STM32F1xx_HAL_Driver\Src\stm32f1xx_hal.o
                0x080010ec                HAL_Init
 .text.HAL_IncTick
                0x08001110       0x18 Drivers\STM32F1xx_HAL_Driver\Src\stm32f1xx_hal.o
                0x08001110                HAL_IncTick
 .text.HAL_GetTick
                0x08001128        0xc Drivers\STM32F1xx_HAL_Driver\Src\stm32f1xx_hal.o
                0x08001128                HAL_GetTick
 .text.HAL_Delay
                0x08001134       0x24 Drivers\STM32F1xx_HAL_Driver\Src\stm32f1xx_hal.o
                0x08001134                HAL_Delay
 .text.HAL_GetUID
                0x08001158       0x20 Drivers\STM32F1xx_HAL_Driver\Src\stm32f1xx_hal.o
                0x08001158                HAL_GetUID
 .text.HAL_NVIC_SetPriorityGrouping
                0x08001178       0x24 Drivers\STM32F1xx_HAL_Driver\Src\stm32f1xx_hal_cortex.o
                0x08001178                HAL_NVIC_SetPriorityGrouping
 .text.HAL_NVIC_SetPriority
                0x0800119c       0x68 Drivers\STM32F1xx_HAL_Driver\Src\stm32f1xx_hal_cortex.o
                0x0800119c                HAL_NVIC_SetPriority
 .text.HAL_NVIC_EnableIRQ
                0x08001204       0x18 Drivers\STM32F1xx_HAL_Driver\Src\stm32f1xx_hal_cortex.o
                0x08001204                HAL_NVIC_EnableIRQ
 .text.HAL_NVIC_DisableIRQ
                0x0800121c       0x1c Drivers\STM32F1xx_HAL_Driver\Src\stm32f1xx_hal_cortex.o
                0x0800121c                HAL_NVIC_DisableIRQ
 .text.HAL_NVIC_SystemReset
                0x08001238       0x24 Drivers\STM32F1xx_HAL_Driver\Src\stm32f1xx_hal_cortex.o
                0x08001238                HAL_NVIC_SystemReset
 .text.HAL_SYSTICK_Config
                0x0800125c       0x2c Drivers\STM32F1xx_HAL_Driver\Src\stm32f1xx_hal_cortex.o
                0x0800125c                HAL_SYSTICK_Config
 .text.HAL_SYSTICK_CLKSourceConfig
                0x08001288       0x18 Drivers\STM32F1xx_HAL_Driver\Src\stm32f1xx_hal_cortex.o
                0x08001288                HAL_SYSTICK_CLKSourceConfig
 .text.HAL_SYSTICK_Callback
                0x080012a0        0x2 Drivers\STM32F1xx_HAL_Driver\Src\stm32f1xx_hal_cortex.o
                0x080012a0                HAL_SYSTICK_Callback
 .text.HAL_SYSTICK_IRQHandler
                0x080012a2        0x8 Drivers\STM32F1xx_HAL_Driver\Src\stm32f1xx_hal_cortex.o
                0x080012a2                HAL_SYSTICK_IRQHandler
 *fill*         0x080012aa        0x2 
 .text.HAL_DMA_Init
                0x080012ac       0x68 Drivers\STM32F1xx_HAL_Driver\Src\stm32f1xx_hal_dma.o
                0x080012ac                HAL_DMA_Init
 .text.HAL_DMA_DeInit
                0x08001314       0x4c Drivers\STM32F1xx_HAL_Driver\Src\stm32f1xx_hal_dma.o
                0x08001314                HAL_DMA_DeInit
 .text.HAL_DMA_Start_IT
                0x08001360       0x7a Drivers\STM32F1xx_HAL_Driver\Src\stm32f1xx_hal_dma.o
                0x08001360                HAL_DMA_Start_IT
 .text.HAL_DMA_Abort
                0x080013da       0x2c Drivers\STM32F1xx_HAL_Driver\Src\stm32f1xx_hal_dma.o
                0x080013da                HAL_DMA_Abort
 *fill*         0x08001406        0x2 
 .text.HAL_DMA_Abort_IT
                0x08001408       0x90 Drivers\STM32F1xx_HAL_Driver\Src\stm32f1xx_hal_dma.o
                0x08001408                HAL_DMA_Abort_IT
 .text.HAL_DMA_IRQHandler
                0x08001498      0x128 Drivers\STM32F1xx_HAL_Driver\Src\stm32f1xx_hal_dma.o
                0x08001498                HAL_DMA_IRQHandler
 .text.FLASH_SetErrorCode
                0x080015c0       0x50 Drivers\STM32F1xx_HAL_Driver\Src\stm32f1xx_hal_flash.o
 .text.HAL_FLASH_Unlock
                0x08001610       0x24 Drivers\STM32F1xx_HAL_Driver\Src\stm32f1xx_hal_flash.o
                0x08001610                HAL_FLASH_Unlock
 .text.HAL_FLASH_Lock
                0x08001634       0x14 Drivers\STM32F1xx_HAL_Driver\Src\stm32f1xx_hal_flash.o
                0x08001634                HAL_FLASH_Lock
 .text.FLASH_WaitForLastOperation
                0x08001648       0x54 Drivers\STM32F1xx_HAL_Driver\Src\stm32f1xx_hal_flash.o
                0x08001648                FLASH_WaitForLastOperation
 .text.HAL_FLASH_Program
                0x0800169c       0x8c Drivers\STM32F1xx_HAL_Driver\Src\stm32f1xx_hal_flash.o
                0x0800169c                HAL_FLASH_Program
 .text.FLASH_MassErase.isra.0
                0x08001728       0x24 Drivers\STM32F1xx_HAL_Driver\Src\stm32f1xx_hal_flash_ex.o
 .text.FLASH_PageErase
                0x0800174c       0x24 Drivers\STM32F1xx_HAL_Driver\Src\stm32f1xx_hal_flash_ex.o
                0x0800174c                FLASH_PageErase
 .text.HAL_FLASHEx_Erase
                0x08001770       0x9c Drivers\STM32F1xx_HAL_Driver\Src\stm32f1xx_hal_flash_ex.o
                0x08001770                HAL_FLASHEx_Erase
 .text.HAL_GPIO_Init
                0x0800180c      0x1c0 Drivers\STM32F1xx_HAL_Driver\Src\stm32f1xx_hal_gpio.o
                0x0800180c                HAL_GPIO_Init
 .text.HAL_GPIO_DeInit
                0x080019cc       0xe0 Drivers\STM32F1xx_HAL_Driver\Src\stm32f1xx_hal_gpio.o
                0x080019cc                HAL_GPIO_DeInit
 .text.HAL_GPIO_ReadPin
                0x08001aac        0xc Drivers\STM32F1xx_HAL_Driver\Src\stm32f1xx_hal_gpio.o
                0x08001aac                HAL_GPIO_ReadPin
 .text.HAL_GPIO_WritePin
                0x08001ab8        0xa Drivers\STM32F1xx_HAL_Driver\Src\stm32f1xx_hal_gpio.o
                0x08001ab8                HAL_GPIO_WritePin
 .text.HAL_GPIO_TogglePin
                0x08001ac2        0x8 Drivers\STM32F1xx_HAL_Driver\Src\stm32f1xx_hal_gpio.o
                0x08001ac2                HAL_GPIO_TogglePin
 .text.HAL_IWDG_Init
                0x08001aca       0x42 Drivers\STM32F1xx_HAL_Driver\Src\stm32f1xx_hal_iwdg.o
                0x08001aca                HAL_IWDG_Init
 .text.HAL_IWDG_Refresh
                0x08001b0c        0xc Drivers\STM32F1xx_HAL_Driver\Src\stm32f1xx_hal_iwdg.o
                0x08001b0c                HAL_IWDG_Refresh
 .text.HAL_RCC_OscConfig
                0x08001b18      0x318 Drivers\STM32F1xx_HAL_Driver\Src\stm32f1xx_hal_rcc.o
                0x08001b18                HAL_RCC_OscConfig
 .text.HAL_RCC_GetSysClockFreq
                0x08001e30       0x78 Drivers\STM32F1xx_HAL_Driver\Src\stm32f1xx_hal_rcc.o
                0x08001e30                HAL_RCC_GetSysClockFreq
 .text.HAL_RCC_ClockConfig
                0x08001ea8      0x148 Drivers\STM32F1xx_HAL_Driver\Src\stm32f1xx_hal_rcc.o
                0x08001ea8                HAL_RCC_ClockConfig
 .text.HAL_RCC_GetHCLKFreq
                0x08001ff0        0xc Drivers\STM32F1xx_HAL_Driver\Src\stm32f1xx_hal_rcc.o
                0x08001ff0                HAL_RCC_GetHCLKFreq
 .text.HAL_RCC_GetPCLK1Freq
                0x08001ffc       0x20 Drivers\STM32F1xx_HAL_Driver\Src\stm32f1xx_hal_rcc.o
                0x08001ffc                HAL_RCC_GetPCLK1Freq
 .text.HAL_RCC_GetPCLK2Freq
                0x0800201c       0x20 Drivers\STM32F1xx_HAL_Driver\Src\stm32f1xx_hal_rcc.o
                0x0800201c                HAL_RCC_GetPCLK2Freq
 .text.HAL_RCCEx_PeriphCLKConfig
                0x0800203c       0xf0 Drivers\STM32F1xx_HAL_Driver\Src\stm32f1xx_hal_rcc_ex.o
                0x0800203c                HAL_RCCEx_PeriphCLKConfig
 .text.SPI_WaitFlagStateUntilTimeout
                0x0800212c       0x8e Drivers\STM32F1xx_HAL_Driver\Src\stm32f1xx_hal_spi.o
 .text.SPI_CheckFlag_BSY
                0x080021ba       0x20 Drivers\STM32F1xx_HAL_Driver\Src\stm32f1xx_hal_spi.o
 .text.HAL_SPI_Transmit
                0x080021da      0x152 Drivers\STM32F1xx_HAL_Driver\Src\stm32f1xx_hal_spi.o
                0x080021da                HAL_SPI_Transmit
 .text.HAL_SPI_TransmitReceive
                0x0800232c      0x1fa Drivers\STM32F1xx_HAL_Driver\Src\stm32f1xx_hal_spi.o
                0x0800232c                HAL_SPI_TransmitReceive
 .text.HAL_SPI_Receive
                0x08002526      0x13e Drivers\STM32F1xx_HAL_Driver\Src\stm32f1xx_hal_spi.o
                0x08002526                HAL_SPI_Receive
 .text.HAL_SPI_Init
                0x08002664       0x76 Drivers\STM32F1xx_HAL_Driver\Src\stm32f1xx_hal_spi_ex.o
                0x08002664                HAL_SPI_Init
 .text.HAL_TIM_Base_Start
                0x080026da       0x1a Drivers\STM32F1xx_HAL_Driver\Src\stm32f1xx_hal_tim.o
                0x080026da                HAL_TIM_Base_Start
 .text.HAL_TIM_Base_Stop
                0x080026f4       0x2e Drivers\STM32F1xx_HAL_Driver\Src\stm32f1xx_hal_tim.o
                0x080026f4                HAL_TIM_Base_Stop
 .text.HAL_TIM_Base_Start_IT
                0x08002722       0x16 Drivers\STM32F1xx_HAL_Driver\Src\stm32f1xx_hal_tim.o
                0x08002722                HAL_TIM_Base_Start_IT
 .text.HAL_TIM_ConfigClockSource
                0x08002738      0x172 Drivers\STM32F1xx_HAL_Driver\Src\stm32f1xx_hal_tim.o
                0x08002738                HAL_TIM_ConfigClockSource
 .text.HAL_TIM_OC_DelayElapsedCallback
                0x080028aa        0x2 Drivers\STM32F1xx_HAL_Driver\Src\stm32f1xx_hal_tim.o
                0x080028aa                HAL_TIM_OC_DelayElapsedCallback
 .text.HAL_TIM_IC_CaptureCallback
                0x080028ac        0x2 Drivers\STM32F1xx_HAL_Driver\Src\stm32f1xx_hal_tim.o
                0x080028ac                HAL_TIM_IC_CaptureCallback
 .text.HAL_TIM_PWM_PulseFinishedCallback
                0x080028ae        0x2 Drivers\STM32F1xx_HAL_Driver\Src\stm32f1xx_hal_tim.o
                0x080028ae                HAL_TIM_PWM_PulseFinishedCallback
 .text.HAL_TIM_TriggerCallback
                0x080028b0        0x2 Drivers\STM32F1xx_HAL_Driver\Src\stm32f1xx_hal_tim.o
                0x080028b0                HAL_TIM_TriggerCallback
 .text.HAL_TIM_IRQHandler
                0x080028b2      0x144 Drivers\STM32F1xx_HAL_Driver\Src\stm32f1xx_hal_tim.o
                0x080028b2                HAL_TIM_IRQHandler
 *fill*         0x080029f6        0x2 
 .text.TIM_Base_SetConfig
                0x080029f8       0x70 Drivers\STM32F1xx_HAL_Driver\Src\stm32f1xx_hal_tim.o
                0x080029f8                TIM_Base_SetConfig
 .text.HAL_TIM_Base_Init
                0x08002a68       0x34 Drivers\STM32F1xx_HAL_Driver\Src\stm32f1xx_hal_tim.o
                0x08002a68                HAL_TIM_Base_Init
 .text.HAL_TIMEx_MasterConfigSynchronization
                0x08002a9c       0x44 Drivers\STM32F1xx_HAL_Driver\Src\stm32f1xx_hal_tim_ex.o
                0x08002a9c                HAL_TIMEx_MasterConfigSynchronization
 .text.HAL_TIMEx_CommutationCallback
                0x08002ae0        0x2 Drivers\STM32F1xx_HAL_Driver\Src\stm32f1xx_hal_tim_ex.o
                0x08002ae0                HAL_TIMEx_CommutationCallback
 .text.HAL_TIMEx_BreakCallback
                0x08002ae2        0x2 Drivers\STM32F1xx_HAL_Driver\Src\stm32f1xx_hal_tim_ex.o
                0x08002ae2                HAL_TIMEx_BreakCallback
 .text.UART_EndRxTransfer
                0x08002ae4       0x1a Drivers\STM32F1xx_HAL_Driver\Src\stm32f1xx_hal_uart.o
 *fill*         0x08002afe        0x2 
 .text.UART_SetConfig
                0x08002b00      0x13c Drivers\STM32F1xx_HAL_Driver\Src\stm32f1xx_hal_uart.o
 .text.UART_WaitOnFlagUntilTimeout.constprop.3
                0x08002c3c       0x50 Drivers\STM32F1xx_HAL_Driver\Src\stm32f1xx_hal_uart.o
 .text.HAL_UART_Init
                0x08002c8c       0x5c Drivers\STM32F1xx_HAL_Driver\Src\stm32f1xx_hal_uart.o
                0x08002c8c                HAL_UART_Init
 .text.HAL_UART_Transmit
                0x08002ce8       0xb8 Drivers\STM32F1xx_HAL_Driver\Src\stm32f1xx_hal_uart.o
                0x08002ce8                HAL_UART_Transmit
 .text.HAL_UART_Receive
                0x08002da0       0xbe Drivers\STM32F1xx_HAL_Driver\Src\stm32f1xx_hal_uart.o
                0x08002da0                HAL_UART_Receive
 *fill*         0x08002e5e        0x2 
 .text.HAL_UART_Transmit_DMA
                0x08002e60       0x74 Drivers\STM32F1xx_HAL_Driver\Src\stm32f1xx_hal_uart.o
                0x08002e60                HAL_UART_Transmit_DMA
 .text.HAL_UART_Receive_DMA
                0x08002ed4       0x90 Drivers\STM32F1xx_HAL_Driver\Src\stm32f1xx_hal_uart.o
                0x08002ed4                HAL_UART_Receive_DMA
 .text.HAL_UART_DMAStop
                0x08002f64       0x5e Drivers\STM32F1xx_HAL_Driver\Src\stm32f1xx_hal_uart.o
                0x08002f64                HAL_UART_DMAStop
 .text.UART_DMATransmitCplt
                0x08002fc2       0x2c Drivers\STM32F1xx_HAL_Driver\Src\stm32f1xx_hal_uart.o
 .text.HAL_UART_TxHalfCpltCallback
                0x08002fee        0x2 Drivers\STM32F1xx_HAL_Driver\Src\stm32f1xx_hal_uart.o
                0x08002fee                HAL_UART_TxHalfCpltCallback
 .text.UART_DMATxHalfCplt
                0x08002ff0        0xa Drivers\STM32F1xx_HAL_Driver\Src\stm32f1xx_hal_uart.o
 .text.HAL_UART_RxCpltCallback
                0x08002ffa        0x2 Drivers\STM32F1xx_HAL_Driver\Src\stm32f1xx_hal_uart.o
                0x08002ffa                HAL_UART_RxCpltCallback
 .text.UART_DMAReceiveCplt
                0x08002ffc       0x38 Drivers\STM32F1xx_HAL_Driver\Src\stm32f1xx_hal_uart.o
 .text.UART_Receive_IT
                0x08003034       0x7c Drivers\STM32F1xx_HAL_Driver\Src\stm32f1xx_hal_uart.o
 .text.HAL_UART_RxHalfCpltCallback
                0x080030b0        0x2 Drivers\STM32F1xx_HAL_Driver\Src\stm32f1xx_hal_uart.o
                0x080030b0                HAL_UART_RxHalfCpltCallback
 .text.UART_DMARxHalfCplt
                0x080030b2        0xa Drivers\STM32F1xx_HAL_Driver\Src\stm32f1xx_hal_uart.o
 .text.HAL_UART_ErrorCallback
                0x080030bc        0x2 Drivers\STM32F1xx_HAL_Driver\Src\stm32f1xx_hal_uart.o
                0x080030bc                HAL_UART_ErrorCallback
 .text.UART_DMAError
                0x080030be       0x4e Drivers\STM32F1xx_HAL_Driver\Src\stm32f1xx_hal_uart.o
 .text.HAL_UART_IRQHandler
                0x0800310c      0x140 Drivers\STM32F1xx_HAL_Driver\Src\stm32f1xx_hal_uart.o
                0x0800310c                HAL_UART_IRQHandler
 .text.UART_DMAAbortOnError
                0x0800324c       0x10 Drivers\STM32F1xx_HAL_Driver\Src\stm32f1xx_hal_uart.o
 .text.WirelessSend
                0x0800325c       0x28 Src\WirelessNetwork.o
                0x0800325c                WirelessSend
 .text.Router_List_Addr_Add
                0x08003284       0x34 Src\WirelessNetwork.o
                0x08003284                Router_List_Addr_Add
 .text.Router_List_Addr_Find
                0x080032b8       0x1c Src\WirelessNetwork.o
                0x080032b8                Router_List_Addr_Find
 .text.DataDistributionToChilds
                0x080032d4       0x5c Src\WirelessNetwork.o
                0x080032d4                DataDistributionToChilds
 .text.Router_List_Addr_Delete
                0x08003330       0x24 Src\WirelessNetwork.o
                0x08003330                Router_List_Addr_Delete
 .text.Router_List_HeartBeat_Flash
                0x08003354       0x28 Src\WirelessNetwork.o
                0x08003354                Router_List_HeartBeat_Flash
 .text.HeartBeat_Poll
                0x0800337c       0xc4 Src\WirelessNetwork.o
                0x0800337c                HeartBeat_Poll
 .text.WPAN_Startup
                0x08003440      0x264 Src\WirelessNetwork.o
                0x08003440                WPAN_Startup
 .text.DS18B20_Mode_Out_PP
                0x080036a4       0x24 Src\bsp_DS18B20.o
 .text.DS18B20_Mode_IPU
                0x080036c8       0x20 Src\bsp_DS18B20.o
 .text.delay_us
                0x080036e8       0x34 Src\bsp_DS18B20.o
                0x080036e8                delay_us
 .text.DS18B20_Delay
                0x0800371c        0x4 Src\bsp_DS18B20.o
 .text.DS18B20_Rst
                0x08003720       0x38 Src\bsp_DS18B20.o
 .text.DS18B20_Presence
                0x08003758       0x5c Src\bsp_DS18B20.o
 .text.DS18B20_WriteByte
                0x080037b4       0x68 Src\bsp_DS18B20.o
 .text.DS18B20_ReadByte
                0x0800381c       0x50 Src\bsp_DS18B20.o
 .text.DS18B20_Init
                0x0800386c       0x3c Src\bsp_DS18B20.o
                0x0800386c                DS18B20_Init
 .text.DS18B20_GetTemp_SkipRom
                0x080038a8       0x64 Src\bsp_DS18B20.o
                0x080038a8                DS18B20_GetTemp_SkipRom
 .text.RandomDelay
                0x0800390c       0x42 Src\device.o
                0x0800390c                RandomDelay
 *fill*         0x0800394e        0x2 
 .text.WirelessModuleConfig
                0x08003950      0x118 Src\device.o
                0x08003950                WirelessModuleConfig
 .text.E32_Moudle_Config
                0x08003a68      0x150 Src\device.o
                0x08003a68                E32_Moudle_Config
 .text.pvScanInternalDiscrete
                0x08003bb8       0x7c Src\device.o
                0x08003bb8                pvScanInternalDiscrete
 .text.DeviceInit
                0x08003c34       0xe4 Src\device.o
                0x08003c34                DeviceInit
 .text.DataStreamPrecessing
                0x08003d18      0x1f8 Src\device.o
                0x08003d18                DataStreamPrecessing
 .text.HAL_UART_TxCpltCallback
                0x08003f10       0x2c Src\device.o
                0x08003f10                HAL_UART_TxCpltCallback
 .text.MX_DMA_Init
                0x08003f3c       0x80 Src\dma.o
                0x08003f3c                MX_DMA_Init
 .text.save_config
                0x08003fbc       0x54 Src\flash.o
                0x08003fbc                save_config
 .text.load_configuration
                0x08004010        0xc Src\flash.o
                0x08004010                load_configuration
 .text.MX_GPIO_Init
                0x0800401c      0x124 Src\gpio.o
                0x0800401c                MX_GPIO_Init
 .text.iic_Stop
                0x08004140       0x40 Src\iic.o
 .text.iic_Start
                0x08004180       0x5c Src\iic.o
 .text.iic_Wait_ACK
                0x080041dc       0x64 Src\iic.o
                0x080041dc                iic_Wait_ACK
 .text.iic_Send_Byte
                0x08004240       0x5c Src\iic.o
                0x08004240                iic_Send_Byte
 .text.iic_Rev_Byte
                0x0800429c       0x60 Src\iic.o
                0x0800429c                iic_Rev_Byte
 .text.iic_FRAM_BufferWrite
                0x080042fc       0x60 Src\iic.o
                0x080042fc                iic_FRAM_BufferWrite
 .text.iic_FRAM_BufferRead
                0x0800435c       0xec Src\iic.o
                0x0800435c                iic_FRAM_BufferRead
 .text.MX_IWDG_Init
                0x08004448       0x30 Src\iwdg.o
                0x08004448                MX_IWDG_Init
 .text.SystemClock_Config
                0x08004478       0x86 Src\main.o
                0x08004478                SystemClock_Config
 *fill*         0x080044fe        0x2 
 .text.startup.main
                0x08004500       0xe4 Src\main.o
                0x08004500                main
 .text._Error_Handler
                0x080045e4        0x2 Src\main.o
                0x080045e4                _Error_Handler
 .text.SWITCH_Action
                0x080045e6       0x2a Src\modbus_user.o
                0x080045e6                SWITCH_Action
 .text.Config_Cmd_Deal
                0x08004610       0x80 Src\modbus_user.o
                0x08004610                Config_Cmd_Deal
 .text.modbusTransimt
                0x08004690       0x7c Src\modbus_user.o
                0x08004690                modbusTransimt
 .text.meterDataDeal
                0x0800470c       0xb8 Src\modbus_user.o
                0x0800470c                meterDataDeal
 .text.eMBRegInputCB
                0x080047c4       0x88 Src\modbus_user.o
                0x080047c4                eMBRegInputCB
 .text.eMBRegHoldingCB
                0x0800484c       0x80 Src\modbus_user.o
                0x0800484c                eMBRegHoldingCB
 .text.eMBRegCoilsCB
                0x080048cc      0x110 Src\modbus_user.o
                0x080048cc                eMBRegCoilsCB
 .text.eMBRegDiscreteCB
                0x080049dc        0x4 Src\modbus_user.o
                0x080049dc                eMBRegDiscreteCB
 .text.HAL_TIM_PeriodElapsedCallback
                0x080049e0       0x68 Src\modbus_user.o
                0x080049e0                HAL_TIM_PeriodElapsedCallback
 .text.MX_SPI1_Init
                0x08004a48       0x50 Src\spi.o
                0x08004a48                MX_SPI1_Init
 .text.HAL_SPI_MspInit
                0x08004a98       0x54 Src\spi.o
                0x08004a98                HAL_SPI_MspInit
 .text.RN8302_WriteReg
                0x08004aec      0x150 Src\spi_network.o
 .text.RN8302_ReadReg.part.0
                0x08004c3c      0x164 Src\spi_network.o
 .text.RN8302SpiScanData
                0x08004da0      0x220 Src\spi_network.o
                0x08004da0                RN8302SpiScanData
 .text.RN8302_Init
                0x08004fc0      0x1c8 Src\spi_network.o
                0x08004fc0                RN8302_Init
 .text.ParameterVerification
                0x08005188      0x2f0 Src\spi_network.o
                0x08005188                ParameterVerification
 .text.HAL_MspInit
                0x08005478       0x8c Src\stm32f1xx_hal_msp.o
                0x08005478                HAL_MspInit
 .text.NMI_Handler
                0x08005504        0x2 Src\stm32f1xx_it.o
                0x08005504                NMI_Handler
 .text.HardFault_Handler
                0x08005506        0x2 Src\stm32f1xx_it.o
                0x08005506                HardFault_Handler
 .text.MemManage_Handler
                0x08005508        0x2 Src\stm32f1xx_it.o
                0x08005508                MemManage_Handler
 .text.BusFault_Handler
                0x0800550a        0x2 Src\stm32f1xx_it.o
                0x0800550a                BusFault_Handler
 .text.UsageFault_Handler
                0x0800550c        0x2 Src\stm32f1xx_it.o
                0x0800550c                UsageFault_Handler
 .text.SVC_Handler
                0x0800550e        0x2 Src\stm32f1xx_it.o
                0x0800550e                SVC_Handler
 .text.DebugMon_Handler
                0x08005510        0x2 Src\stm32f1xx_it.o
                0x08005510                DebugMon_Handler
 .text.PendSV_Handler
                0x08005512        0x2 Src\stm32f1xx_it.o
                0x08005512                PendSV_Handler
 .text.SysTick_Handler
                0x08005514        0xe Src\stm32f1xx_it.o
                0x08005514                SysTick_Handler
 *fill*         0x08005522        0x2 
 .text.DMA1_Channel2_IRQHandler
                0x08005524        0xc Src\stm32f1xx_it.o
                0x08005524                DMA1_Channel2_IRQHandler
 .text.DMA1_Channel3_IRQHandler
                0x08005530        0xc Src\stm32f1xx_it.o
                0x08005530                DMA1_Channel3_IRQHandler
 .text.DMA1_Channel4_IRQHandler
                0x0800553c        0xc Src\stm32f1xx_it.o
                0x0800553c                DMA1_Channel4_IRQHandler
 .text.DMA1_Channel5_IRQHandler
                0x08005548        0xc Src\stm32f1xx_it.o
                0x08005548                DMA1_Channel5_IRQHandler
 .text.DMA1_Channel6_IRQHandler
                0x08005554        0xc Src\stm32f1xx_it.o
                0x08005554                DMA1_Channel6_IRQHandler
 .text.DMA1_Channel7_IRQHandler
                0x08005560        0xc Src\stm32f1xx_it.o
                0x08005560                DMA1_Channel7_IRQHandler
 .text.TIM2_IRQHandler
                0x0800556c        0xc Src\stm32f1xx_it.o
                0x0800556c                TIM2_IRQHandler
 .text.TIM3_IRQHandler
                0x08005578        0xc Src\stm32f1xx_it.o
                0x08005578                TIM3_IRQHandler
 .text.USART1_IRQHandler
                0x08005584       0x54 Src\stm32f1xx_it.o
                0x08005584                USART1_IRQHandler
 .text.USART2_IRQHandler
                0x080055d8       0x94 Src\stm32f1xx_it.o
                0x080055d8                USART2_IRQHandler
 .text.USART3_IRQHandler
                0x0800566c       0x94 Src\stm32f1xx_it.o
                0x0800566c                USART3_IRQHandler
 .text._getpid  0x08005700        0x4 Src\syscalls.o
                0x08005700                _getpid
 .text._kill    0x08005704       0x10 Src\syscalls.o
                0x08005704                _kill
 .text._exit    0x08005714        0xc Src\syscalls.o
                0x08005714                _exit
 .text._read    0x08005720       0x1c Src\syscalls.o
                0x08005720                _read
 .text._write   0x0800573c       0x1c Src\syscalls.o
                0x0800573c                _write
 .text._sbrk    0x08005758       0x34 Src\syscalls.o
                0x08005758                _sbrk
 .text._close   0x0800578c        0x6 Src\syscalls.o
                0x0800578c                _close
 .text._fstat   0x08005792        0xa Src\syscalls.o
                0x08005792                _fstat
 .text._isatty  0x0800579c        0x4 Src\syscalls.o
                0x0800579c                _isatty
 .text._lseek   0x080057a0        0x4 Src\syscalls.o
                0x080057a0                _lseek
 .text.SystemInit
                0x080057a4       0x4c Src\system_stm32f1xx.o
                0x080057a4                SystemInit
 .text.MX_TIM2_Init
                0x080057f0       0x70 Src\tim.o
                0x080057f0                MX_TIM2_Init
 .text.MX_TIM3_Init
                0x08005860       0x70 Src\tim.o
                0x08005860                MX_TIM3_Init
 .text.MX_TIM4_Init
                0x080058d0       0x6c Src\tim.o
                0x080058d0                MX_TIM4_Init
 .text.HAL_TIM_Base_MspInit
                0x0800593c       0x88 Src\tim.o
                0x0800593c                HAL_TIM_Base_MspInit
 .text.MX_USART1_UART_Init
                0x080059c4       0x40 Src\usart.o
                0x080059c4                MX_USART1_UART_Init
 .text.MX_USART2_UART_Init
                0x08005a04       0x40 Src\usart.o
                0x08005a04                MX_USART2_UART_Init
 .text.MX_USART3_UART_Init
                0x08005a44       0x40 Src\usart.o
                0x08005a44                MX_USART3_UART_Init
 .text.HAL_UART_MspInit
                0x08005a84      0x278 Src\usart.o
                0x08005a84                HAL_UART_MspInit
 .text.HAL_UART_MspDeInit
                0x08005cfc       0xa4 Src\usart.o
                0x08005cfc                HAL_UART_MspDeInit
 .text.__io_putchar
                0x08005da0       0x20 Src\usart.o
                0x08005da0                __io_putchar
 .text.Float2Char
                0x08005dc0      0x150 Src\user_cmd.o
                0x08005dc0                Float2Char
 .text.command_add
                0x08005f10       0x44 Src\user_cmd.o
                0x08005f10                command_add
 .text.command_match
                0x08005f54       0x30 Src\user_cmd.o
                0x08005f54                command_match
 .text.user_Command1
                0x08005f84       0x38 Src\user_cmd.o
                0x08005f84                user_Command1
 .text.user_Command2
                0x08005fbc       0x2c Src\user_cmd.o
                0x08005fbc                user_Command2
 .text.user_paraPrintf
                0x08005fe8      0x388 Src\user_cmd.o
                0x08005fe8                user_paraPrintf
 .text.user_readTemperature
                0x08006370       0x5c Src\user_cmd.o
                0x08006370                user_readTemperature
 .text.user_ClearEnergy
                0x080063cc      0x148 Src\user_cmd.o
                0x080063cc                user_ClearEnergy
 .text.user_ReadData
                0x08006514       0x9c Src\user_cmd.o
                0x08006514                user_ReadData
 .text.user_MeterCheck
                0x080065b0       0xbc Src\user_cmd.o
                0x080065b0                user_MeterCheck
 .text.UserConfig_Init
                0x0800666c       0xd4 Src\user_config.o
                0x0800666c                UserConfig_Init
 .text.UserHandle
                0x08006740      0x168 Src\user_config.o
                0x08006740                UserHandle
 .text.xMBPortEventInit
                0x080068a8       0x10 freemodbus\demo\STM32F103C8\port\portevent.o
                0x080068a8                xMBPortEventInit
 .text.xMBPortEventPost
                0x080068b8       0x18 freemodbus\demo\STM32F103C8\port\portevent.o
                0x080068b8                xMBPortEventPost
 .text.xMBPortEventGet
                0x080068d0       0x20 freemodbus\demo\STM32F103C8\port\portevent.o
                0x080068d0                xMBPortEventGet
 .text.vMBPortSerialEnable
                0x080068f0       0x9c freemodbus\demo\STM32F103C8\port\portserial.o
                0x080068f0                vMBPortSerialEnable
 .text.xMBPortSerialInit
                0x0800698c        0xe freemodbus\demo\STM32F103C8\port\portserial.o
                0x0800698c                xMBPortSerialInit
 .text.xMBPortTimersInit
                0x0800699a        0x4 freemodbus\demo\STM32F103C8\port\porttimer.o
                0x0800699a                xMBPortTimersInit
 .text.eMBFuncReadCoils
                0x0800699e       0x6c freemodbus\modbus\functions\mbfunccoils.o
                0x0800699e                eMBFuncReadCoils
 .text.eMBFuncWriteCoil
                0x08006a0a       0x4a freemodbus\modbus\functions\mbfunccoils.o
                0x08006a0a                eMBFuncWriteCoil
 .text.eMBFuncWriteMultipleCoils
                0x08006a54       0x58 freemodbus\modbus\functions\mbfunccoils.o
                0x08006a54                eMBFuncWriteMultipleCoils
 .text.eMBFuncReadDiscreteInputs
                0x08006aac       0x6a freemodbus\modbus\functions\mbfuncdisc.o
                0x08006aac                eMBFuncReadDiscreteInputs
 .text.eMBFuncWriteHoldingRegister
                0x08006b16       0x2e freemodbus\modbus\functions\mbfuncholding.o
                0x08006b16                eMBFuncWriteHoldingRegister
 .text.eMBFuncWriteMultipleHoldingRegister
                0x08006b44       0x4a freemodbus\modbus\functions\mbfuncholding.o
                0x08006b44                eMBFuncWriteMultipleHoldingRegister
 .text.eMBFuncReadHoldingRegister
                0x08006b8e       0x58 freemodbus\modbus\functions\mbfuncholding.o
                0x08006b8e                eMBFuncReadHoldingRegister
 .text.eMBFuncReadWriteMultipleHoldingRegister
                0x08006be6       0x9c freemodbus\modbus\functions\mbfuncholding.o
                0x08006be6                eMBFuncReadWriteMultipleHoldingRegister
 .text.eMBFuncReadInputRegister
                0x08006c82       0x58 freemodbus\modbus\functions\mbfuncinput.o
                0x08006c82                eMBFuncReadInputRegister
 *fill*         0x08006cda        0x2 
 .text.eMBFuncReportSlaveID
                0x08006cdc       0x24 freemodbus\modbus\functions\mbfuncother.o
                0x08006cdc                eMBFuncReportSlaveID
 .text.xMBUtilSetBits
                0x08006d00       0x38 freemodbus\modbus\functions\mbutils.o
                0x08006d00                xMBUtilSetBits
 .text.xMBUtilGetBits
                0x08006d38       0x22 freemodbus\modbus\functions\mbutils.o
                0x08006d38                xMBUtilGetBits
 *fill*         0x08006d5a        0x2 
 .text.prveMBError2Exception
                0x08006d5c       0x10 freemodbus\modbus\functions\mbutils.o
                0x08006d5c                prveMBError2Exception
 .text.eMBInit  0x08006d6c       0x8c freemodbus\modbus\mb.o
                0x08006d6c                eMBInit
 .text.eMBEnable
                0x08006df8       0x14 freemodbus\modbus\mb.o
                0x08006df8                eMBEnable
 .text.eMBPoll  0x08006e0c      0x11c freemodbus\modbus\mb.o
                0x08006e0c                eMBPoll
 .text.usMBCRC16
                0x08006f28       0x2c freemodbus\modbus\rtu\mbcrc.o
                0x08006f28                usMBCRC16
 .text.eMBRTUInit
                0x08006f54       0x44 freemodbus\modbus\rtu\mbrtu.o
                0x08006f54                eMBRTUInit
 .text.eMBRTUReceive
                0x08006f98       0x78 freemodbus\modbus\rtu\mbrtu.o
                0x08006f98                eMBRTUReceive
 .text.eMBRTUSend
                0x08007010       0x58 freemodbus\modbus\rtu\mbrtu.o
                0x08007010                eMBRTUSend
 .text.xMBRTUReceiveFSM
                0x08007068        0x4 freemodbus\modbus\rtu\mbrtu.o
                0x08007068                xMBRTUReceiveFSM
 .text.xMBRTUTransmitFSM
                0x0800706c        0x4 freemodbus\modbus\rtu\mbrtu.o
                0x0800706c                xMBRTUTransmitFSM
 .text.xMBRTUTimerT35Expired
                0x08007070        0x4 freemodbus\modbus\rtu\mbrtu.o
                0x08007070                xMBRTUTimerT35Expired
 .text.Reset_Handler
                0x08007074       0x48 startup\startup_stm32f103xb.o
                0x08007074                Reset_Handler
 .text.Default_Handler
                0x080070bc        0x2 startup\startup_stm32f103xb.o
                0x080070bc                RTC_Alarm_IRQHandler
                0x080070bc                EXTI2_IRQHandler
                0x080070bc                TIM1_CC_IRQHandler
                0x080070bc                PVD_IRQHandler
                0x080070bc                EXTI3_IRQHandler
                0x080070bc                EXTI0_IRQHandler
                0x080070bc                I2C2_EV_IRQHandler
                0x080070bc                ADC1_2_IRQHandler
                0x080070bc                SPI1_IRQHandler
                0x080070bc                TAMPER_IRQHandler
                0x080070bc                RTC_IRQHandler
                0x080070bc                CAN1_RX1_IRQHandler
                0x080070bc                TIM4_IRQHandler
                0x080070bc                I2C1_EV_IRQHandler
                0x080070bc                RCC_IRQHandler
                0x080070bc                TIM1_TRG_COM_IRQHandler
                0x080070bc                DMA1_Channel1_IRQHandler
                0x080070bc                Default_Handler
                0x080070bc                EXTI15_10_IRQHandler
                0x080070bc                EXTI9_5_IRQHandler
                0x080070bc                SPI2_IRQHandler
                0x080070bc                EXTI4_IRQHandler
                0x080070bc                USB_LP_CAN1_RX0_IRQHandler
                0x080070bc                USB_HP_CAN1_TX_IRQHandler
                0x080070bc                TIM1_UP_IRQHandler
                0x080070bc                WWDG_IRQHandler
                0x080070bc                TIM1_BRK_IRQHandler
                0x080070bc                EXTI1_IRQHandler
                0x080070bc                I2C2_ER_IRQHandler
                0x080070bc                CAN1_SCE_IRQHandler
                0x080070bc                FLASH_IRQHandler
                0x080070bc                I2C1_ER_IRQHandler
                0x080070bc                USBWakeUp_IRQHandler
 *fill*         0x080070be        0x2 
 .text.__assert_func
                0x080070c0       0x3c f:/soft ware/turestudio/truestudio for stm32 9.0.1/armtools/bin/../lib/gcc/arm-atollic-eabi/6.3.1/../../../../arm-atollic-eabi/lib/armv7-m\libc_nano.a(lib_a-assert.o)
                0x080070c0                __assert_func
 .text.fprintf  0x080070fc       0x24 f:/soft ware/turestudio/truestudio for stm32 9.0.1/armtools/bin/../lib/gcc/arm-atollic-eabi/6.3.1/../../../../arm-atollic-eabi/lib/armv7-m\libc_nano.a(lib_a-fprintf.o)
                0x080070fc                fiprintf
                0x080070fc                fprintf
 .text.__libc_init_array
                0x08007120       0x48 f:/soft ware/turestudio/truestudio for stm32 9.0.1/armtools/bin/../lib/gcc/arm-atollic-eabi/6.3.1/../../../../arm-atollic-eabi/lib/armv7-m\libc_nano.a(lib_a-init.o)
                0x08007120                __libc_init_array
 .text.malloc   0x08007168       0x10 f:/soft ware/turestudio/truestudio for stm32 9.0.1/armtools/bin/../lib/gcc/arm-atollic-eabi/6.3.1/../../../../arm-atollic-eabi/lib/armv7-m\libc_nano.a(lib_a-malloc.o)
                0x08007168                malloc
 .text.free     0x08007178       0x10 f:/soft ware/turestudio/truestudio for stm32 9.0.1/armtools/bin/../lib/gcc/arm-atollic-eabi/6.3.1/../../../../arm-atollic-eabi/lib/armv7-m\libc_nano.a(lib_a-malloc.o)
                0x08007178                free
 .text.memcmp   0x08007188       0x1e f:/soft ware/turestudio/truestudio for stm32 9.0.1/armtools/bin/../lib/gcc/arm-atollic-eabi/6.3.1/../../../../arm-atollic-eabi/lib/armv7-m\libc_nano.a(lib_a-memcmp.o)
                0x08007188                memcmp
 .text.memcpy   0x080071a6       0x16 f:/soft ware/turestudio/truestudio for stm32 9.0.1/armtools/bin/../lib/gcc/arm-atollic-eabi/6.3.1/../../../../arm-atollic-eabi/lib/armv7-m\libc_nano.a(lib_a-memcpy-stub.o)
                0x080071a6                memcpy
 .text.memset   0x080071bc       0x10 f:/soft ware/turestudio/truestudio for stm32 9.0.1/armtools/bin/../lib/gcc/arm-atollic-eabi/6.3.1/../../../../arm-atollic-eabi/lib/armv7-m\libc_nano.a(lib_a-memset.o)
                0x080071bc                memset
 .text._free_r  0x080071cc       0x98 f:/soft ware/turestudio/truestudio for stm32 9.0.1/armtools/bin/../lib/gcc/arm-atollic-eabi/6.3.1/../../../../arm-atollic-eabi/lib/armv7-m\libc_nano.a(lib_a-nano-freer.o)
                0x080071cc                _free_r
 .text._malloc_r
                0x08007264       0xbc f:/soft ware/turestudio/truestudio for stm32 9.0.1/armtools/bin/../lib/gcc/arm-atollic-eabi/6.3.1/../../../../arm-atollic-eabi/lib/armv7-m\libc_nano.a(lib_a-nano-mallocr.o)
                0x08007264                _malloc_r
 .text.__sfputc_r
                0x08007320       0x2c f:/soft ware/turestudio/truestudio for stm32 9.0.1/armtools/bin/../lib/gcc/arm-atollic-eabi/6.3.1/../../../../arm-atollic-eabi/lib/armv7-m\libc_nano.a(lib_a-nano-vfprintf.o)
 .text.__sfputs_r
                0x0800734c       0x24 f:/soft ware/turestudio/truestudio for stm32 9.0.1/armtools/bin/../lib/gcc/arm-atollic-eabi/6.3.1/../../../../arm-atollic-eabi/lib/armv7-m\libc_nano.a(lib_a-nano-vfprintf.o)
                0x0800734c                __sfputs_r
 .text._vfprintf_r
                0x08007370      0x22c f:/soft ware/turestudio/truestudio for stm32 9.0.1/armtools/bin/../lib/gcc/arm-atollic-eabi/6.3.1/../../../../arm-atollic-eabi/lib/armv7-m\libc_nano.a(lib_a-nano-vfprintf.o)
                0x08007370                _vfprintf_r
                0x08007370                _vfiprintf_r
 .text._printf_common
                0x0800759c       0xee f:/soft ware/turestudio/truestudio for stm32 9.0.1/armtools/bin/../lib/gcc/arm-atollic-eabi/6.3.1/../../../../arm-atollic-eabi/lib/armv7-m\libc_nano.a(lib_a-nano-vfprintf_i.o)
                0x0800759c                _printf_common
 *fill*         0x0800768a        0x2 
 .text._printf_i
                0x0800768c      0x240 f:/soft ware/turestudio/truestudio for stm32 9.0.1/armtools/bin/../lib/gcc/arm-atollic-eabi/6.3.1/../../../../arm-atollic-eabi/lib/armv7-m\libc_nano.a(lib_a-nano-vfprintf_i.o)
                0x0800768c                _printf_i
 .text.printf   0x080078cc       0x30 f:/soft ware/turestudio/truestudio for stm32 9.0.1/armtools/bin/../lib/gcc/arm-atollic-eabi/6.3.1/../../../../arm-atollic-eabi/lib/armv7-m\libc_nano.a(lib_a-printf.o)
                0x080078cc                iprintf
                0x080078cc                printf
 .text.srand    0x080078fc       0x50 f:/soft ware/turestudio/truestudio for stm32 9.0.1/armtools/bin/../lib/gcc/arm-atollic-eabi/6.3.1/../../../../arm-atollic-eabi/lib/armv7-m\libc_nano.a(lib_a-rand.o)
                0x080078fc                srand
 .text.rand     0x0800794c       0x74 f:/soft ware/turestudio/truestudio for stm32 9.0.1/armtools/bin/../lib/gcc/arm-atollic-eabi/6.3.1/../../../../arm-atollic-eabi/lib/armv7-m\libc_nano.a(lib_a-rand.o)
                0x0800794c                rand
 .text._sbrk_r  0x080079c0       0x20 f:/soft ware/turestudio/truestudio for stm32 9.0.1/armtools/bin/../lib/gcc/arm-atollic-eabi/6.3.1/../../../../arm-atollic-eabi/lib/armv7-m\libc_nano.a(lib_a-sbrkr.o)
                0x080079c0                _sbrk_r
 .text.sprintf  0x080079e0       0x48 f:/soft ware/turestudio/truestudio for stm32 9.0.1/armtools/bin/../lib/gcc/arm-atollic-eabi/6.3.1/../../../../arm-atollic-eabi/lib/armv7-m\libc_nano.a(lib_a-sprintf.o)
                0x080079e0                siprintf
                0x080079e0                sprintf
 .text.strcpy   0x08007a28       0x10 f:/soft ware/turestudio/truestudio for stm32 9.0.1/armtools/bin/../lib/gcc/arm-atollic-eabi/6.3.1/../../../../arm-atollic-eabi/lib/armv7-m\libc_nano.a(lib_a-strcpy.o)
                0x08007a28                strcpy
 .text.__swbuf_r
                0x08007a38       0xa4 f:/soft ware/turestudio/truestudio for stm32 9.0.1/armtools/bin/../lib/gcc/arm-atollic-eabi/6.3.1/../../../../arm-atollic-eabi/lib/armv7-m\libc_nano.a(lib_a-wbuf.o)
                0x08007a38                __swbuf_r
 .text.__swsetup_r
                0x08007adc       0xdc f:/soft ware/turestudio/truestudio for stm32 9.0.1/armtools/bin/../lib/gcc/arm-atollic-eabi/6.3.1/../../../../arm-atollic-eabi/lib/armv7-m\libc_nano.a(lib_a-wsetup.o)
                0x08007adc                __swsetup_r
 .text.abort    0x08007bb8        0xe f:/soft ware/turestudio/truestudio for stm32 9.0.1/armtools/bin/../lib/gcc/arm-atollic-eabi/6.3.1/../../../../arm-atollic-eabi/lib/armv7-m\libc_nano.a(lib_a-abort.o)
                0x08007bb8                abort
 *fill*         0x08007bc6        0x2 
 .text.__sflush_r
                0x08007bc8      0x110 f:/soft ware/turestudio/truestudio for stm32 9.0.1/armtools/bin/../lib/gcc/arm-atollic-eabi/6.3.1/../../../../arm-atollic-eabi/lib/armv7-m\libc_nano.a(lib_a-fflush.o)
                0x08007bc8                __sflush_r
 .text._fflush_r
                0x08007cd8       0x54 f:/soft ware/turestudio/truestudio for stm32 9.0.1/armtools/bin/../lib/gcc/arm-atollic-eabi/6.3.1/../../../../arm-atollic-eabi/lib/armv7-m\libc_nano.a(lib_a-fflush.o)
                0x08007cd8                _fflush_r
 .text._cleanup_r
                0x08007d2c        0xc f:/soft ware/turestudio/truestudio for stm32 9.0.1/armtools/bin/../lib/gcc/arm-atollic-eabi/6.3.1/../../../../arm-atollic-eabi/lib/armv7-m\libc_nano.a(lib_a-findfp.o)
                0x08007d2c                _cleanup_r
 .text.std.isra.0
                0x08007d38       0x48 f:/soft ware/turestudio/truestudio for stm32 9.0.1/armtools/bin/../lib/gcc/arm-atollic-eabi/6.3.1/../../../../arm-atollic-eabi/lib/armv7-m\libc_nano.a(lib_a-findfp.o)
 .text.__sfmoreglue
                0x08007d80       0x2c f:/soft ware/turestudio/truestudio for stm32 9.0.1/armtools/bin/../lib/gcc/arm-atollic-eabi/6.3.1/../../../../arm-atollic-eabi/lib/armv7-m\libc_nano.a(lib_a-findfp.o)
                0x08007d80                __sfmoreglue
 .text.__sinit  0x08007dac       0x60 f:/soft ware/turestudio/truestudio for stm32 9.0.1/armtools/bin/../lib/gcc/arm-atollic-eabi/6.3.1/../../../../arm-atollic-eabi/lib/armv7-m\libc_nano.a(lib_a-findfp.o)
                0x08007dac                __sinit
 .text.__sfp    0x08007e0c       0x78 f:/soft ware/turestudio/truestudio for stm32 9.0.1/armtools/bin/../lib/gcc/arm-atollic-eabi/6.3.1/../../../../arm-atollic-eabi/lib/armv7-m\libc_nano.a(lib_a-findfp.o)
                0x08007e0c                __sfp
 .text._fwalk_reent
                0x08007e84       0x3c f:/soft ware/turestudio/truestudio for stm32 9.0.1/armtools/bin/../lib/gcc/arm-atollic-eabi/6.3.1/../../../../arm-atollic-eabi/lib/armv7-m\libc_nano.a(lib_a-fwalk.o)
                0x08007e84                _fwalk_reent
 .text.__swhatbuf_r
                0x08007ec0       0x48 f:/soft ware/turestudio/truestudio for stm32 9.0.1/armtools/bin/../lib/gcc/arm-atollic-eabi/6.3.1/../../../../arm-atollic-eabi/lib/armv7-m\libc_nano.a(lib_a-makebuf.o)
                0x08007ec0                __swhatbuf_r
 .text.__smakebuf_r
                0x08007f08       0x80 f:/soft ware/turestudio/truestudio for stm32 9.0.1/armtools/bin/../lib/gcc/arm-atollic-eabi/6.3.1/../../../../arm-atollic-eabi/lib/armv7-m\libc_nano.a(lib_a-makebuf.o)
                0x08007f08                __smakebuf_r
 .text.memchr   0x08007f88       0x1c f:/soft ware/turestudio/truestudio for stm32 9.0.1/armtools/bin/../lib/gcc/arm-atollic-eabi/6.3.1/../../../../arm-atollic-eabi/lib/armv7-m\libc_nano.a(lib_a-memchr-stub.o)
                0x08007f88                memchr
 .text.memmove  0x08007fa4       0x34 f:/soft ware/turestudio/truestudio for stm32 9.0.1/armtools/bin/../lib/gcc/arm-atollic-eabi/6.3.1/../../../../arm-atollic-eabi/lib/armv7-m\libc_nano.a(lib_a-memmove.o)
                0x08007fa4                memmove
 .text.__malloc_lock
                0x08007fd8        0x2 f:/soft ware/turestudio/truestudio for stm32 9.0.1/armtools/bin/../lib/gcc/arm-atollic-eabi/6.3.1/../../../../arm-atollic-eabi/lib/armv7-m\libc_nano.a(lib_a-mlock.o)
                0x08007fd8                __malloc_lock
 .text.__malloc_unlock
                0x08007fda        0x2 f:/soft ware/turestudio/truestudio for stm32 9.0.1/armtools/bin/../lib/gcc/arm-atollic-eabi/6.3.1/../../../../arm-atollic-eabi/lib/armv7-m\libc_nano.a(lib_a-mlock.o)
                0x08007fda                __malloc_unlock
 .text._realloc_r
                0x08007fdc       0x4c f:/soft ware/turestudio/truestudio for stm32 9.0.1/armtools/bin/../lib/gcc/arm-atollic-eabi/6.3.1/../../../../arm-atollic-eabi/lib/armv7-m\libc_nano.a(lib_a-nano-reallocr.o)
                0x08007fdc                _realloc_r
 .text.__ssputs_r
                0x08008028       0xb6 f:/soft ware/turestudio/truestudio for stm32 9.0.1/armtools/bin/../lib/gcc/arm-atollic-eabi/6.3.1/../../../../arm-atollic-eabi/lib/armv7-m\libc_nano.a(lib_a-nano-svfprintf.o)
                0x08008028                __ssputs_r
 *fill*         0x080080de        0x2 
 .text._svfprintf_r
                0x080080e0      0x1e8 f:/soft ware/turestudio/truestudio for stm32 9.0.1/armtools/bin/../lib/gcc/arm-atollic-eabi/6.3.1/../../../../arm-atollic-eabi/lib/armv7-m\libc_nano.a(lib_a-nano-svfprintf.o)
                0x080080e0                _svfiprintf_r
                0x080080e0                _svfprintf_r
 .text._raise_r
                0x080082c8       0x50 f:/soft ware/turestudio/truestudio for stm32 9.0.1/armtools/bin/../lib/gcc/arm-atollic-eabi/6.3.1/../../../../arm-atollic-eabi/lib/armv7-m\libc_nano.a(lib_a-signal.o)
                0x080082c8                _raise_r
 .text.raise    0x08008318       0x10 f:/soft ware/turestudio/truestudio for stm32 9.0.1/armtools/bin/../lib/gcc/arm-atollic-eabi/6.3.1/../../../../arm-atollic-eabi/lib/armv7-m\libc_nano.a(lib_a-signal.o)
                0x08008318                raise
 .text._kill_r  0x08008328       0x24 f:/soft ware/turestudio/truestudio for stm32 9.0.1/armtools/bin/../lib/gcc/arm-atollic-eabi/6.3.1/../../../../arm-atollic-eabi/lib/armv7-m\libc_nano.a(lib_a-signalr.o)
                0x08008328                _kill_r
 .text._getpid_r
                0x0800834c        0x4 f:/soft ware/turestudio/truestudio for stm32 9.0.1/armtools/bin/../lib/gcc/arm-atollic-eabi/6.3.1/../../../../arm-atollic-eabi/lib/armv7-m\libc_nano.a(lib_a-signalr.o)
                0x0800834c                _getpid_r
 .text.__sread  0x08008350       0x22 f:/soft ware/turestudio/truestudio for stm32 9.0.1/armtools/bin/../lib/gcc/arm-atollic-eabi/6.3.1/../../../../arm-atollic-eabi/lib/armv7-m\libc_nano.a(lib_a-stdio.o)
                0x08008350                __sread
 .text.__swrite
                0x08008372       0x38 f:/soft ware/turestudio/truestudio for stm32 9.0.1/armtools/bin/../lib/gcc/arm-atollic-eabi/6.3.1/../../../../arm-atollic-eabi/lib/armv7-m\libc_nano.a(lib_a-stdio.o)
                0x08008372                __swrite
 .text.__sseek  0x080083aa       0x24 f:/soft ware/turestudio/truestudio for stm32 9.0.1/armtools/bin/../lib/gcc/arm-atollic-eabi/6.3.1/../../../../arm-atollic-eabi/lib/armv7-m\libc_nano.a(lib_a-stdio.o)
                0x080083aa                __sseek
 .text.__sclose
                0x080083ce        0x8 f:/soft ware/turestudio/truestudio for stm32 9.0.1/armtools/bin/../lib/gcc/arm-atollic-eabi/6.3.1/../../../../arm-atollic-eabi/lib/armv7-m\libc_nano.a(lib_a-stdio.o)
                0x080083ce                __sclose
 *fill*         0x080083d6        0x2 
 .text._write_r
                0x080083d8       0x24 f:/soft ware/turestudio/truestudio for stm32 9.0.1/armtools/bin/../lib/gcc/arm-atollic-eabi/6.3.1/../../../../arm-atollic-eabi/lib/armv7-m\libc_nano.a(lib_a-writer.o)
                0x080083d8                _write_r
 .text._close_r
                0x080083fc       0x20 f:/soft ware/turestudio/truestudio for stm32 9.0.1/armtools/bin/../lib/gcc/arm-atollic-eabi/6.3.1/../../../../arm-atollic-eabi/lib/armv7-m\libc_nano.a(lib_a-closer.o)
                0x080083fc                _close_r
 .text._fstat_r
                0x0800841c       0x24 f:/soft ware/turestudio/truestudio for stm32 9.0.1/armtools/bin/../lib/gcc/arm-atollic-eabi/6.3.1/../../../../arm-atollic-eabi/lib/armv7-m\libc_nano.a(lib_a-fstatr.o)
                0x0800841c                _fstat_r
 .text._isatty_r
                0x08008440       0x20 f:/soft ware/turestudio/truestudio for stm32 9.0.1/armtools/bin/../lib/gcc/arm-atollic-eabi/6.3.1/../../../../arm-atollic-eabi/lib/armv7-m\libc_nano.a(lib_a-isattyr.o)
                0x08008440                _isatty_r
 .text._lseek_r
                0x08008460       0x24 f:/soft ware/turestudio/truestudio for stm32 9.0.1/armtools/bin/../lib/gcc/arm-atollic-eabi/6.3.1/../../../../arm-atollic-eabi/lib/armv7-m\libc_nano.a(lib_a-lseekr.o)
                0x08008460                _lseek_r
 .text._malloc_usable_size_r
                0x08008484       0x12 f:/soft ware/turestudio/truestudio for stm32 9.0.1/armtools/bin/../lib/gcc/arm-atollic-eabi/6.3.1/../../../../arm-atollic-eabi/lib/armv7-m\libc_nano.a(lib_a-nano-msizer.o)
                0x08008484                _malloc_usable_size_r
 *fill*         0x08008496        0x2 
 .text._read_r  0x08008498       0x24 f:/soft ware/turestudio/truestudio for stm32 9.0.1/armtools/bin/../lib/gcc/arm-atollic-eabi/6.3.1/../../../../arm-atollic-eabi/lib/armv7-m\libc_nano.a(lib_a-readr.o)
                0x08008498                _read_r
 *(.glue_7)
 .glue_7        0x080084bc        0x0 linker stubs
 *(.glue_7t)
 .glue_7t       0x080084bc        0x0 linker stubs
 *(.eh_frame)
 .eh_frame      0x080084bc        0x0 f:/soft ware/turestudio/truestudio for stm32 9.0.1/armtools/bin/../lib/gcc/arm-atollic-eabi/6.3.1/armv7-m/crtbegin.o
 *(.init)
 .init          0x080084bc        0x4 f:/soft ware/turestudio/truestudio for stm32 9.0.1/armtools/bin/../lib/gcc/arm-atollic-eabi/6.3.1/armv7-m/crti.o
                0x080084bc                _init
 .init          0x080084c0        0x8 f:/soft ware/turestudio/truestudio for stm32 9.0.1/armtools/bin/../lib/gcc/arm-atollic-eabi/6.3.1/armv7-m/crtn.o
 *(.fini)
 .fini          0x080084c8        0x4 f:/soft ware/turestudio/truestudio for stm32 9.0.1/armtools/bin/../lib/gcc/arm-atollic-eabi/6.3.1/armv7-m/crti.o
                0x080084c8                _fini
 .fini          0x080084cc        0x8 f:/soft ware/turestudio/truestudio for stm32 9.0.1/armtools/bin/../lib/gcc/arm-atollic-eabi/6.3.1/armv7-m/crtn.o
                0x080084d4                . = ALIGN (0x4)
                0x080084d4                _etext = .

.vfp11_veneer   0x080084d4        0x0
 .vfp11_veneer  0x080084d4        0x0 linker stubs

.v4_bx          0x080084d4        0x0
 .v4_bx         0x080084d4        0x0 linker stubs

.iplt           0x080084d4        0x0
 .iplt          0x080084d4        0x0 f:/soft ware/turestudio/truestudio for stm32 9.0.1/armtools/bin/../lib/gcc/arm-atollic-eabi/6.3.1/armv7-m/crtbegin.o

.rodata         0x080084d4      0x7a0
                0x080084d4                . = ALIGN (0x4)
 *(.rodata)
 .rodata        0x080084d4       0x10 Drivers\STM32F1xx_HAL_Driver\Src\stm32f1xx_hal_rcc.o
 *(.rodata*)
 .rodata.WirelssModuleRead
                0x080084e4        0x3 Src\device.o
                0x080084e4                WirelssModuleRead
 .rodata.WirelssModuleRest
                0x080084e7        0x3 Src\device.o
                0x080084e7                WirelssModuleRest
 *fill*         0x080084ea        0x2 
 .rodata.env_DefautPara
                0x080084ec       0x78 Src\env.o
                0x080084ec                env_DefautPara
 .rodata.save_config.str1.1
                0x08008564       0x21 Src\flash.o
 .rodata.MX_IWDG_Init.str1.1
                0x08008585        0xe Src\iwdg.o
 .rodata.main.str1.1
                0x08008593        0xf Src\main.o
 .rodata.ListFuncType
                0x080085a2       0x1a Src\modbus_user.o
 .rodata.MX_SPI1_Init.str1.1
                0x080085bc        0xd Src\spi.o
 .rodata.EnergyAddr_FRAM
                0x080085c9        0x4 Src\spi_network.o
 .rodata.ListFuncType
                0x080085cd       0x1a Src\spi_network.o
 *fill*         0x080085e7        0x1 
 .rodata.ListRegAddr
                0x080085e8       0x34 Src\spi_network.o
 .rodata.ListRegLen
                0x0800861c       0x1a Src\spi_network.o
 .rodata.RN8302SpiScanData.str1.1
                0x08008636       0x10 Src\spi_network.o
 .rodata.RmsConstList
                0x08008646       0x1a Src\spi_network.o
 .rodata.AHBPrescTable
                0x08008660       0x10 Src\system_stm32f1xx.o
                0x08008660                AHBPrescTable
 .rodata.APBPrescTable
                0x08008670        0x8 Src\system_stm32f1xx.o
                0x08008670                APBPrescTable
 .rodata.MX_TIM2_Init.str1.1
                0x08008678        0xd Src\tim.o
 .rodata.MX_USART1_UART_Init.str1.1
                0x08008685        0xf Src\usart.o
 .rodata.user_ClearEnergy.str1.1
                0x08008694       0x4a Src\user_cmd.o
 .rodata.user_ReadData.str1.1
                0x080086de       0x16 Src\user_cmd.o
 .rodata.user_paraPrintf.str1.1
                0x080086f4      0x1a2 Src\user_cmd.o
 .rodata.user_readTemperature.str1.1
                0x08008896       0x13 Src\user_cmd.o
 .rodata.UserConfig_Init.str1.1
                0x080088a9       0x3b Src\user_config.o
 .rodata.UserHandle.str1.1
                0x080088e4       0x5e Src\user_config.o
 .rodata.CSWTCH.7
                0x08008942        0x8 freemodbus\modbus\functions\mbutils.o
 .rodata.aucCRCHi
                0x0800894a      0x100 freemodbus\modbus\rtu\mbcrc.o
 .rodata.aucCRCLo
                0x08008a4a      0x100 freemodbus\modbus\rtu\mbcrc.o
 .rodata.__func__.8174
                0x08008b4a        0xe freemodbus\modbus\rtu\mbrtu.o
 .rodata.eMBRTUReceive.str1.1
                0x08008b58       0x46 freemodbus\modbus\rtu\mbrtu.o
 .rodata.__assert_func.str1.1
                0x08008b9e       0x3c f:/soft ware/turestudio/truestudio for stm32 9.0.1/armtools/bin/../lib/gcc/arm-atollic-eabi/6.3.1/../../../../arm-atollic-eabi/lib/armv7-m\libc_nano.a(lib_a-assert.o)
                                 0x3d (size before relaxing)
 *fill*         0x08008bda        0x2 
 .rodata._global_impure_ptr
                0x08008bdc        0x4 f:/soft ware/turestudio/truestudio for stm32 9.0.1/armtools/bin/../lib/gcc/arm-atollic-eabi/6.3.1/../../../../arm-atollic-eabi/lib/armv7-m\libc_nano.a(lib_a-impure.o)
                0x08008bdc                _global_impure_ptr
 .rodata._vfprintf_r.str1.1
                0x08008be0       0x11 f:/soft ware/turestudio/truestudio for stm32 9.0.1/armtools/bin/../lib/gcc/arm-atollic-eabi/6.3.1/../../../../arm-atollic-eabi/lib/armv7-m\libc_nano.a(lib_a-nano-vfprintf.o)
 .rodata._printf_i.str1.1
                0x08008bf1       0x22 f:/soft ware/turestudio/truestudio for stm32 9.0.1/armtools/bin/../lib/gcc/arm-atollic-eabi/6.3.1/../../../../arm-atollic-eabi/lib/armv7-m\libc_nano.a(lib_a-nano-vfprintf_i.o)
 *fill*         0x08008c13        0x1 
 .rodata.__sf_fake_stderr
                0x08008c14       0x20 f:/soft ware/turestudio/truestudio for stm32 9.0.1/armtools/bin/../lib/gcc/arm-atollic-eabi/6.3.1/../../../../arm-atollic-eabi/lib/armv7-m\libc_nano.a(lib_a-findfp.o)
                0x08008c14                __sf_fake_stderr
 .rodata.__sf_fake_stdin
                0x08008c34       0x20 f:/soft ware/turestudio/truestudio for stm32 9.0.1/armtools/bin/../lib/gcc/arm-atollic-eabi/6.3.1/../../../../arm-atollic-eabi/lib/armv7-m\libc_nano.a(lib_a-findfp.o)
                0x08008c34                __sf_fake_stdin
 .rodata.__sf_fake_stdout
                0x08008c54       0x20 f:/soft ware/turestudio/truestudio for stm32 9.0.1/armtools/bin/../lib/gcc/arm-atollic-eabi/6.3.1/../../../../arm-atollic-eabi/lib/armv7-m\libc_nano.a(lib_a-findfp.o)
                0x08008c54                __sf_fake_stdout
 .rodata._svfprintf_r.str1.1
                0x08008c74       0x11 f:/soft ware/turestudio/truestudio for stm32 9.0.1/armtools/bin/../lib/gcc/arm-atollic-eabi/6.3.1/../../../../arm-atollic-eabi/lib/armv7-m\libc_nano.a(lib_a-nano-svfprintf.o)
                0x08008c88                . = ALIGN (0x4)

.rel.dyn        0x08008c74        0x0
 .rel.iplt      0x08008c74        0x0 f:/soft ware/turestudio/truestudio for stm32 9.0.1/armtools/bin/../lib/gcc/arm-atollic-eabi/6.3.1/armv7-m/crtbegin.o

.ARM.extab
 *(.ARM.extab* .gnu.linkonce.armextab.*)

.ARM            0x08008c74        0x0
                0x08008c74                __exidx_start = .
 *(.ARM.exidx*)
                0x08008c74                __exidx_end = .

.preinit_array  0x08008c74        0x0
                0x08008c74                PROVIDE (__preinit_array_start, .)
 *(.preinit_array*)
                0x08008c74                PROVIDE (__preinit_array_end, .)

.init_array     0x08008c74        0x4
                0x08008c74                PROVIDE (__init_array_start, .)
 *(SORT(.init_array.*))
 *(.init_array*)
 .init_array    0x08008c74        0x4 f:/soft ware/turestudio/truestudio for stm32 9.0.1/armtools/bin/../lib/gcc/arm-atollic-eabi/6.3.1/armv7-m/crtbegin.o
                0x08008c78                PROVIDE (__init_array_end, .)

.fini_array     0x08008c78        0x4
                [!provide]                PROVIDE (__fini_array_start, .)
 *(SORT(.fini_array.*))
 *(.fini_array*)
 .fini_array    0x08008c78        0x4 f:/soft ware/turestudio/truestudio for stm32 9.0.1/armtools/bin/../lib/gcc/arm-atollic-eabi/6.3.1/armv7-m/crtbegin.o
                [!provide]                PROVIDE (__fini_array_end, .)
                0x08008c7c                _sidata = LOADADDR (.data)

.data           0x20000000      0x30c load address 0x08008c7c
                0x20000000                . = ALIGN (0x4)
                0x20000000                _sdata = .
 *(.data)
 *(.data*)
 .data.uwTickFreq
                0x20000000        0x1 Drivers\STM32F1xx_HAL_Driver\Src\stm32f1xx_hal.o
                0x20000000                uwTickFreq
 *fill*         0x20000001        0x3 
 .data.uwTickPrio
                0x20000004        0x4 Drivers\STM32F1xx_HAL_Driver\Src\stm32f1xx_hal.o
                0x20000004                uwTickPrio
 .data.WirelssModuleDefaults
                0x20000008        0x6 Src\device.o
                0x20000008                WirelssModuleDefaults
 .data.usRegHoldingStart
                0x2000000e        0x2 Src\modbus_user.o
                0x2000000e                usRegHoldingStart
 .data.usRegInputStart
                0x20000010        0x2 Src\modbus_user.o
                0x20000010                usRegInputStart
 .data.IOstring
                0x20000012      0x208 Src\spi_network.o
                0x20000012                IOstring
 *fill*         0x2000021a        0x2 
 .data.SystemCoreClock
                0x2000021c        0x4 Src\system_stm32f1xx.o
                0x2000021c                SystemCoreClock
 .data.CommandLine
                0x20000220        0x4 Src\user_cmd.o
                0x20000220                CommandLine
 .data.user_Enter
                0x20000224        0x2 Src\user_cmd.o
                0x20000224                user_Enter
 .data.eMBState
                0x20000226        0x1 freemodbus\modbus\mb.o
 *fill*         0x20000227        0x1 
 .data.xFuncHandlers
                0x20000228       0x80 freemodbus\modbus\mb.o
 .data._impure_ptr
                0x200002a8        0x4 f:/soft ware/turestudio/truestudio for stm32 9.0.1/armtools/bin/../lib/gcc/arm-atollic-eabi/6.3.1/../../../../arm-atollic-eabi/lib/armv7-m\libc_nano.a(lib_a-impure.o)
                0x200002a8                _impure_ptr
 .data.impure_data
                0x200002ac       0x60 f:/soft ware/turestudio/truestudio for stm32 9.0.1/armtools/bin/../lib/gcc/arm-atollic-eabi/6.3.1/../../../../arm-atollic-eabi/lib/armv7-m\libc_nano.a(lib_a-impure.o)
                0x2000030c                . = ALIGN (0x4)
                0x2000030c                _edata = .

.igot.plt       0x2000030c        0x0 load address 0x08008f88
 .igot.plt      0x2000030c        0x0 f:/soft ware/turestudio/truestudio for stm32 9.0.1/armtools/bin/../lib/gcc/arm-atollic-eabi/6.3.1/armv7-m/crtbegin.o
                0x2000030c                . = ALIGN (0x4)

.bss            0x20000310      0xc6c load address 0x08008f88
                0x20000310                _sbss = .
                0x20000310                __bss_start__ = _sbss
 *(.bss)
 .bss           0x20000310       0x1c f:/soft ware/turestudio/truestudio for stm32 9.0.1/armtools/bin/../lib/gcc/arm-atollic-eabi/6.3.1/armv7-m/crtbegin.o
 *(.bss*)
 .bss.Retry_Couter.8206
                0x2000032c        0x1 Src\WirelessNetwork.o
 .bss.WPANState
                0x2000032d        0x1 Src\WirelessNetwork.o
                0x2000032d                WPANState
 .bss.FRAM_ADDRESS
                0x2000032e        0x1 Src\iic.o
 .bss.ucRegCoilsBuf
                0x2000032f        0x2 Src\modbus_user.o
                0x2000032f                ucRegCoilsBuf
 *fill*         0x20000331        0x1 
 .bss.usRegHoldingMeterBuf
                0x20000332       0x56 Src\modbus_user.o
                0x20000332                usRegHoldingMeterBuf
 .bss.io        0x20000388       0xd0 Src\spi_network.o
                0x20000388                io
 .bss.rxbuf     0x20000458        0xa Src\spi_network.o
 .bss.txbuf     0x20000462        0xa Src\spi_network.o
 .bss.heap_end.5887
                0x2000046c        0x4 Src\syscalls.o
 .bss.CommandLineHead
                0x20000470       0x14 Src\user_cmd.o
                0x20000470                CommandLineHead
 .bss.CummunictionFrame
                0x20000484       0xa4 Src\user_config.o
 .bss.RecConfigParaSize
                0x20000528        0x1 Src\user_config.o
                0x20000528                RecConfigParaSize
 .bss.eQueuedEvent
                0x20000529        0x1 freemodbus\demo\STM32F103C8\port\portevent.o
 .bss.xEventInQueue
                0x2000052a        0x1 freemodbus\demo\STM32F103C8\port\portevent.o
 .bss.ucMBSlaveID
                0x2000052b       0x20 freemodbus\modbus\functions\mbfuncother.o
 *fill*         0x2000054b        0x1 
 .bss.usMBSlaveIDLen
                0x2000054c        0x2 freemodbus\modbus\functions\mbfuncother.o
 .bss.eException.8195
                0x2000054e        0x1 freemodbus\modbus\mb.o
 *fill*         0x2000054f        0x1 
 .bss.peMBFrameReceiveCur
                0x20000550        0x4 freemodbus\modbus\mb.o
 .bss.peMBFrameSendCur
                0x20000554        0x4 freemodbus\modbus\mb.o
 .bss.ucFunctionCode.8193
                0x20000558        0x1 freemodbus\modbus\mb.o
 .bss.ucMBAddress
                0x20000559        0x1 freemodbus\modbus\mb.o
                0x20000559                ucMBAddress
 *fill*         0x2000055a        0x2 
 .bss.ucMBFrame.8191
                0x2000055c        0x4 freemodbus\modbus\mb.o
 .bss.ucRcvAddress.8192
                0x20000560        0x1 freemodbus\modbus\mb.o
 *fill*         0x20000561        0x1 
 .bss.usLength.8194
                0x20000562        0x2 freemodbus\modbus\mb.o
 .bss.usRcvBufferPos
                0x20000564        0x2 freemodbus\modbus\rtu\mbrtu.o
 .bss.usSndBufferCount
                0x20000566        0x2 freemodbus\modbus\rtu\mbrtu.o
 .bss.__malloc_free_list
                0x20000568        0x4 f:/soft ware/turestudio/truestudio for stm32 9.0.1/armtools/bin/../lib/gcc/arm-atollic-eabi/6.3.1/../../../../arm-atollic-eabi/lib/armv7-m\libc_nano.a(lib_a-nano-mallocr.o)
                0x20000568                __malloc_free_list
 .bss.__malloc_sbrk_start
                0x2000056c        0x4 f:/soft ware/turestudio/truestudio for stm32 9.0.1/armtools/bin/../lib/gcc/arm-atollic-eabi/6.3.1/../../../../arm-atollic-eabi/lib/armv7-m\libc_nano.a(lib_a-nano-mallocr.o)
                0x2000056c                __malloc_sbrk_start
 *(COMMON)
 COMMON         0x20000570        0x4 Drivers\STM32F1xx_HAL_Driver\Src\stm32f1xx_hal.o
                0x20000570                uwTick
 *fill*         0x20000574        0x4 
 COMMON         0x20000578       0x20 Drivers\STM32F1xx_HAL_Driver\Src\stm32f1xx_hal_flash.o
                0x20000578                pFlash
 COMMON         0x20000598        0x3 Src\WirelessNetwork.o
                0x20000598                WireLess_NET_DATA
 COMMON         0x2000059b        0x1 Src\device.o
                0x2000059b                E32_Type
 COMMON         0x2000059c        0xc Src\iwdg.o
                0x2000059c                hiwdg
 COMMON         0x200005a8      0x1bc Src\main.o
                0x200005a8                RTU_Device
                0x20000760                test2
 COMMON         0x20000764       0x3c Src\modbus_user.o
                0x20000764                usRegInputBuf
                0x20000778                usRegHoldingBuf
 COMMON         0x200007a0       0x58 Src\spi.o
                0x200007a0                hspi1
 COMMON         0x200007f8       0xc0 Src\tim.o
                0x200007f8                htim4
                0x20000838                htim3
                0x20000878                htim2
 COMMON         0x200008b8      0x548 Src\usart.o
                0x200008b8                hdma_usart2_rx
                0x200008fc                hdma_usart3_rx
                0x20000940                huart3
                0x20000980                Usart2_DMARxdataBuffer
                0x20000a7a                Usart3_DMARxdataBuffer
                0x20000b74                hdma_usart3_tx
                0x20000bb8                hdma_usart1_tx
                0x20000bfc                hdma_usart1_rx
                0x20000c40                hdma_usart2_tx
                0x20000c84                huart1
                0x20000cc4                Usart1_DMARxdataBuffer
                0x20000dc0                huart2
 COMMON         0x20000e00       0x64 Src\user_cmd.o
                0x20000e00                user_usartTXBuffer
 COMMON         0x20000e64       0x14 freemodbus\modbus\mb.o
                0x20000e64                pxMBFrameCBTransmitterEmpty
                0x20000e68                pxMBPortCBTimerExpired
                0x20000e6c                pxMBFrameCBByteReceived
                0x20000e70                pxMBFrameCBTransmitFSMCur
                0x20000e74                pxMBFrameCBReceiveFSMCur
 COMMON         0x20000e78      0x100 freemodbus\modbus\rtu\mbrtu.o
                0x20000e78                ucRTUBuf
 COMMON         0x20000f78        0x4 f:/soft ware/turestudio/truestudio for stm32 9.0.1/armtools/bin/../lib/gcc/arm-atollic-eabi/6.3.1/../../../../arm-atollic-eabi/lib/armv7-m\libc_nano.a(lib_a-reent.o)
                0x20000f78                errno
                0x20000f7c                . = ALIGN (0x4)
                0x20000f7c                _ebss = .
                0x20000f7c                __bss_end__ = _ebss

._user_heap_stack
                0x20000f7c      0x800 load address 0x08008f88
                0x20000f7c                . = ALIGN (0x4)
                0x20000f7c                PROVIDE (end, .)
                [!provide]                PROVIDE (_end, .)
                0x2000137c                . = (. + _Min_Heap_Size)
 *fill*         0x20000f7c      0x400 
                0x2000177c                . = (. + _Min_Stack_Size)
 *fill*         0x2000137c      0x400 
                0x2000177c                . = ALIGN (0x4)

/DISCARD/
 libc.a(*)
 libm.a(*)
 libgcc.a(*)

.ARM.attributes
                0x00000000       0x29
 *(.ARM.attributes)
 .ARM.attributes
                0x00000000       0x1d f:/soft ware/turestudio/truestudio for stm32 9.0.1/armtools/bin/../lib/gcc/arm-atollic-eabi/6.3.1/armv7-m/crti.o
 .ARM.attributes
                0x0000001d       0x2d f:/soft ware/turestudio/truestudio for stm32 9.0.1/armtools/bin/../lib/gcc/arm-atollic-eabi/6.3.1/armv7-m/crtbegin.o
 .ARM.attributes
                0x0000004a       0x33 Drivers\STM32F1xx_HAL_Driver\Src\stm32f1xx_hal.o
 .ARM.attributes
                0x0000007d       0x33 Drivers\STM32F1xx_HAL_Driver\Src\stm32f1xx_hal_cortex.o
 .ARM.attributes
                0x000000b0       0x33 Drivers\STM32F1xx_HAL_Driver\Src\stm32f1xx_hal_dma.o
 .ARM.attributes
                0x000000e3       0x33 Drivers\STM32F1xx_HAL_Driver\Src\stm32f1xx_hal_flash.o
 .ARM.attributes
                0x00000116       0x33 Drivers\STM32F1xx_HAL_Driver\Src\stm32f1xx_hal_flash_ex.o
 .ARM.attributes
                0x00000149       0x33 Drivers\STM32F1xx_HAL_Driver\Src\stm32f1xx_hal_gpio.o
 .ARM.attributes
                0x0000017c       0x33 Drivers\STM32F1xx_HAL_Driver\Src\stm32f1xx_hal_iwdg.o
 .ARM.attributes
                0x000001af       0x33 Drivers\STM32F1xx_HAL_Driver\Src\stm32f1xx_hal_rcc.o
 .ARM.attributes
                0x000001e2       0x33 Drivers\STM32F1xx_HAL_Driver\Src\stm32f1xx_hal_rcc_ex.o
 .ARM.attributes
                0x00000215       0x33 Drivers\STM32F1xx_HAL_Driver\Src\stm32f1xx_hal_spi.o
 .ARM.attributes
                0x00000248       0x33 Drivers\STM32F1xx_HAL_Driver\Src\stm32f1xx_hal_spi_ex.o
 .ARM.attributes
                0x0000027b       0x33 Drivers\STM32F1xx_HAL_Driver\Src\stm32f1xx_hal_tim.o
 .ARM.attributes
                0x000002ae       0x33 Drivers\STM32F1xx_HAL_Driver\Src\stm32f1xx_hal_tim_ex.o
 .ARM.attributes
                0x000002e1       0x33 Drivers\STM32F1xx_HAL_Driver\Src\stm32f1xx_hal_uart.o
 .ARM.attributes
                0x00000314       0x33 Src\WirelessNetwork.o
 .ARM.attributes
                0x00000347       0x33 Src\bsp_DS18B20.o
 .ARM.attributes
                0x0000037a       0x33 Src\device.o
 .ARM.attributes
                0x000003ad       0x33 Src\dma.o
 .ARM.attributes
                0x000003e0       0x33 Src\env.o
 .ARM.attributes
                0x00000413       0x33 Src\flash.o
 .ARM.attributes
                0x00000446       0x33 Src\gpio.o
 .ARM.attributes
                0x00000479       0x33 Src\iic.o
 .ARM.attributes
                0x000004ac       0x33 Src\iwdg.o
 .ARM.attributes
                0x000004df       0x33 Src\main.o
 .ARM.attributes
                0x00000512       0x33 Src\modbus_user.o
 .ARM.attributes
                0x00000545       0x33 Src\spi.o
 .ARM.attributes
                0x00000578       0x33 Src\spi_network.o
 .ARM.attributes
                0x000005ab       0x33 Src\stm32f1xx_hal_msp.o
 .ARM.attributes
                0x000005de       0x33 Src\stm32f1xx_it.o
 .ARM.attributes
                0x00000611       0x33 Src\syscalls.o
 .ARM.attributes
                0x00000644       0x33 Src\system_stm32f1xx.o
 .ARM.attributes
                0x00000677       0x33 Src\tim.o
 .ARM.attributes
                0x000006aa       0x33 Src\usart.o
 .ARM.attributes
                0x000006dd       0x33 Src\user_cmd.o
 .ARM.attributes
                0x00000710       0x33 Src\user_config.o
 .ARM.attributes
                0x00000743       0x33 freemodbus\demo\STM32F103C8\port\portevent.o
 .ARM.attributes
                0x00000776       0x33 freemodbus\demo\STM32F103C8\port\portserial.o
 .ARM.attributes
                0x000007a9       0x33 freemodbus\demo\STM32F103C8\port\porttimer.o
 .ARM.attributes
                0x000007dc       0x33 freemodbus\modbus\functions\mbfunccoils.o
 .ARM.attributes
                0x0000080f       0x33 freemodbus\modbus\functions\mbfuncdisc.o
 .ARM.attributes
                0x00000842       0x33 freemodbus\modbus\functions\mbfuncholding.o
 .ARM.attributes
                0x00000875       0x33 freemodbus\modbus\functions\mbfuncinput.o
 .ARM.attributes
                0x000008a8       0x33 freemodbus\modbus\functions\mbfuncother.o
 .ARM.attributes
                0x000008db       0x33 freemodbus\modbus\functions\mbutils.o
 .ARM.attributes
                0x0000090e       0x33 freemodbus\modbus\mb.o
 .ARM.attributes
                0x00000941       0x33 freemodbus\modbus\rtu\mbcrc.o
 .ARM.attributes
                0x00000974       0x33 freemodbus\modbus\rtu\mbrtu.o
 .ARM.attributes
                0x000009a7       0x21 startup\startup_stm32f103xb.o
 .ARM.attributes
                0x000009c8       0x2d f:/soft ware/turestudio/truestudio for stm32 9.0.1/armtools/bin/../lib/gcc/arm-atollic-eabi/6.3.1/../../../../arm-atollic-eabi/lib/armv7-m\libc_nano.a(lib_a-assert.o)
 .ARM.attributes
                0x000009f5       0x2d f:/soft ware/turestudio/truestudio for stm32 9.0.1/armtools/bin/../lib/gcc/arm-atollic-eabi/6.3.1/../../../../arm-atollic-eabi/lib/armv7-m\libc_nano.a(lib_a-fprintf.o)
 .ARM.attributes
                0x00000a22       0x2d f:/soft ware/turestudio/truestudio for stm32 9.0.1/armtools/bin/../lib/gcc/arm-atollic-eabi/6.3.1/../../../../arm-atollic-eabi/lib/armv7-m\libc_nano.a(lib_a-impure.o)
 .ARM.attributes
                0x00000a4f       0x2d f:/soft ware/turestudio/truestudio for stm32 9.0.1/armtools/bin/../lib/gcc/arm-atollic-eabi/6.3.1/../../../../arm-atollic-eabi/lib/armv7-m\libc_nano.a(lib_a-init.o)
 .ARM.attributes
                0x00000a7c       0x2d f:/soft ware/turestudio/truestudio for stm32 9.0.1/armtools/bin/../lib/gcc/arm-atollic-eabi/6.3.1/../../../../arm-atollic-eabi/lib/armv7-m\libc_nano.a(lib_a-malloc.o)
 .ARM.attributes
                0x00000aa9       0x2d f:/soft ware/turestudio/truestudio for stm32 9.0.1/armtools/bin/../lib/gcc/arm-atollic-eabi/6.3.1/../../../../arm-atollic-eabi/lib/armv7-m\libc_nano.a(lib_a-memcmp.o)
 .ARM.attributes
                0x00000ad6       0x2d f:/soft ware/turestudio/truestudio for stm32 9.0.1/armtools/bin/../lib/gcc/arm-atollic-eabi/6.3.1/../../../../arm-atollic-eabi/lib/armv7-m\libc_nano.a(lib_a-memcpy-stub.o)
 .ARM.attributes
                0x00000b03       0x2d f:/soft ware/turestudio/truestudio for stm32 9.0.1/armtools/bin/../lib/gcc/arm-atollic-eabi/6.3.1/../../../../arm-atollic-eabi/lib/armv7-m\libc_nano.a(lib_a-memset.o)
 .ARM.attributes
                0x00000b30       0x2d f:/soft ware/turestudio/truestudio for stm32 9.0.1/armtools/bin/../lib/gcc/arm-atollic-eabi/6.3.1/../../../../arm-atollic-eabi/lib/armv7-m\libc_nano.a(lib_a-nano-freer.o)
 .ARM.attributes
                0x00000b5d       0x2d f:/soft ware/turestudio/truestudio for stm32 9.0.1/armtools/bin/../lib/gcc/arm-atollic-eabi/6.3.1/../../../../arm-atollic-eabi/lib/armv7-m\libc_nano.a(lib_a-nano-mallocr.o)
 .ARM.attributes
                0x00000b8a       0x2d f:/soft ware/turestudio/truestudio for stm32 9.0.1/armtools/bin/../lib/gcc/arm-atollic-eabi/6.3.1/../../../../arm-atollic-eabi/lib/armv7-m\libc_nano.a(lib_a-nano-vfprintf.o)
 .ARM.attributes
                0x00000bb7       0x2d f:/soft ware/turestudio/truestudio for stm32 9.0.1/armtools/bin/../lib/gcc/arm-atollic-eabi/6.3.1/../../../../arm-atollic-eabi/lib/armv7-m\libc_nano.a(lib_a-nano-vfprintf_i.o)
 .ARM.attributes
                0x00000be4       0x2d f:/soft ware/turestudio/truestudio for stm32 9.0.1/armtools/bin/../lib/gcc/arm-atollic-eabi/6.3.1/../../../../arm-atollic-eabi/lib/armv7-m\libc_nano.a(lib_a-printf.o)
 .ARM.attributes
                0x00000c11       0x2d f:/soft ware/turestudio/truestudio for stm32 9.0.1/armtools/bin/../lib/gcc/arm-atollic-eabi/6.3.1/../../../../arm-atollic-eabi/lib/armv7-m\libc_nano.a(lib_a-rand.o)
 .ARM.attributes
                0x00000c3e       0x2d f:/soft ware/turestudio/truestudio for stm32 9.0.1/armtools/bin/../lib/gcc/arm-atollic-eabi/6.3.1/../../../../arm-atollic-eabi/lib/armv7-m\libc_nano.a(lib_a-reent.o)
 .ARM.attributes
                0x00000c6b       0x2d f:/soft ware/turestudio/truestudio for stm32 9.0.1/armtools/bin/../lib/gcc/arm-atollic-eabi/6.3.1/../../../../arm-atollic-eabi/lib/armv7-m\libc_nano.a(lib_a-sbrkr.o)
 .ARM.attributes
                0x00000c98       0x2d f:/soft ware/turestudio/truestudio for stm32 9.0.1/armtools/bin/../lib/gcc/arm-atollic-eabi/6.3.1/../../../../arm-atollic-eabi/lib/armv7-m\libc_nano.a(lib_a-sprintf.o)
 .ARM.attributes
                0x00000cc5       0x2d f:/soft ware/turestudio/truestudio for stm32 9.0.1/armtools/bin/../lib/gcc/arm-atollic-eabi/6.3.1/../../../../arm-atollic-eabi/lib/armv7-m\libc_nano.a(lib_a-strcpy.o)
 .ARM.attributes
                0x00000cf2       0x17 f:/soft ware/turestudio/truestudio for stm32 9.0.1/armtools/bin/../lib/gcc/arm-atollic-eabi/6.3.1/../../../../arm-atollic-eabi/lib/armv7-m\libc_nano.a(lib_a-strlen.o)
 .ARM.attributes
                0x00000d09       0x2d f:/soft ware/turestudio/truestudio for stm32 9.0.1/armtools/bin/../lib/gcc/arm-atollic-eabi/6.3.1/../../../../arm-atollic-eabi/lib/armv7-m\libc_nano.a(lib_a-wbuf.o)
 .ARM.attributes
                0x00000d36       0x2d f:/soft ware/turestudio/truestudio for stm32 9.0.1/armtools/bin/../lib/gcc/arm-atollic-eabi/6.3.1/../../../../arm-atollic-eabi/lib/armv7-m\libc_nano.a(lib_a-wsetup.o)
 .ARM.attributes
                0x00000d63       0x2d f:/soft ware/turestudio/truestudio for stm32 9.0.1/armtools/bin/../lib/gcc/arm-atollic-eabi/6.3.1/../../../../arm-atollic-eabi/lib/armv7-m\libc_nano.a(lib_a-abort.o)
 .ARM.attributes
                0x00000d90       0x2d f:/soft ware/turestudio/truestudio for stm32 9.0.1/armtools/bin/../lib/gcc/arm-atollic-eabi/6.3.1/../../../../arm-atollic-eabi/lib/armv7-m\libc_nano.a(lib_a-fflush.o)
 .ARM.attributes
                0x00000dbd       0x2d f:/soft ware/turestudio/truestudio for stm32 9.0.1/armtools/bin/../lib/gcc/arm-atollic-eabi/6.3.1/../../../../arm-atollic-eabi/lib/armv7-m\libc_nano.a(lib_a-findfp.o)
 .ARM.attributes
                0x00000dea       0x2d f:/soft ware/turestudio/truestudio for stm32 9.0.1/armtools/bin/../lib/gcc/arm-atollic-eabi/6.3.1/../../../../arm-atollic-eabi/lib/armv7-m\libc_nano.a(lib_a-fwalk.o)
 .ARM.attributes
                0x00000e17       0x2d f:/soft ware/turestudio/truestudio for stm32 9.0.1/armtools/bin/../lib/gcc/arm-atollic-eabi/6.3.1/../../../../arm-atollic-eabi/lib/armv7-m\libc_nano.a(lib_a-makebuf.o)
 .ARM.attributes
                0x00000e44       0x2d f:/soft ware/turestudio/truestudio for stm32 9.0.1/armtools/bin/../lib/gcc/arm-atollic-eabi/6.3.1/../../../../arm-atollic-eabi/lib/armv7-m\libc_nano.a(lib_a-memchr-stub.o)
 .ARM.attributes
                0x00000e71       0x2d f:/soft ware/turestudio/truestudio for stm32 9.0.1/armtools/bin/../lib/gcc/arm-atollic-eabi/6.3.1/../../../../arm-atollic-eabi/lib/armv7-m\libc_nano.a(lib_a-memmove.o)
 .ARM.attributes
                0x00000e9e       0x2d f:/soft ware/turestudio/truestudio for stm32 9.0.1/armtools/bin/../lib/gcc/arm-atollic-eabi/6.3.1/../../../../arm-atollic-eabi/lib/armv7-m\libc_nano.a(lib_a-mlock.o)
 .ARM.attributes
                0x00000ecb       0x2d f:/soft ware/turestudio/truestudio for stm32 9.0.1/armtools/bin/../lib/gcc/arm-atollic-eabi/6.3.1/../../../../arm-atollic-eabi/lib/armv7-m\libc_nano.a(lib_a-nano-reallocr.o)
 .ARM.attributes
                0x00000ef8       0x2d f:/soft ware/turestudio/truestudio for stm32 9.0.1/armtools/bin/../lib/gcc/arm-atollic-eabi/6.3.1/../../../../arm-atollic-eabi/lib/armv7-m\libc_nano.a(lib_a-nano-svfprintf.o)
 .ARM.attributes
                0x00000f25       0x2d f:/soft ware/turestudio/truestudio for stm32 9.0.1/armtools/bin/../lib/gcc/arm-atollic-eabi/6.3.1/../../../../arm-atollic-eabi/lib/armv7-m\libc_nano.a(lib_a-signal.o)
 .ARM.attributes
                0x00000f52       0x2d f:/soft ware/turestudio/truestudio for stm32 9.0.1/armtools/bin/../lib/gcc/arm-atollic-eabi/6.3.1/../../../../arm-atollic-eabi/lib/armv7-m\libc_nano.a(lib_a-signalr.o)
 .ARM.attributes
                0x00000f7f       0x2d f:/soft ware/turestudio/truestudio for stm32 9.0.1/armtools/bin/../lib/gcc/arm-atollic-eabi/6.3.1/../../../../arm-atollic-eabi/lib/armv7-m\libc_nano.a(lib_a-stdio.o)
 .ARM.attributes
                0x00000fac       0x2d f:/soft ware/turestudio/truestudio for stm32 9.0.1/armtools/bin/../lib/gcc/arm-atollic-eabi/6.3.1/../../../../arm-atollic-eabi/lib/armv7-m\libc_nano.a(lib_a-writer.o)
 .ARM.attributes
                0x00000fd9       0x2d f:/soft ware/turestudio/truestudio for stm32 9.0.1/armtools/bin/../lib/gcc/arm-atollic-eabi/6.3.1/../../../../arm-atollic-eabi/lib/armv7-m\libc_nano.a(lib_a-closer.o)
 .ARM.attributes
                0x00001006       0x2d f:/soft ware/turestudio/truestudio for stm32 9.0.1/armtools/bin/../lib/gcc/arm-atollic-eabi/6.3.1/../../../../arm-atollic-eabi/lib/armv7-m\libc_nano.a(lib_a-fstatr.o)
 .ARM.attributes
                0x00001033       0x2d f:/soft ware/turestudio/truestudio for stm32 9.0.1/armtools/bin/../lib/gcc/arm-atollic-eabi/6.3.1/../../../../arm-atollic-eabi/lib/armv7-m\libc_nano.a(lib_a-isattyr.o)
 .ARM.attributes
                0x00001060       0x2d f:/soft ware/turestudio/truestudio for stm32 9.0.1/armtools/bin/../lib/gcc/arm-atollic-eabi/6.3.1/../../../../arm-atollic-eabi/lib/armv7-m\libc_nano.a(lib_a-lseekr.o)
 .ARM.attributes
                0x0000108d       0x2d f:/soft ware/turestudio/truestudio for stm32 9.0.1/armtools/bin/../lib/gcc/arm-atollic-eabi/6.3.1/../../../../arm-atollic-eabi/lib/armv7-m\libc_nano.a(lib_a-nano-msizer.o)
 .ARM.attributes
                0x000010ba       0x2d f:/soft ware/turestudio/truestudio for stm32 9.0.1/armtools/bin/../lib/gcc/arm-atollic-eabi/6.3.1/../../../../arm-atollic-eabi/lib/armv7-m\libc_nano.a(lib_a-readr.o)
 .ARM.attributes
                0x000010e7       0x1d f:/soft ware/turestudio/truestudio for stm32 9.0.1/armtools/bin/../lib/gcc/arm-atollic-eabi/6.3.1/armv7-m\libgcc.a(_lshrdi3.o)
 .ARM.attributes
                0x00001104       0x1d f:/soft ware/turestudio/truestudio for stm32 9.0.1/armtools/bin/../lib/gcc/arm-atollic-eabi/6.3.1/armv7-m\libgcc.a(_arm_addsubdf3.o)
 .ARM.attributes
                0x00001121       0x1d f:/soft ware/turestudio/truestudio for stm32 9.0.1/armtools/bin/../lib/gcc/arm-atollic-eabi/6.3.1/armv7-m\libgcc.a(_arm_muldivdf3.o)
 .ARM.attributes
                0x0000113e       0x1d f:/soft ware/turestudio/truestudio for stm32 9.0.1/armtools/bin/../lib/gcc/arm-atollic-eabi/6.3.1/armv7-m\libgcc.a(_arm_cmpdf2.o)
 .ARM.attributes
                0x0000115b       0x1d f:/soft ware/turestudio/truestudio for stm32 9.0.1/armtools/bin/../lib/gcc/arm-atollic-eabi/6.3.1/armv7-m\libgcc.a(_arm_truncdfsf2.o)
 .ARM.attributes