Archive member included to satisfy reference by file (symbol)

d:/gnu/gcc-arm-none-eabi-7-2017-q4-major-win32/bin/../lib/gcc/arm-none-eabi/7.2.1/thumb/v7-m\libgcc.a(_arm_addsubsf3.o)
                              ./lib60870-C/src/iec60870/apl/information_objects.o (__aeabi_i2f)
d:/gnu/gcc-arm-none-eabi-7-2017-q4-major-win32/bin/../lib/gcc/arm-none-eabi/7.2.1/thumb/v7-m\libgcc.a(_arm_muldivsf3.o)
                              ./lib60870-C/src/iec60870/apl/information_objects.o (__aeabi_fmul)
d:/gnu/gcc-arm-none-eabi-7-2017-q4-major-win32/bin/../lib/gcc/arm-none-eabi/7.2.1/thumb/v7-m\libgcc.a(_arm_cmpsf2.o)
                              ./lib60870-C/src/iec60870/apl/information_objects.o (__aeabi_fcmplt)
d:/gnu/gcc-arm-none-eabi-7-2017-q4-major-win32/bin/../lib/gcc/arm-none-eabi/7.2.1/thumb/v7-m\libgcc.a(_arm_fixsfsi.o)
                              ./lib60870-C/src/iec60870/apl/information_objects.o (__aeabi_f2iz)
d:/gnu/gcc-arm-none-eabi-7-2017-q4-major-win32/bin/../lib/gcc/arm-none-eabi/7.2.1/thumb/v7-m\libgcc.a(_aeabi_uldivmod.o)
                              ./lib60870-C/src/iec60870/apl/cpXXtime2a.o (__aeabi_uldivmod)
d:/gnu/gcc-arm-none-eabi-7-2017-q4-major-win32/bin/../lib/gcc/arm-none-eabi/7.2.1/thumb/v7-m\libgcc.a(_udivmoddi4.o)
                              d:/gnu/gcc-arm-none-eabi-7-2017-q4-major-win32/bin/../lib/gcc/arm-none-eabi/7.2.1/thumb/v7-m\libgcc.a(_aeabi_uldivmod.o) (__udivmoddi4)
d:/gnu/gcc-arm-none-eabi-7-2017-q4-major-win32/bin/../lib/gcc/arm-none-eabi/7.2.1/thumb/v7-m\libgcc.a(_dvmd_tls.o)
                              d:/gnu/gcc-arm-none-eabi-7-2017-q4-major-win32/bin/../lib/gcc/arm-none-eabi/7.2.1/thumb/v7-m\libgcc.a(_aeabi_uldivmod.o) (__aeabi_ldiv0)
d:/gnu/gcc-arm-none-eabi-7-2017-q4-major-win32/bin/../lib/gcc/arm-none-eabi/7.2.1/../../../../arm-none-eabi/lib/thumb/v7-m\libg_nano.a(lib_a-errno.o)
                              ./Core/Src/syscalls.o (__errno)
d:/gnu/gcc-arm-none-eabi-7-2017-q4-major-win32/bin/../lib/gcc/arm-none-eabi/7.2.1/../../../../arm-none-eabi/lib/thumb/v7-m\libg_nano.a(lib_a-exit.o)
                              d:/gnu/gcc-arm-none-eabi-7-2017-q4-major-win32/bin/../lib/gcc/arm-none-eabi/7.2.1/../../../../arm-none-eabi/lib/thumb/v7-m/crt0.o (exit)
d:/gnu/gcc-arm-none-eabi-7-2017-q4-major-win32/bin/../lib/gcc/arm-none-eabi/7.2.1/../../../../arm-none-eabi/lib/thumb/v7-m\libg_nano.a(lib_a-impure.o)
                              d:/gnu/gcc-arm-none-eabi-7-2017-q4-major-win32/bin/../lib/gcc/arm-none-eabi/7.2.1/../../../../arm-none-eabi/lib/thumb/v7-m\libg_nano.a(lib_a-exit.o) (_global_impure_ptr)
d:/gnu/gcc-arm-none-eabi-7-2017-q4-major-win32/bin/../lib/gcc/arm-none-eabi/7.2.1/../../../../arm-none-eabi/lib/thumb/v7-m\libg_nano.a(lib_a-init.o)
                              d:/gnu/gcc-arm-none-eabi-7-2017-q4-major-win32/bin/../lib/gcc/arm-none-eabi/7.2.1/../../../../arm-none-eabi/lib/thumb/v7-m/crt0.o (__libc_init_array)
d:/gnu/gcc-arm-none-eabi-7-2017-q4-major-win32/bin/../lib/gcc/arm-none-eabi/7.2.1/../../../../arm-none-eabi/lib/thumb/v7-m\libg_nano.a(lib_a-lcltime_r.o)
                              ./lib60870-C/src/iec60870/apl/cpXXtime2a.o (localtime_r)
d:/gnu/gcc-arm-none-eabi-7-2017-q4-major-win32/bin/../lib/gcc/arm-none-eabi/7.2.1/../../../../arm-none-eabi/lib/thumb/v7-m\libg_nano.a(lib_a-memcmp.o)
                              ./components/nvs/src/nvs.o (memcmp)
d:/gnu/gcc-arm-none-eabi-7-2017-q4-major-win32/bin/../lib/gcc/arm-none-eabi/7.2.1/../../../../arm-none-eabi/lib/thumb/v7-m\libg_nano.a(lib_a-memcpy-stub.o)
                              ./freertos-code/FreeRTOS/Source/queue.o (memcpy)
d:/gnu/gcc-arm-none-eabi-7-2017-q4-major-win32/bin/../lib/gcc/arm-none-eabi/7.2.1/../../../../arm-none-eabi/lib/thumb/v7-m\libg_nano.a(lib_a-memset.o)
                              d:/gnu/gcc-arm-none-eabi-7-2017-q4-major-win32/bin/../lib/gcc/arm-none-eabi/7.2.1/../../../../arm-none-eabi/lib/thumb/v7-m/crt0.o (memset)
d:/gnu/gcc-arm-none-eabi-7-2017-q4-major-win32/bin/../lib/gcc/arm-none-eabi/7.2.1/../../../../arm-none-eabi/lib/thumb/v7-m\libg_nano.a(lib_a-month_lengths.o)
                              d:/gnu/gcc-arm-none-eabi-7-2017-q4-major-win32/bin/../lib/gcc/arm-none-eabi/7.2.1/../../../../arm-none-eabi/lib/thumb/v7-m\libg_nano.a(lib_a-lcltime_r.o) (__month_lengths)
d:/gnu/gcc-arm-none-eabi-7-2017-q4-major-win32/bin/../lib/gcc/arm-none-eabi/7.2.1/../../../../arm-none-eabi/lib/thumb/v7-m\libg_nano.a(lib_a-printf.o)
                              ./lib60870-C/src/iec60870/t104/t104_slave.o (printf)
d:/gnu/gcc-arm-none-eabi-7-2017-q4-major-win32/bin/../lib/gcc/arm-none-eabi/7.2.1/../../../../arm-none-eabi/lib/thumb/v7-m\libg_nano.a(lib_a-realloc.o)
                              ./lib60870-C/src/common/lib_memory.o (realloc)
d:/gnu/gcc-arm-none-eabi-7-2017-q4-major-win32/bin/../lib/gcc/arm-none-eabi/7.2.1/../../../../arm-none-eabi/lib/thumb/v7-m\libg_nano.a(lib_a-strcpy.o)
                              ./lib60870-C/src/iec60870/t104/t104_slave.o (strcpy)
[...]
Memory Configuration

Name             Origin             Length             Attributes
RAM              0x20000000         0x00005000         xrw
FLASH            0x08000000         0x00010000         xr
*default*        0x00000000         0xffffffff

Linker script and memory map

LOAD d:/gnu/gcc-arm-none-eabi-7-2017-q4-major-win32/bin/../lib/gcc/arm-none-eabi/7.2.1/thumb/v7-m/crti.o
LOAD d:/gnu/gcc-arm-none-eabi-7-2017-q4-major-win32/bin/../lib/gcc/arm-none-eabi/7.2.1/thumb/v7-m/crtbegin.o
LOAD d:/gnu/gcc-arm-none-eabi-7-2017-q4-major-win32/bin/../lib/gcc/arm-none-eabi/7.2.1/../../../../arm-none-eabi/lib/thumb/v7-m/crt0.o
LOAD ./lib60870-C/src/iec60870/t104/buffer_frame.o
LOAD ./lib60870-C/src/iec60870/t104/t104_frame.o
LOAD ./lib60870-C/src/iec60870/t104/t104_slave.o
LOAD ./lib60870-C/src/iec60870/apl/asdu.o
LOAD ./lib60870-C/src/iec60870/apl/bcr.o
LOAD ./lib60870-C/src/iec60870/apl/cpXXtime2a.o
LOAD ./lib60870-C/src/iec60870/apl/information_objects.o
LOAD ./lib60870-C/src/iec60870/frame.o
LOAD ./lib60870-C/src/iec60870/lib60870_common.o
LOAD ./lib60870-C/src/hal/time/freertos/time.o
LOAD ./lib60870-C/src/hal/thread/freertos/thread_freertos.o
LOAD ./lib60870-C/src/hal/socket/freertos/socket_freertos.o
LOAD ./lib60870-C/src/common/lib_memory.o
LOAD ./freertos-code/FreeRTOS/Source/portable/MemMang/heap_4.o
LOAD ./freertos-code/FreeRTOS/Source/portable/GCC/ARM_CM3/port.o
LOAD ./freertos-code/FreeRTOS/Source/croutine.o
LOAD ./freertos-code/FreeRTOS/Source/event_groups.o
LOAD ./freertos-code/FreeRTOS/Source/list.o
LOAD ./freertos-code/FreeRTOS/Source/queue.o
LOAD ./freertos-code/FreeRTOS/Source/stream_buffer.o
LOAD ./freertos-code/FreeRTOS/Source/tasks.o
LOAD ./freertos-code/FreeRTOS/Source/timers.o
LOAD ./freertos-code/FreeRTOS-Plus/Source/FreeRTOS-Plus-CLI/FreeRTOS_CLI.o
LOAD ./components/ring_buffer/ring_buffer.o
LOAD ./components/nvs/src/nvs.o
LOAD ./components/flash/flash_page_layout.o
LOAD ./components/flash/flash_stm32.o
LOAD ./components/flash/flash_stm32f1x.o
LOAD ./components/crc/crc8_sw.o
LOAD ./Drivers/STM32F1xx_HAL_Driver/Src/stm32f1xx_hal.o
LOAD ./Drivers/STM32F1xx_HAL_Driver/Src/stm32f1xx_hal_adc.o
LOAD ./Drivers/STM32F1xx_HAL_Driver/Src/stm32f1xx_hal_adc_ex.o
LOAD ./Drivers/STM32F1xx_HAL_Driver/Src/stm32f1xx_hal_can.o
LOAD ./Drivers/STM32F1xx_HAL_Driver/Src/stm32f1xx_hal_cec.o
LOAD ./Drivers/STM32F1xx_HAL_Driver/Src/stm32f1xx_hal_cortex.o
LOAD ./Drivers/STM32F1xx_HAL_Driver/Src/stm32f1xx_hal_crc.o
LOAD ./Drivers/STM32F1xx_HAL_Driver/Src/stm32f1xx_hal_dac.o
LOAD ./Drivers/STM32F1xx_HAL_Driver/Src/stm32f1xx_hal_dac_ex.o
LOAD ./Drivers/STM32F1xx_HAL_Driver/Src/stm32f1xx_hal_dma.o
LOAD ./Drivers/STM32F1xx_HAL_Driver/Src/stm32f1xx_hal_eth.o
LOAD ./Drivers/STM32F1xx_HAL_Driver/Src/stm32f1xx_hal_flash.o
LOAD ./Drivers/STM32F1xx_HAL_Driver/Src/stm32f1xx_hal_flash_ex.o
LOAD ./Drivers/STM32F1xx_HAL_Driver/Src/stm32f1xx_hal_gpio.o
LOAD ./Drivers/STM32F1xx_HAL_Driver/Src/stm32f1xx_hal_gpio_ex.o
LOAD ./Drivers/STM32F1xx_HAL_Driver/Src/stm32f1xx_hal_hcd.o
LOAD ./Drivers/STM32F1xx_HAL_Driver/Src/stm32f1xx_hal_i2c.o
LOAD ./Drivers/STM32F1xx_HAL_Driver/Src/stm32f1xx_hal_i2s.o
LOAD ./Drivers/STM32F1xx_HAL_Driver/Src/stm32f1xx_hal_irda.o
LOAD ./Drivers/STM32F1xx_HAL_Driver/Src/stm32f1xx_hal_iwdg.o
LOAD ./Drivers/STM32F1xx_HAL_Driver/Src/stm32f1xx_hal_mmc.o
LOAD ./Drivers/STM32F1xx_HAL_Driver/Src/stm32f1xx_hal_nand.o
LOAD ./Drivers/STM32F1xx_HAL_Driver/Src/stm32f1xx_hal_nor.o
LOAD ./Drivers/STM32F1xx_HAL_Driver/Src/stm32f1xx_hal_pccard.o
LOAD ./Drivers/STM32F1xx_HAL_Driver/Src/stm32f1xx_hal_pcd.o
LOAD ./Drivers/STM32F1xx_HAL_Driver/Src/stm32f1xx_hal_pcd_ex.o
LOAD ./Drivers/STM32F1xx_HAL_Driver/Src/stm32f1xx_hal_pwr.o
LOAD ./Drivers/STM32F1xx_HAL_Driver/Src/stm32f1xx_hal_rcc.o
LOAD ./Drivers/STM32F1xx_HAL_Driver/Src/stm32f1xx_hal_rcc_ex.o
LOAD ./Drivers/STM32F1xx_HAL_Driver/Src/stm32f1xx_hal_rtc.o
LOAD ./Drivers/STM32F1xx_HAL_Driver/Src/stm32f1xx_hal_rtc_ex.o
LOAD ./Drivers/STM32F1xx_HAL_Driver/Src/stm32f1xx_hal_sd.o
LOAD ./Drivers/STM32F1xx_HAL_Driver/Src/stm32f1xx_hal_smartcard.o
LOAD ./Drivers/STM32F1xx_HAL_Driver/Src/stm32f1xx_hal_spi.o
LOAD ./Drivers/STM32F1xx_HAL_Driver/Src/stm32f1xx_hal_spi_ex.o
LOAD ./Drivers/STM32F1xx_HAL_Driver/Src/stm32f1xx_hal_sram.o
LOAD ./Drivers/STM32F1xx_HAL_Driver/Src/stm32f1xx_hal_tim.o
LOAD ./Drivers/STM32F1xx_HAL_Driver/Src/stm32f1xx_hal_tim_ex.o
LOAD ./Drivers/STM32F1xx_HAL_Driver/Src/stm32f1xx_hal_uart.o
LOAD ./Drivers/STM32F1xx_HAL_Driver/Src/stm32f1xx_hal_usart.o
LOAD ./Drivers/STM32F1xx_HAL_Driver/Src/stm32f1xx_hal_wwdg.o
LOAD ./Drivers/STM32F1xx_HAL_Driver/Src/stm32f1xx_ll_adc.o
LOAD ./Drivers/STM32F1xx_HAL_Driver/Src/stm32f1xx_ll_crc.o
LOAD ./Drivers/STM32F1xx_HAL_Driver/Src/stm32f1xx_ll_dac.o
LOAD ./Drivers/STM32F1xx_HAL_Driver/Src/stm32f1xx_ll_dma.o
LOAD ./Drivers/STM32F1xx_HAL_Driver/Src/stm32f1xx_ll_exti.o
LOAD ./Drivers/STM32F1xx_HAL_Driver/Src/stm32f1xx_ll_fsmc.o
LOAD ./Drivers/STM32F1xx_HAL_Driver/Src/stm32f1xx_ll_gpio.o
LOAD ./Drivers/STM32F1xx_HAL_Driver/Src/stm32f1xx_ll_i2c.o
LOAD ./Drivers/STM32F1xx_HAL_Driver/Src/stm32f1xx_ll_pwr.o
LOAD ./Drivers/STM32F1xx_HAL_Driver/Src/stm32f1xx_ll_rcc.o
LOAD ./Drivers/STM32F1xx_HAL_Driver/Src/stm32f1xx_ll_rtc.o
LOAD ./Drivers/STM32F1xx_HAL_Driver/Src/stm32f1xx_ll_sdmmc.o
LOAD ./Drivers/STM32F1xx_HAL_Driver/Src/stm32f1xx_ll_spi.o
LOAD ./Drivers/STM32F1xx_HAL_Driver/Src/stm32f1xx_ll_tim.o
LOAD ./Drivers/STM32F1xx_HAL_Driver/Src/stm32f1xx_ll_usart.o
LOAD ./Drivers/STM32F1xx_HAL_Driver/Src/stm32f1xx_ll_usb.o
LOAD ./Drivers/STM32F1xx_HAL_Driver/Src/stm32f1xx_ll_utils.o
LOAD ./Core/Src/dma.o
LOAD ./Core/Src/freertos.o
LOAD ./Core/Src/gpio.o
LOAD ./Core/Src/i2c.o
LOAD ./Core/Src/iec104_via_rs485_handler.o
LOAD ./Core/Src/iwdg.o
LOAD ./Core/Src/main.o
LOAD ./Core/Src/retarget.o
LOAD ./Core/Src/rn8302b.o
LOAD ./Core/Src/rtc.o
LOAD ./Core/Src/spi.o
LOAD ./Core/Src/stm32f1xx_hal_msp.o
LOAD ./Core/Src/stm32f1xx_hal_timebase_tim.o
LOAD ./Core/Src/stm32f1xx_it.o
LOAD ./Core/Src/syscalls.o
LOAD ./Core/Src/system_stm32f1xx.o
LOAD ./Core/Src/tim.o
LOAD ./Core/Src/usart.o
LOAD ./CMSIS_RTOS/cmsis_os.o
LOAD ./startup_stm32f103xb.o
LOAD d:/gnu/gcc-arm-none-eabi-7-2017-q4-major-win32/bin/../lib/gcc/arm-none-eabi/7.2.1/../../../../arm-none-eabi/lib/thumb/v7-m\libstdc++_nano.a
LOAD d:/gnu/gcc-arm-none-eabi-7-2017-q4-major-win32/bin/../lib/gcc/arm-none-eabi/7.2.1/../../../../arm-none-eabi/lib/thumb/v7-m\libm.a
START GROUP
LOAD d:/gnu/gcc-arm-none-eabi-7-2017-q4-major-win32/bin/../lib/gcc/arm-none-eabi/7.2.1/thumb/v7-m\libgcc.a
LOAD d:/gnu/gcc-arm-none-eabi-7-2017-q4-major-win32/bin/../lib/gcc/arm-none-eabi/7.2.1/../../../../arm-none-eabi/lib/thumb/v7-m\libg_nano.a
LOAD d:/gnu/gcc-arm-none-eabi-7-2017-q4-major-win32/bin/../lib/gcc/arm-none-eabi/7.2.1/../../../../arm-none-eabi/lib/thumb/v7-m\libc_nano.a
END GROUP
START GROUP
LOAD d:/gnu/gcc-arm-none-eabi-7-2017-q4-major-win32/bin/../lib/gcc/arm-none-eabi/7.2.1/thumb/v7-m\libgcc.a
LOAD d:/gnu/gcc-arm-none-eabi-7-2017-q4-major-win32/bin/../lib/gcc/arm-none-eabi/7.2.1/../../../../arm-none-eabi/lib/thumb/v7-m\libc_nano.a
END GROUP
LOAD d:/gnu/gcc-arm-none-eabi-7-2017-q4-major-win32/bin/../lib/gcc/arm-none-eabi/7.2.1/thumb/v7-m/crtend.o
LOAD d:/gnu/gcc-arm-none-eabi-7-2017-q4-major-win32/bin/../lib/gcc/arm-none-eabi/7.2.1/thumb/v7-m/crtn.o
                0x20005000                _estack = 0x20005000
                0x00000200                _Min_Heap_Size = 0x200
                0x00000400                _Min_Stack_Size = 0x400

.isr_vector     0x08000000      0x10c
                0x08000000                . = ALIGN (0x4)
 *(.isr_vector)
 .isr_vector    0x08000000      0x10c ./startup_stm32f103xb.o
                0x08000000                g_pfnVectors
                0x0800010c                . = ALIGN (0x4)

.text           0x08000110     0xac58
                0x08000110                . = ALIGN (0x4)
 *(.text)
 .text          0x08000110       0x40 d:/gnu/gcc-arm-none-eabi-7-2017-q4-major-win32/bin/../lib/gcc/arm-none-eabi/7.2.1/thumb/v7-m/crtbegin.o
 .text          0x08000150      0x21c d:/gnu/gcc-arm-none-eabi-7-2017-q4-major-win32/bin/../lib/gcc/arm-none-eabi/7.2.1/thumb/v7-m\libgcc.a(_arm_addsubsf3.o)
                0x08000150                __aeabi_frsub
                0x08000158                __subsf3
                0x08000158                __aeabi_fsub
                0x0800015c                __aeabi_fadd
                0x0800015c                __addsf3
                0x080002bc                __aeabi_ui2f
                0x080002bc                __floatunsisf
                0x080002c4                __aeabi_i2f
                0x080002c4                __floatsisf
                0x080002e0                __aeabi_ul2f
                0x080002e0                __floatundisf
                0x080002f0                __aeabi_l2f
                0x080002f0                __floatdisf
 .text          0x0800036c      0x2a0 d:/gnu/gcc-arm-none-eabi-7-2017-q4-major-win32/bin/../lib/gcc/arm-none-eabi/7.2.1/thumb/v7-m\libgcc.a(_arm_muldivsf3.o)
                0x0800036c                __mulsf3
                0x0800036c                __aeabi_fmul
                0x080004d4                __aeabi_fdiv
                0x080004d4                __divsf3
 .text          0x0800060c       0x10 d:/gnu/gcc-arm-none-eabi-7-2017-q4-major-win32/bin/../lib/gcc/arm-none-eabi/7.2.1/../../../../arm-none-eabi/lib/thumb/v7-m\libg_nano.a(lib_a-strlen.o)
                0x0800060c                strlen
 *(.text*)
 .text.BufferFrame_destroy
                0x0800061c        0x2 ./lib60870-C/src/iec60870/t104/buffer_frame.o
                0x0800061c                BufferFrame_destroy
 .text.BufferFrame_resetFrame
                0x0800061e        0x6 ./lib60870-C/src/iec60870/t104/buffer_frame.o
                0x0800061e                BufferFrame_resetFrame
 .text.BufferFrame_setNextByte
                0x08000624        0xe ./lib60870-C/src/iec60870/t104/buffer_frame.o
                0x08000624                BufferFrame_setNextByte
 .text.BufferFrame_appendBytes
                0x08000632       0x24 ./lib60870-C/src/iec60870/t104/buffer_frame.o
                0x08000632                BufferFrame_appendBytes
 .text.BufferFrame_getMsgSize
                0x08000656        0x4 ./lib60870-C/src/iec60870/t104/buffer_frame.o
                0x08000656                BufferFrame_getMsgSize
 .text.BufferFrame_getBuffer
                0x0800065a        0x4 ./lib60870-C/src/iec60870/t104/buffer_frame.o
                0x0800065a                BufferFrame_getBuffer
 .text.BufferFrame_getSpaceLeft
                0x0800065e        0xa ./lib60870-C/src/iec60870/t104/buffer_frame.o
                0x0800065e                BufferFrame_getSpaceLeft
 .text.BufferFrame_initialize
                0x08000668       0x14 ./lib60870-C/src/iec60870/t104/buffer_frame.o
                0x08000668                BufferFrame_initialize
 .text.isSentBufferFull
                0x0800067c       0x20 ./lib60870-C/src/iec60870/t104/t104_slave.o
 .text.resetT3Timeout
                0x0800069c       0x26 ./lib60870-C/src/iec60870/t104/t104_slave.o
 .text.checkSequenceNumber
                0x080006c2      0x194 ./lib60870-C/src/iec60870/t104/t104_slave.o
 *fill*         0x08000856        0x2 
 .text.sendSMessage
                0x08000858       0x3c ./lib60870-C/src/iec60870/t104/t104_slave.o
 .text.serverThread
                0x08000894       0xdc ./lib60870-C/src/iec60870/t104/t104_slave.o
 .text.sendASDU
                0x08000970       0xca ./lib60870-C/src/iec60870/t104/t104_slave.o
 .text.sendASDUInternal.part.5
                0x08000a3a       0x42 ./lib60870-C/src/iec60870/t104/t104_slave.o
 .text.sendASDUInternal
                0x08000a7c       0xa2 ./lib60870-C/src/iec60870/t104/t104_slave.o
 .text.responseCOTUnknown
                0x08000b1e       0x18 ./lib60870-C/src/iec60870/t104/t104_slave.o
 *fill*         0x08000b36        0x2 
 .text.connectionHandlingThread
                0x08000b38      0x5c0 ./lib60870-C/src/iec60870/t104/t104_slave.o
 .text.T104Slave_create
                0x080010f8       0x9c ./lib60870-C/src/iec60870/t104/t104_slave.o
                0x080010f8                T104Slave_create
 .text.T104Slave_setLocalAddress
                0x08001194       0x2e ./lib60870-C/src/iec60870/t104/t104_slave.o
                0x08001194                T104Slave_setLocalAddress
 .text.Slave_setInterrogationHandler
                0x080011c2        0x6 ./lib60870-C/src/iec60870/t104/t104_slave.o
                0x080011c2                Slave_setInterrogationHandler
 .text.Slave_setASDUHandler
                0x080011c8        0x6 ./lib60870-C/src/iec60870/t104/t104_slave.o
                0x080011c8                Slave_setASDUHandler
 .text.Slave_setClockSyncHandler
                0x080011ce        0x6 ./lib60870-C/src/iec60870/t104/t104_slave.o
                0x080011ce                Slave_setClockSyncHandler
 .text.Slave_getConnectionParameters
                0x080011d4        0x6 ./lib60870-C/src/iec60870/t104/t104_slave.o
                0x080011d4                Slave_getConnectionParameters
 .text.MasterConnection_sendASDU
                0x080011da       0x1c ./lib60870-C/src/iec60870/t104/t104_slave.o
                0x080011da                MasterConnection_sendASDU
 .text.MasterConnection_sendACT_CON
                0x080011f6       0x24 ./lib60870-C/src/iec60870/t104/t104_slave.o
                0x080011f6                MasterConnection_sendACT_CON
 .text.MasterConnection_sendACT_TERM
                0x0800121a       0x22 ./lib60870-C/src/iec60870/t104/t104_slave.o
                0x0800121a                MasterConnection_sendACT_TERM
 .text.Slave_start
                0x0800123c       0x3c ./lib60870-C/src/iec60870/t104/t104_slave.o
                0x0800123c                Slave_start
 .text.Slave_isRunning
                0x08001278        0x6 ./lib60870-C/src/iec60870/t104/t104_slave.o
                0x08001278                Slave_isRunning
 .text.asduFrame_destroy
                0x0800127e        0x2 ./lib60870-C/src/iec60870/apl/asdu.o
 .text.asduFrame_setNextByte
                0x08001280       0x10 ./lib60870-C/src/iec60870/apl/asdu.o
 .text.asduFrame_appendBytes
                0x08001290       0x28 ./lib60870-C/src/iec60870/apl/asdu.o
 .text.asduFrame_getSpaceLeft
                0x080012b8        0xe ./lib60870-C/src/iec60870/apl/asdu.o
 .text.ASDU_create
                0x080012c6       0xa6 ./lib60870-C/src/iec60870/apl/asdu.o
                0x080012c6                ASDU_create
 .text.ASDU_destroy
                0x0800136c        0x4 ./lib60870-C/src/iec60870/apl/asdu.o
                0x0800136c                ASDU_destroy
 .text.ASDU_isStackCreated
                0x08001370        0x4 ./lib60870-C/src/iec60870/apl/asdu.o
                0x08001370                ASDU_isStackCreated
 .text.ASDU_encode
                0x08001374       0x10 ./lib60870-C/src/iec60870/apl/asdu.o
                0x08001374                ASDU_encode
 .text.ASDU_createFromBuffer
                0x08001384       0x34 ./lib60870-C/src/iec60870/apl/asdu.o
                0x08001384                ASDU_createFromBuffer
 .text.ASDU_setNegative
                0x080013b8       0x14 ./lib60870-C/src/iec60870/apl/asdu.o
                0x080013b8                ASDU_setNegative
 .text.ASDU_getCOT
                0x080013cc        0xa ./lib60870-C/src/iec60870/apl/asdu.o
                0x080013cc                ASDU_getCOT
 .text.ASDU_setCOT
                0x080013d6       0x12 ./lib60870-C/src/iec60870/apl/asdu.o
                0x080013d6                ASDU_setCOT
 .text.ASDU_getTypeID
                0x080013e8        0x6 ./lib60870-C/src/iec60870/apl/asdu.o
                0x080013e8                ASDU_getTypeID
 .text.ASDU_isSequence
                0x080013ee        0x8 ./lib60870-C/src/iec60870/apl/asdu.o
                0x080013ee                ASDU_isSequence
 *fill*         0x080013f6        0x2 
 .text.ASDU_addInformationObject
                0x080013f8       0x3c ./lib60870-C/src/iec60870/apl/asdu.o
                0x080013f8                ASDU_addInformationObject
 .text.ASDU_getElement
                0x08001434      0x8f8 ./lib60870-C/src/iec60870/apl/asdu.o
                0x08001434                ASDU_getElement
 .text.CP16Time2a_getFromBuffer
                0x08001d2c       0x18 ./lib60870-C/src/iec60870/apl/cpXXtime2a.o
                0x08001d2c                CP16Time2a_getFromBuffer
 .text.CP24Time2a_getFromBuffer
                0x08001d44       0x1e ./lib60870-C/src/iec60870/apl/cpXXtime2a.o
                0x08001d44                CP24Time2a_getFromBuffer
 .text.CP56Time2a_getFromBuffer
                0x08001d62       0x22 ./lib60870-C/src/iec60870/apl/cpXXtime2a.o
                0x08001d62                CP56Time2a_getFromBuffer
 .text.CP56Time2a_getMillisecond
                0x08001d84       0x16 ./lib60870-C/src/iec60870/apl/cpXXtime2a.o
                0x08001d84                CP56Time2a_getMillisecond
 .text.CP56Time2a_toMsTimestamp
                0x08001d9a       0xd8 ./lib60870-C/src/iec60870/apl/cpXXtime2a.o
                0x08001d9a                CP56Time2a_toMsTimestamp
 .text.CP56Time2a_getSecond
                0x08001e72       0x12 ./lib60870-C/src/iec60870/apl/cpXXtime2a.o
                0x08001e72                CP56Time2a_getSecond
 .text.CP56Time2a_getMinute
                0x08001e84        0x8 ./lib60870-C/src/iec60870/apl/cpXXtime2a.o
                0x08001e84                CP56Time2a_getMinute
 .text.CP56Time2a_getHour
                0x08001e8c        0x8 ./lib60870-C/src/iec60870/apl/cpXXtime2a.o
                0x08001e8c                CP56Time2a_getHour
 .text.CP56Time2a_getDayOfWeek
                0x08001e94        0x6 ./lib60870-C/src/iec60870/apl/cpXXtime2a.o
                0x08001e94                CP56Time2a_getDayOfWeek
 .text.CP56Time2a_getDayOfMonth
                0x08001e9a        0x8 ./lib60870-C/src/iec60870/apl/cpXXtime2a.o
                0x08001e9a                CP56Time2a_getDayOfMonth
 .text.CP56Time2a_getMonth
                0x08001ea2        0x8 ./lib60870-C/src/iec60870/apl/cpXXtime2a.o
                0x08001ea2                CP56Time2a_getMonth
 .text.CP56Time2a_getYear
                0x08001eaa        0x8 ./lib60870-C/src/iec60870/apl/cpXXtime2a.o
                0x08001eaa                CP56Time2a_getYear
 .text.SinglePointInformation_destroy
                0x08001eb2        0x4 ./lib60870-C/src/iec60870/apl/information_objects.o
                0x08001eb2                SinglePointInformation_destroy
 .text.StepPositionInformation_destroy
                0x08001eb6        0x4 ./lib60870-C/src/iec60870/apl/information_objects.o
                0x08001eb6                StepPositionInformation_destroy
 .text.StepPositionWithCP56Time2a_destroy
                0x08001eba        0x4 ./lib60870-C/src/iec60870/apl/information_objects.o
                0x08001eba                StepPositionWithCP56Time2a_destroy
 .text.StepPositionWithCP24Time2a_destroy
                0x08001ebe        0x4 ./lib60870-C/src/iec60870/apl/information_objects.o
                0x08001ebe                StepPositionWithCP24Time2a_destroy
 .text.DoublePointInformation_destroy
                0x08001ec2        0x4 ./lib60870-C/src/iec60870/apl/information_objects.o
                0x08001ec2                DoublePointInformation_destroy
 .text.DoublePointWithCP24Time2a_destroy
                0x08001ec6        0x4 ./lib60870-C/src/iec60870/apl/information_objects.o
                0x08001ec6                DoublePointWithCP24Time2a_destroy
 .text.DoublePointWithCP56Time2a_destroy
                0x08001eca        0x4 ./lib60870-C/src/iec60870/apl/information_objects.o
                0x08001eca                DoublePointWithCP56Time2a_destroy
 .text.SinglePointWithCP24Time2a_destroy
                0x08001ece        0x4 ./lib60870-C/src/iec60870/apl/information_objects.o
                0x08001ece                SinglePointWithCP24Time2a_destroy
 .text.SinglePointWithCP56Time2a_destroy
                0x08001ed2        0x4 ./lib60870-C/src/iec60870/apl/information_objects.o
                0x08001ed2                SinglePointWithCP56Time2a_destroy
 .text.BitString32_destroy
                0x08001ed6        0x4 ./lib60870-C/src/iec60870/apl/information_objects.o
                0x08001ed6                BitString32_destroy
 .text.Bitstring32WithCP24Time2a_destroy
                0x08001eda        0x4 ./lib60870-C/src/iec60870/apl/information_objects.o
                0x08001eda                Bitstring32WithCP24Time2a_destroy
 .text.Bitstring32WithCP56Time2a_destroy
                0x08001ede        0x4 ./lib60870-C/src/iec60870/apl/information_objects.o
                0x08001ede                Bitstring32WithCP56Time2a_destroy
 .text.MeasuredValueNormalized_destroy
                0x08001ee2        0x4 ./lib60870-C/src/iec60870/apl/information_objects.o
                0x08001ee2                MeasuredValueNormalized_destroy
 .text.MeasuredValueNormalizedWithoutQuality_destroy
                0x08001ee6        0x4 ./lib60870-C/src/iec60870/apl/information_objects.o
                0x08001ee6                MeasuredValueNormalizedWithoutQuality_destroy
 .text.MeasuredValueNormalizedWithCP24Time2a_destroy
                0x08001eea        0x4 ./lib60870-C/src/iec60870/apl/information_objects.o
                0x08001eea                MeasuredValueNormalizedWithCP24Time2a_destroy
 .text.MeasuredValueNormalizedWithCP56Time2a_destroy
                0x08001eee        0x4 ./lib60870-C/src/iec60870/apl/information_objects.o
                0x08001eee                MeasuredValueNormalizedWithCP56Time2a_destroy
 .text.MeasuredValueScaled_destroy
                0x08001ef2        0x4 ./lib60870-C/src/iec60870/apl/information_objects.o
                0x08001ef2                MeasuredValueScaled_destroy
 .text.MeasuredValueScaledWithCP56Time2a_destroy
                0x08001ef6        0x4 ./lib60870-C/src/iec60870/apl/information_objects.o
                0x08001ef6                MeasuredValueScaledWithCP56Time2a_destroy
 .text.MeasuredValueShort_destroy
                0x08001efa        0x4 ./lib60870-C/src/iec60870/apl/information_objects.o
                0x08001efa                MeasuredValueShort_destroy
 .text.MeasuredValueShortWithCP24Time2a_destroy
                0x08001efe        0x4 ./lib60870-C/src/iec60870/apl/information_objects.o
                0x08001efe                MeasuredValueShortWithCP24Time2a_destroy
 .text.MeasuredValueShortWithCP56Time2a_destroy
                0x08001f02        0x4 ./lib60870-C/src/iec60870/apl/information_objects.o
                0x08001f02                MeasuredValueShortWithCP56Time2a_destroy
 .text.IntegratedTotals_destroy
                0x08001f06        0x4 ./lib60870-C/src/iec60870/apl/information_objects.o
                0x08001f06                IntegratedTotals_destroy
 .text.IntegratedTotalsWithCP24Time2a_destroy
                0x08001f0a        0x4 ./lib60870-C/src/iec60870/apl/information_objects.o
                0x08001f0a                IntegratedTotalsWithCP24Time2a_destroy
 .text.IntegratedTotalsWithCP56Time2a_destroy
                0x08001f0e        0x4 ./lib60870-C/src/iec60870/apl/information_objects.o
                0x08001f0e                IntegratedTotalsWithCP56Time2a_destroy
 .text.EventOfProtectionEquipment_destroy
                0x08001f12        0x4 ./lib60870-C/src/iec60870/apl/information_objects.o
                0x08001f12                EventOfProtectionEquipment_destroy
 .text.EventOfProtectionEquipmentWithCP56Time2a_destroy
                0x08001f16        0x4 ./lib60870-C/src/iec60870/apl/information_objects.o
                0x08001f16                EventOfProtectionEquipmentWithCP56Time2a_destroy
 .text.PackedStartEventsOfProtectionEquipment_destroy
                0x08001f1a        0x4 ./lib60870-C/src/iec60870/apl/information_objects.o
                0x08001f1a                PackedStartEventsOfProtectionEquipment_destroy
 .text.PackedStartEventsOfProtectionEquipmentWithCP56Time2a_destroy
                0x08001f1e        0x4 ./lib60870-C/src/iec60870/apl/information_objects.o
                0x08001f1e                PackedStartEventsOfProtectionEquipmentWithCP56Time2a_destroy
 .text.PackedOutputCircuitInfo_destroy
                0x08001f22        0x4 ./lib60870-C/src/iec60870/apl/information_objects.o
                0x08001f22                PackedOutputCircuitInfo_destroy
 .text.PackedOutputCircuitInfoWithCP56Time2a_destroy
                0x08001f26        0x4 ./lib60870-C/src/iec60870/apl/information_objects.o
                0x08001f26                PackedOutputCircuitInfoWithCP56Time2a_destroy
 .text.PackedSinglePointWithSCD_destroy
                0x08001f2a        0x4 ./lib60870-C/src/iec60870/apl/information_objects.o
                0x08001f2a                PackedSinglePointWithSCD_destroy
 .text.SingleCommand_destroy
                0x08001f2e        0x4 ./lib60870-C/src/iec60870/apl/information_objects.o
                0x08001f2e                SingleCommand_destroy
 .text.SingleCommandWithCP56Time2a_destroy
                0x08001f32        0x4 ./lib60870-C/src/iec60870/apl/information_objects.o
                0x08001f32                SingleCommandWithCP56Time2a_destroy
 .text.DoubleCommand_destroy
                0x08001f36        0x4 ./lib60870-C/src/iec60870/apl/information_objects.o
                0x08001f36                DoubleCommand_destroy
 .text.DoubleCommandWithCP56Time2a_destroy
                0x08001f3a        0x4 ./lib60870-C/src/iec60870/apl/information_objects.o
                0x08001f3a                DoubleCommandWithCP56Time2a_destroy
 .text.StepCommand_destroy
                0x08001f3e        0x4 ./lib60870-C/src/iec60870/apl/information_objects.o
                0x08001f3e                StepCommand_destroy
 .text.SetpointCommandNormalized_destroy
                0x08001f42        0x4 ./lib60870-C/src/iec60870/apl/information_objects.o
                0x08001f42                SetpointCommandNormalized_destroy
 .text.SetpointCommandNormalizedWithCP56Time2a_destroy
                0x08001f46        0x4 ./lib60870-C/src/iec60870/apl/information_objects.o
                0x08001f46                SetpointCommandNormalizedWithCP56Time2a_destroy
 .text.SetpointCommandScaled_destroy
                0x08001f4a        0x4 ./lib60870-C/src/iec60870/apl/information_objects.o
                0x08001f4a                SetpointCommandScaled_destroy
 .text.SetpointCommandScaledWithCP56Time2a_destroy
                0x08001f4e        0x4 ./lib60870-C/src/iec60870/apl/information_objects.o
                0x08001f4e                SetpointCommandScaledWithCP56Time2a_destroy
 .text.SetpointCommandShort_destroy
                0x08001f52        0x4 ./lib60870-C/src/iec60870/apl/information_objects.o
                0x08001f52                SetpointCommandShort_destroy
 .text.SetpointCommandShortWithCP56Time2a_destroy
                0x08001f56        0x4 ./lib60870-C/src/iec60870/apl/information_objects.o
                0x08001f56                SetpointCommandShortWithCP56Time2a_destroy
 .text.Bitstring32Command_destroy
                0x08001f5a        0x4 ./lib60870-C/src/iec60870/apl/information_objects.o
                0x08001f5a                Bitstring32Command_destroy
 .text.Bitstring32CommandWithCP56Time2a_destroy
                0x08001f5e        0x4 ./lib60870-C/src/iec60870/apl/information_objects.o
                0x08001f5e                Bitstring32CommandWithCP56Time2a_destroy
 .text.ReadCommand_destroy
                0x08001f62        0x4 ./lib60870-C/src/iec60870/apl/information_objects.o
                0x08001f62                ReadCommand_destroy
 .text.ClockSynchronizationCommand_destroy
                0x08001f66        0x4 ./lib60870-C/src/iec60870/apl/information_objects.o
                0x08001f66                ClockSynchronizationCommand_destroy
 .text.InterrogationCommand_destroy
                0x08001f6a        0x4 ./lib60870-C/src/iec60870/apl/information_objects.o
                0x08001f6a                InterrogationCommand_destroy
 .text.CounterInterrogationCommand_destroy
                0x08001f6e        0x4 ./lib60870-C/src/iec60870/apl/information_objects.o
                0x08001f6e                CounterInterrogationCommand_destroy
 .text.ResetProcessCommand_destroy
                0x08001f72        0x4 ./lib60870-C/src/iec60870/apl/information_objects.o
                0x08001f72                ResetProcessCommand_destroy
 .text.DelayAcquisitionCommand_destroy
                0x08001f76        0x4 ./lib60870-C/src/iec60870/apl/information_objects.o
                0x08001f76                DelayAcquisitionCommand_destroy
 .text.ParameterActivation_destroy
                0x08001f7a        0x4 ./lib60870-C/src/iec60870/apl/information_objects.o
                0x08001f7a                ParameterActivation_destroy
 .text.EndOfInitialization_destroy
                0x08001f7e        0x4 ./lib60870-C/src/iec60870/apl/information_objects.o
                0x08001f7e                EndOfInitialization_destroy
 .text.InformationObject_encodeBase.isra.0
                0x08001f82       0x48 ./lib60870-C/src/iec60870/apl/information_objects.o
 .text.ReadCommand_encode
                0x08001fca       0x36 ./lib60870-C/src/iec60870/apl/information_objects.o
 .text.SinglePointInformation_encode
                0x08002000       0x48 ./lib60870-C/src/iec60870/apl/information_objects.o
 .text.StepPositionInformation_encode
                0x08002048       0x48 ./lib60870-C/src/iec60870/apl/information_objects.o
 .text.DoublePointInformation_encode
                0x08002090       0x46 ./lib60870-C/src/iec60870/apl/information_objects.o
 .text.BitString32_encode
                0x080020d6       0x7a ./lib60870-C/src/iec60870/apl/information_objects.o
 .text.MeasuredValueNormalized_encode
                0x08002150       0x50 ./lib60870-C/src/iec60870/apl/information_objects.o
 .text.MeasuredValueScaled_encode
                0x080021a0        0x4 ./lib60870-C/src/iec60870/apl/information_objects.o
 .text.MeasuredValueNormalizedWithoutQuality_encode
                0x080021a4       0x48 ./lib60870-C/src/iec60870/apl/information_objects.o
 .text.SingleCommand_encode
                0x080021ec       0x40 ./lib60870-C/src/iec60870/apl/information_objects.o
 .text.DoubleCommand_encode
                0x0800222c       0x40 ./lib60870-C/src/iec60870/apl/information_objects.o
 .text.StepCommand_encode
                0x0800226c       0x40 ./lib60870-C/src/iec60870/apl/information_objects.o
 .text.InterrogationCommand_encode
                0x080022ac       0x40 ./lib60870-C/src/iec60870/apl/information_objects.o
 .text.CounterInterrogationCommand_encode
                0x080022ec       0x40 ./lib60870-C/src/iec60870/apl/information_objects.o
 .text.ResetProcessCommand_encode
                0x0800232c       0x40 ./lib60870-C/src/iec60870/apl/information_objects.o
 .text.ParameterActivation_encode
                0x0800236c       0x40 ./lib60870-C/src/iec60870/apl/information_objects.o
 .text.EndOfInitialization_encode
                0x080023ac       0x40 ./lib60870-C/src/iec60870/apl/information_objects.o
 .text.StepPositionWithCP56Time2a_encode
                0x080023ec       0x50 ./lib60870-C/src/iec60870/apl/information_objects.o
 .text.StepPositionWithCP24Time2a_encode
                0x0800243c       0x54 ./lib60870-C/src/iec60870/apl/information_objects.o
 .text.DoublePointWithCP24Time2a_encode
                0x08002490       0x52 ./lib60870-C/src/iec60870/apl/information_objects.o
 .text.DoublePointWithCP56Time2a_encode
                0x080024e2       0x52 ./lib60870-C/src/iec60870/apl/information_objects.o
 .text.SinglePointWithCP24Time2a_encode
                0x08002534       0x54 ./lib60870-C/src/iec60870/apl/information_objects.o
 .text.SinglePointWithCP56Time2a_encode
                0x08002588       0x54 ./lib60870-C/src/iec60870/apl/information_objects.o
 .text.Bitstring32WithCP24Time2a_encode
                0x080025dc       0x86 ./lib60870-C/src/iec60870/apl/information_objects.o
 .text.Bitstring32WithCP56Time2a_encode
                0x08002662       0x86 ./lib60870-C/src/iec60870/apl/information_objects.o
 .text.MeasuredValueNormalizedWithCP24Time2a_encode
                0x080026e8       0x42 ./lib60870-C/src/iec60870/apl/information_objects.o
 .text.MeasuredValueNormalizedWithCP56Time2a_encode
                0x0800272a       0x42 ./lib60870-C/src/iec60870/apl/information_objects.o
 .text.MeasuredValueScaledWithCP24Time2a_encode
                0x0800276c       0x42 ./lib60870-C/src/iec60870/apl/information_objects.o
 .text.MeasuredValueScaledWithCP56Time2a_encode
                0x080027ae       0x42 ./lib60870-C/src/iec60870/apl/information_objects.o
 .text.MeasuredValueShort_encode
                0x080027f0       0x4c ./lib60870-C/src/iec60870/apl/information_objects.o
 .text.MeasuredValueShortWithCP24Time2a_encode
                0x0800283c       0x42 ./lib60870-C/src/iec60870/apl/information_objects.o
 .text.MeasuredValueShortWithCP56Time2a_encode
                0x0800287e       0x42 ./lib60870-C/src/iec60870/apl/information_objects.o
 .text.IntegratedTotals_encode
                0x080028c0       0x44 ./lib60870-C/src/iec60870/apl/information_objects.o
 .text.IntegratedTotalsWithCP24Time2a_encode
                0x08002904       0x42 ./lib60870-C/src/iec60870/apl/information_objects.o
 .text.IntegratedTotalsWithCP56Time2a_encode
                0x08002946       0x42 ./lib60870-C/src/iec60870/apl/information_objects.o
 .text.EventOfProtectionEquipment_encode
                0x08002988       0x58 ./lib60870-C/src/iec60870/apl/information_objects.o
 .text.EventOfProtectionEquipmentWithCP56Time2a_encode
                0x080029e0       0x58 ./lib60870-C/src/iec60870/apl/information_objects.o
 .text.PackedStartEventsOfProtectionEquipment_encode
                0x08002a38       0x60 ./lib60870-C/src/iec60870/apl/information_objects.o
 .text.PackedStartEventsOfProtectionEquipmentWithCP56Time2a_encode
                0x08002a98       0x60 ./lib60870-C/src/iec60870/apl/information_objects.o
 .text.PacketOutputCircuitInfo_encode
                0x08002af8       0x60 ./lib60870-C/src/iec60870/apl/information_objects.o
 .text.PackedOutputCircuitInfoWithCP56Time2a_encode
                0x08002b58       0x60 ./lib60870-C/src/iec60870/apl/information_objects.o
 .text.PackedSinglePointWithSCD_encode
                0x08002bb8       0x4c ./lib60870-C/src/iec60870/apl/information_objects.o
 .text.SingleCommandWithCP56Time2a_encode
                0x08002c04       0x42 ./lib60870-C/src/iec60870/apl/information_objects.o
 .text.DoubleCommandWithCP56Time2a_encode
                0x08002c46       0x42 ./lib60870-C/src/iec60870/apl/information_objects.o
 .text.StepCommandWithCP56Time2a_encode
                0x08002c88       0x42 ./lib60870-C/src/iec60870/apl/information_objects.o
 .text.SetpointCommandNormalized_encode
                0x08002cca       0x4c ./lib60870-C/src/iec60870/apl/information_objects.o
 .text.SetpointCommandNormalizedWithCP56Time2a_encode
                0x08002d16       0x42 ./lib60870-C/src/iec60870/apl/information_objects.o
 .text.SetpointCommandScaled_encode
                0x08002d58       0x4c ./lib60870-C/src/iec60870/apl/information_objects.o
 .text.SetpointCommandScaledWithCP56Time2a_encode
                0x08002da4       0x42 ./lib60870-C/src/iec60870/apl/information_objects.o
 .text.SetpointCommandShort_encode
                0x08002de6       0x4c ./lib60870-C/src/iec60870/apl/information_objects.o
 .text.SetpointCommandShortWithCP56Time2a_encode
                0x08002e32       0x42 ./lib60870-C/src/iec60870/apl/information_objects.o
 .text.Bitstring32Command_encode
                0x08002e74       0x44 ./lib60870-C/src/iec60870/apl/information_objects.o
 .text.Bitstring32CommandWithCP56Time2a_encode
                0x08002eb8       0x42 ./lib60870-C/src/iec60870/apl/information_objects.o
 .text.ClockSynchronizationCommand_encode
                0x08002efa       0x44 ./lib60870-C/src/iec60870/apl/information_objects.o
 .text.DelayAcquisitionCommand_encode
                0x08002f3e       0x44 ./lib60870-C/src/iec60870/apl/information_objects.o
 .text.StepCommandWithCP56Time2a_destroy
                0x08002f82        0x4 ./lib60870-C/src/iec60870/apl/information_objects.o
                0x08002f82                StepCommandWithCP56Time2a_destroy
 .text.InformationObject_encode
                0x08002f86        0xc ./lib60870-C/src/iec60870/apl/information_objects.o
                0x08002f86                InformationObject_encode
 .text.InformationObject_destroy
                0x08002f92        0x6 ./lib60870-C/src/iec60870/apl/information_objects.o
                0x08002f92                InformationObject_destroy
 .text.InformationObject_getObjectAddress
                0x08002f98        0x4 ./lib60870-C/src/iec60870/apl/information_objects.o
                0x08002f98                InformationObject_getObjectAddress
 .text.InformationObject_setObjectAddress
                0x08002f9c        0x4 ./lib60870-C/src/iec60870/apl/information_objects.o
                0x08002f9c                InformationObject_setObjectAddress
 .text.InformationObject_ParseObjectAddress
                0x08002fa0       0x1e ./lib60870-C/src/iec60870/apl/information_objects.o
                0x08002fa0                InformationObject_ParseObjectAddress
 .text.InformationObject_getFromBuffer.isra.54
                0x08002fbe       0x12 ./lib60870-C/src/iec60870/apl/information_objects.o
 .text.SinglePointInformation_getFromBuffer
                0x08002fd0       0x54 ./lib60870-C/src/iec60870/apl/information_objects.o
                0x08002fd0                SinglePointInformation_getFromBuffer
 .text.StepPositionInformation_getFromBuffer
                0x08003024       0x50 ./lib60870-C/src/iec60870/apl/information_objects.o
                0x08003024                StepPositionInformation_getFromBuffer
 .text.StepPositionWithCP56Time2a_getFromBuffer
                0x08003074       0x60 ./lib60870-C/src/iec60870/apl/information_objects.o
                0x08003074                StepPositionWithCP56Time2a_getFromBuffer
 .text.StepPositionWithCP24Time2a_getFromBuffer
                0x080030d4       0x5c ./lib60870-C/src/iec60870/apl/information_objects.o
                0x080030d4                StepPositionWithCP24Time2a_getFromBuffer
 .text.DoublePointInformation_getFromBuffer
                0x08003130       0x54 ./lib60870-C/src/iec60870/apl/information_objects.o
                0x08003130                DoublePointInformation_getFromBuffer
 .text.DoublePointWithCP24Time2a_getFromBuffer
                0x08003184       0x64 ./lib60870-C/src/iec60870/apl/information_objects.o
                0x08003184                DoublePointWithCP24Time2a_getFromBuffer
 .text.DoublePointWithCP56Time2a_getFromBuffer
                0x080031e8       0x64 ./lib60870-C/src/iec60870/apl/information_objects.o
                0x080031e8                DoublePointWithCP56Time2a_getFromBuffer
 .text.SinglePointWithCP24Time2a_getFromBuffer
                0x0800324c       0x64 ./lib60870-C/src/iec60870/apl/information_objects.o
                0x0800324c                SinglePointWithCP24Time2a_getFromBuffer
 .text.SinglePointWithCP56Time2a_getFromBuffer
                0x080032b0       0x64 ./lib60870-C/src/iec60870/apl/information_objects.o
                0x080032b0                SinglePointWithCP56Time2a_getFromBuffer
 .text.BitString32_getFromBuffer
                0x08003314       0x4c ./lib60870-C/src/iec60870/apl/information_objects.o
                0x08003314                BitString32_getFromBuffer
 .text.Bitstring32WithCP24Time2a_getFromBuffer
                0x08003360       0x5c ./lib60870-C/src/iec60870/apl/information_objects.o
                0x08003360                Bitstring32WithCP24Time2a_getFromBuffer
 .text.Bitstring32WithCP56Time2a_getFromBuffer
                0x080033bc       0x5c ./lib60870-C/src/iec60870/apl/information_objects.o
                0x080033bc                Bitstring32WithCP56Time2a_getFromBuffer
 .text.MeasuredValueNormalized_getFromBuffer
                0x08003418       0x54 ./lib60870-C/src/iec60870/apl/information_objects.o
                0x08003418                MeasuredValueNormalized_getFromBuffer
 .text.ParameterNormalizedValue_getFromBuffer
                0x0800346c       0x16 ./lib60870-C/src/iec60870/apl/information_objects.o
                0x0800346c                ParameterNormalizedValue_getFromBuffer
 *fill*         0x08003482        0x2 
 .text.MeasuredValueNormalizedWithoutQuality_getFromBuffer
                0x08003484       0x50 ./lib60870-C/src/iec60870/apl/information_objects.o
                0x08003484                MeasuredValueNormalizedWithoutQuality_getFromBuffer
 .text.MeasuredValueNormalizedWithCP24Time2a_getFromBuffer
                0x080034d4       0x64 ./lib60870-C/src/iec60870/apl/information_objects.o
                0x080034d4                MeasuredValueNormalizedWithCP24Time2a_getFromBuffer
 .text.MeasuredValueNormalizedWithCP56Time2a_getFromBuffer
                0x08003538       0x64 ./lib60870-C/src/iec60870/apl/information_objects.o
                0x08003538                MeasuredValueNormalizedWithCP56Time2a_getFromBuffer
 .text.MeasuredValueScaled_getFromBuffer
                0x0800359c       0x54 ./lib60870-C/src/iec60870/apl/information_objects.o
                0x0800359c                MeasuredValueScaled_getFromBuffer
 .text.ParameterScaledValue_getFromBuffer
                0x080035f0       0x16 ./lib60870-C/src/iec60870/apl/information_objects.o
                0x080035f0                ParameterScaledValue_getFromBuffer
 *fill*         0x08003606        0x2 
 .text.MeasuredValueScaledWithCP24Time2a_getFromBuffer
                0x08003608       0x64 ./lib60870-C/src/iec60870/apl/information_objects.o
                0x08003608                MeasuredValueScaledWithCP24Time2a_getFromBuffer
 .text.MeasuredValueScaledWithCP56Time2a_getFromBuffer
                0x0800366c       0x64 ./lib60870-C/src/iec60870/apl/information_objects.o
                0x0800366c                MeasuredValueScaledWithCP56Time2a_getFromBuffer
 .text.MeasuredValueShort_create
                0x080036d0       0x2c ./lib60870-C/src/iec60870/apl/information_objects.o
                0x080036d0                MeasuredValueShort_create
 .text.MeasuredValueShort_getFromBuffer
                0x080036fc       0x5c ./lib60870-C/src/iec60870/apl/information_objects.o
                0x080036fc                MeasuredValueShort_getFromBuffer
 .text.ParameterFloatValue_getFromBuffer
                0x08003758       0x16 ./lib60870-C/src/iec60870/apl/information_objects.o
                0x08003758                ParameterFloatValue_getFromBuffer
 *fill*         0x0800376e        0x2 
 .text.MeasuredValueShortWithCP24Time2a_getFromBuffer
                0x08003770       0x6c ./lib60870-C/src/iec60870/apl/information_objects.o
                0x08003770                MeasuredValueShortWithCP24Time2a_getFromBuffer
 .text.MeasuredValueShortWithCP56Time2a_getFromBuffer
                0x080037dc       0x6c ./lib60870-C/src/iec60870/apl/information_objects.o
                0x080037dc                MeasuredValueShortWithCP56Time2a_getFromBuffer
 .text.IntegratedTotals_getFromBuffer
                0x08003848       0x5c ./lib60870-C/src/iec60870/apl/information_objects.o
                0x08003848                IntegratedTotals_getFromBuffer
 .text.IntegratedTotalsWithCP24Time2a_getFromBuffer
                0x080038a4       0x68 ./lib60870-C/src/iec60870/apl/information_objects.o
                0x080038a4                IntegratedTotalsWithCP24Time2a_getFromBuffer
 .text.IntegratedTotalsWithCP56Time2a_getFromBuffer
                0x0800390c       0x68 ./lib60870-C/src/iec60870/apl/information_objects.o
                0x0800390c                IntegratedTotalsWithCP56Time2a_getFromBuffer
 .text.EventOfProtectionEquipment_getFromBuffer
                0x08003974       0x78 ./lib60870-C/src/iec60870/apl/information_objects.o
                0x08003974                EventOfProtectionEquipment_getFromBuffer
 .text.EventOfProtectionEquipmentWithCP56Time2a_getFromBuffer
                0x080039ec       0x78 ./lib60870-C/src/iec60870/apl/information_objects.o
                0x080039ec                EventOfProtectionEquipmentWithCP56Time2a_getFromBuffer
 .text.PackedStartEventsOfProtectionEquipment_getFromBuffer
                0x08003a64       0x80 ./lib60870-C/src/iec60870/apl/information_objects.o
                0x08003a64                PackedStartEventsOfProtectionEquipment_getFromBuffer
 .text.PackedStartEventsOfProtectionEquipmentWithCP56Time2a_getFromBuffer
                0x08003ae4       0x80 ./lib60870-C/src/iec60870/apl/information_objects.o
                0x08003ae4                PackedStartEventsOfProtectionEquipmentWithCP56Time2a_getFromBuffer
 .text.PackedOutputCircuitInfo_getFromBuffer
                0x08003b64       0x80 ./lib60870-C/src/iec60870/apl/information_objects.o
                0x08003b64                PackedOutputCircuitInfo_getFromBuffer
 .text.PackedOutputCircuitInfoWithCP56Time2a_getFromBuffer
                0x08003be4       0x80 ./lib60870-C/src/iec60870/apl/information_objects.o
                0x08003be4                PackedOutputCircuitInfoWithCP56Time2a_getFromBuffer
 .text.PackedSinglePointWithSCD_getFromBuffer
                0x08003c64       0x6c ./lib60870-C/src/iec60870/apl/information_objects.o
                0x08003c64                PackedSinglePointWithSCD_getFromBuffer
 .text.SingleCommand_getFromBuffer
                0x08003cd0       0x48 ./lib60870-C/src/iec60870/apl/information_objects.o
                0x08003cd0                SingleCommand_getFromBuffer
 .text.SingleCommandWithCP56Time2a_getFromBuffer
                0x08003d18       0x5c ./lib60870-C/src/iec60870/apl/information_objects.o
                0x08003d18                SingleCommandWithCP56Time2a_getFromBuffer
 .text.DoubleCommand_getFromBuffer
                0x08003d74       0x48 ./lib60870-C/src/iec60870/apl/information_objects.o
                0x08003d74                DoubleCommand_getFromBuffer
 .text.DoubleCommandWithCP56Time2a_getFromBuffer
                0x08003dbc       0x5c ./lib60870-C/src/iec60870/apl/information_objects.o
                0x08003dbc                DoubleCommandWithCP56Time2a_getFromBuffer
 .text.StepCommand_getFromBuffer
                0x08003e18       0x48 ./lib60870-C/src/iec60870/apl/information_objects.o
                0x08003e18                StepCommand_getFromBuffer
 .text.StepCommandWithCP56Time2a_getFromBuffer
                0x08003e60       0x60 ./lib60870-C/src/iec60870/apl/information_objects.o
                0x08003e60                StepCommandWithCP56Time2a_getFromBuffer
 .text.SetpointCommandNormalized_getFromBuffer
                0x08003ec0       0x54 ./lib60870-C/src/iec60870/apl/information_objects.o
                0x08003ec0                SetpointCommandNormalized_getFromBuffer
 .text.SetpointCommandNormalizedWithCP56Time2a_getFromBuffer
                0x08003f14       0x68 ./lib60870-C/src/iec60870/apl/information_objects.o
                0x08003f14                SetpointCommandNormalizedWithCP56Time2a_getFromBuffer
 .text.SetpointCommandScaled_getFromBuffer
                0x08003f7c       0x54 ./lib60870-C/src/iec60870/apl/information_objects.o
                0x08003f7c                SetpointCommandScaled_getFromBuffer
 .text.SetpointCommandScaledWithCP56Time2a_getFromBuffer
                0x08003fd0       0x68 ./lib60870-C/src/iec60870/apl/information_objects.o
                0x08003fd0                SetpointCommandScaledWithCP56Time2a_getFromBuffer
 .text.SetpointCommandShort_getFromBuffer
                0x08004038       0x5c ./lib60870-C/src/iec60870/apl/information_objects.o
                0x08004038                SetpointCommandShort_getFromBuffer
 .text.SetpointCommandShortWithCP56Time2a_getFromBuffer
                0x08004094       0x70 ./lib60870-C/src/iec60870/apl/information_objects.o
                0x08004094                SetpointCommandShortWithCP56Time2a_getFromBuffer
 .text.Bitstring32Command_getFromBuffer
                0x08004104       0x58 ./lib60870-C/src/iec60870/apl/information_objects.o
                0x08004104                Bitstring32Command_getFromBuffer
 .text.Bitstring32CommandWithCP56Time2a_getFromBuffer
                0x0800415c       0x6c ./lib60870-C/src/iec60870/apl/information_objects.o
                0x0800415c                Bitstring32CommandWithCP56Time2a_getFromBuffer
 .text.ReadCommand_getFromBuffer
                0x080041c8       0x40 ./lib60870-C/src/iec60870/apl/information_objects.o
                0x080041c8                ReadCommand_getFromBuffer
 .text.ClockSynchronizationCommand_getTime
                0x08004208        0x4 ./lib60870-C/src/iec60870/apl/information_objects.o
                0x08004208                ClockSynchronizationCommand_getTime
 .text.ClockSynchronizationCommand_getFromBuffer
                0x0800420c       0x58 ./lib60870-C/src/iec60870/apl/information_objects.o
                0x0800420c                ClockSynchronizationCommand_getFromBuffer
 .text.InterrogationCommand_getQOI
                0x08004264        0x4 ./lib60870-C/src/iec60870/apl/information_objects.o
                0x08004264                InterrogationCommand_getQOI
 .text.InterrogationCommand_getFromBuffer
                0x08004268       0x48 ./lib60870-C/src/iec60870/apl/information_objects.o
                0x08004268                InterrogationCommand_getFromBuffer
 .text.CounterInterrogationCommand_getQCC
                0x080042b0        0x4 ./lib60870-C/src/iec60870/apl/information_objects.o
                0x080042b0                CounterInterrogationCommand_getQCC
 .text.CounterInterrogationCommand_getFromBuffer
                0x080042b4       0x48 ./lib60870-C/src/iec60870/apl/information_objects.o
                0x080042b4                CounterInterrogationCommand_getFromBuffer
 .text.ResetProcessCommand_getQRP
                0x080042fc        0x4 ./lib60870-C/src/iec60870/apl/information_objects.o
                0x080042fc                ResetProcessCommand_getQRP
 .text.ResetProcessCommand_getFromBuffer
                0x08004300       0x48 ./lib60870-C/src/iec60870/apl/information_objects.o
                0x08004300                ResetProcessCommand_getFromBuffer
 .text.DelayAcquisitionCommand_getDelay
                0x08004348        0x4 ./lib60870-C/src/iec60870/apl/information_objects.o
                0x08004348                DelayAcquisitionCommand_getDelay
 .text.DelayAcquisitionCommand_getFromBuffer
                0x0800434c       0x54 ./lib60870-C/src/iec60870/apl/information_objects.o
                0x0800434c                DelayAcquisitionCommand_getFromBuffer
 .text.ParameterActivation_getFromBuffer
                0x080043a0       0x3c ./lib60870-C/src/iec60870/apl/information_objects.o
                0x080043a0                ParameterActivation_getFromBuffer
 .text.EndOfInitialization_getFromBuffer
                0x080043dc       0x48 ./lib60870-C/src/iec60870/apl/information_objects.o
                0x080043dc                EndOfInitialization_getFromBuffer
 .text.Frame_setNextByte
                0x08004424        0x6 ./lib60870-C/src/iec60870/frame.o
                0x08004424                Frame_setNextByte
 .text.Frame_appendBytes
                0x0800442a        0x6 ./lib60870-C/src/iec60870/frame.o
                0x0800442a                Frame_appendBytes
 .text.Frame_getMsgSize
                0x08004430        0x6 ./lib60870-C/src/iec60870/frame.o
                0x08004430                Frame_getMsgSize
 .text.Frame_getSpaceLeft
                0x08004436        0x6 ./lib60870-C/src/iec60870/frame.o
                0x08004436                Frame_getSpaceLeft
 .text.Hal_getTimeInMs
                0x0800443c        0xa ./lib60870-C/src/hal/time/freertos/time.o
                0x0800443c                Hal_getTimeInMs
 .text.Semaphore_create
                0x08004446        0x8 ./lib60870-C/src/hal/thread/freertos/thread_freertos.o
                0x08004446                Semaphore_create
 .text.Semaphore_wait
                0x0800444e        0x8 ./lib60870-C/src/hal/thread/freertos/thread_freertos.o
                0x0800444e                Semaphore_wait
 .text.Semaphore_post
                0x08004456        0x4 ./lib60870-C/src/hal/thread/freertos/thread_freertos.o
                0x08004456                Semaphore_post
 .text.Semaphore_destroy
                0x0800445a        0x4 ./lib60870-C/src/hal/thread/freertos/thread_freertos.o
                0x0800445a                Semaphore_destroy
 .text.Thread_create
                0x0800445e       0x18 ./lib60870-C/src/hal/thread/freertos/thread_freertos.o
                0x0800445e                Thread_create
 *fill*         0x08004476        0x2 
 .text.Thread_start
                0x08004478       0x44 ./lib60870-C/src/hal/thread/freertos/thread_freertos.o
                0x08004478                Thread_start
 .text.Thread_destroy
                0x080044bc       0x10 ./lib60870-C/src/hal/thread/freertos/thread_freertos.o
                0x080044bc                Thread_destroy
 .text.destroyAutomaticThread
                0x080044cc       0x14 ./lib60870-C/src/hal/thread/freertos/thread_freertos.o
 .text.Thread_sleep
                0x080044e0        0x4 ./lib60870-C/src/hal/thread/freertos/thread_freertos.o
                0x080044e0                Thread_sleep
 .text.Handleset_new
                0x080044e4        0x6 ./lib60870-C/src/hal/socket/freertos/socket_freertos.o
                0x080044e4                Handleset_new
 .text.Handleset_reset
                0x080044ea        0x2 ./lib60870-C/src/hal/socket/freertos/socket_freertos.o
                0x080044ea                Handleset_reset
 .text.Handleset_addSocket
                0x080044ec        0x2 ./lib60870-C/src/hal/socket/freertos/socket_freertos.o
                0x080044ec                Handleset_addSocket
 *fill*         0x080044ee        0x2 
 .text.Handleset_waitReady
                0x080044f0       0x1c ./lib60870-C/src/hal/socket/freertos/socket_freertos.o
                0x080044f0                Handleset_waitReady
 .text.Handleset_destroy
                0x0800450c        0x4 ./lib60870-C/src/hal/socket/freertos/socket_freertos.o
                0x0800450c                Handleset_destroy
 .text.TcpServerSocket_create
                0x08004510        0x6 ./lib60870-C/src/hal/socket/freertos/socket_freertos.o
                0x08004510                TcpServerSocket_create
 .text.ServerSocket_listen
                0x08004516        0x2 ./lib60870-C/src/hal/socket/freertos/socket_freertos.o
                0x08004516                ServerSocket_listen
 .text.TcpSocket_create
                0x08004518       0x10 ./lib60870-C/src/hal/socket/freertos/socket_freertos.o
                0x08004518                TcpSocket_create
 .text.ServerSocket_accept
                0x08004528       0x20 ./lib60870-C/src/hal/socket/freertos/socket_freertos.o
                0x08004528                ServerSocket_accept
 .text.Socket_read
                0x08004548       0x18 ./lib60870-C/src/hal/socket/freertos/socket_freertos.o
                0x08004548                Socket_read
 .text.Socket_write
                0x08004560       0x20 ./lib60870-C/src/hal/socket/freertos/socket_freertos.o
                0x08004560                Socket_write
 .text.Socket_destroy
                0x08004580       0x24 ./lib60870-C/src/hal/socket/freertos/socket_freertos.o
                0x08004580                Socket_destroy
 .text.noMemoryAvailableHandler
                0x080045a4       0x18 ./lib60870-C/src/common/lib_memory.o
 .text.Memory_malloc
                0x080045bc       0x12 ./lib60870-C/src/common/lib_memory.o
                0x080045bc                Memory_malloc
 .text.Memory_calloc
                0x080045ce       0x22 ./lib60870-C/src/common/lib_memory.o
                0x080045ce                Memory_calloc
 .text.Memory_free
                0x080045f0        0x4 ./lib60870-C/src/common/lib_memory.o
                0x080045f0                Memory_free
 .text.unlikely.prvInsertBlockIntoFreeList
                0x080045f4       0x48 ./freertos-code/FreeRTOS/Source/portable/MemMang/heap_4.o
 .text.pvPortMalloc
                0x0800463c      0x124 ./freertos-code/FreeRTOS/Source/portable/MemMang/heap_4.o
                0x0800463c                pvPortMalloc
 .text.vPortFree
                0x08004760       0x70 ./freertos-code/FreeRTOS/Source/portable/MemMang/heap_4.o
                0x08004760                vPortFree
 .text.prvTaskExitError
                0x080047d0       0x40 ./freertos-code/FreeRTOS/Source/portable/GCC/ARM_CM3/port.o
 .text.unlikely.prvPortStartFirstTask
                0x08004810       0x20 ./freertos-code/FreeRTOS/Source/portable/GCC/ARM_CM3/port.o
 .text.pxPortInitialiseStack
                0x08004830       0x24 ./freertos-code/FreeRTOS/Source/portable/GCC/ARM_CM3/port.o
                0x08004830                pxPortInitialiseStack
 *fill*         0x08004854        0xc 
 .text.SVC_Handler
                0x08004860       0x24 ./freertos-code/FreeRTOS/Source/portable/GCC/ARM_CM3/port.o
                0x08004860                SVC_Handler
 .text.vPortEnterCritical
                0x08004884       0x44 ./freertos-code/FreeRTOS/Source/portable/GCC/ARM_CM3/port.o
                0x08004884                vPortEnterCritical
 .text.vPortExitCritical
                0x080048c8       0x28 ./freertos-code/FreeRTOS/Source/portable/GCC/ARM_CM3/port.o
                0x080048c8                vPortExitCritical
 .text.PendSV_Handler
                0x080048f0       0x44 ./freertos-code/FreeRTOS/Source/portable/GCC/ARM_CM3/port.o
                0x080048f0                PendSV_Handler
 .text.SysTick_Handler
                0x08004934       0x2c ./freertos-code/FreeRTOS/Source/portable/GCC/ARM_CM3/port.o
                0x08004934                SysTick_Handler
 .text.vPortSetupTimerInterrupt
                0x08004960       0x34 ./freertos-code/FreeRTOS/Source/portable/GCC/ARM_CM3/port.o
                0x08004960                vPortSetupTimerInterrupt
 .text.xPortStartScheduler
                0x08004994       0xb4 ./freertos-code/FreeRTOS/Source/portable/GCC/ARM_CM3/port.o
                0x08004994                xPortStartScheduler
 .text.vPortValidateInterruptPriority
                0x08004a48       0x5c ./freertos-code/FreeRTOS/Source/portable/GCC/ARM_CM3/port.o
                0x08004a48                vPortValidateInterruptPriority
 .text.vListInitialise
                0x08004aa4       0x16 ./freertos-code/FreeRTOS/Source/list.o
                0x08004aa4                vListInitialise
 .text.vListInitialiseItem
                0x08004aba        0x6 ./freertos-code/FreeRTOS/Source/list.o
                0x08004aba                vListInitialiseItem
 .text.vListInsertEnd
                0x08004ac0       0x18 ./freertos-code/FreeRTOS/Source/list.o
                0x08004ac0                vListInsertEnd
 .text.vListInsert
                0x08004ad8       0x2e ./freertos-code/FreeRTOS/Source/list.o
                0x08004ad8                vListInsert
 .text.uxListRemove
                0x08004b06       0x22 ./freertos-code/FreeRTOS/Source/list.o
                0x08004b06                uxListRemove
 .text.prvIsQueueEmpty
                0x08004b28       0x16 ./freertos-code/FreeRTOS/Source/queue.o
 .text.prvCopyDataToQueue
                0x08004b3e       0x66 ./freertos-code/FreeRTOS/Source/queue.o
 .text.prvCopyDataFromQueue
                0x08004ba4       0x28 ./freertos-code/FreeRTOS/Source/queue.o
 .text.prvUnlockQueue
                0x08004bcc       0x70 ./freertos-code/FreeRTOS/Source/queue.o
 .text.xQueueGenericReset
                0x08004c3c       0x80 ./freertos-code/FreeRTOS/Source/queue.o
                0x08004c3c                xQueueGenericReset
 .text.xQueueGenericCreate
                0x08004cbc       0x42 ./freertos-code/FreeRTOS/Source/queue.o
                0x08004cbc                xQueueGenericCreate
 *fill*         0x08004cfe        0x2 
 .text.xQueueGenericSend
                0x08004d00      0x164 ./freertos-code/FreeRTOS/Source/queue.o
                0x08004d00                xQueueGenericSend
 .text.xQueueCreateMutex
                0x08004e64       0x24 ./freertos-code/FreeRTOS/Source/queue.o
                0x08004e64                xQueueCreateMutex
 .text.xQueueGiveFromISR
                0x08004e88       0xa8 ./freertos-code/FreeRTOS/Source/queue.o
                0x08004e88                xQueueGiveFromISR
 .text.xQueueSemaphoreTake
                0x08004f30      0x184 ./freertos-code/FreeRTOS/Source/queue.o
                0x08004f30                xQueueSemaphoreTake
 .text.xQueueReceiveFromISR
                0x080050b4       0x9e ./freertos-code/FreeRTOS/Source/queue.o
                0x080050b4                xQueueReceiveFromISR
 *fill*         0x08005152        0x2 
 .text.vQueueUnregisterQueue
                0x08005154       0x28 ./freertos-code/FreeRTOS/Source/queue.o
                0x08005154                vQueueUnregisterQueue
 .text.vQueueDelete
                0x0800517c       0x26 ./freertos-code/FreeRTOS/Source/queue.o
                0x0800517c                vQueueDelete
 *fill*         0x080051a2        0x2 
 .text.prvResetNextTaskUnblockTime
                0x080051a4       0x24 ./freertos-code/FreeRTOS/Source/tasks.o
 .text.prvAddCurrentTaskToDelayedList
                0x080051c8       0x8c ./freertos-code/FreeRTOS/Source/tasks.o
 .text.prvIdleTask
                0x08005254       0x6c ./freertos-code/FreeRTOS/Source/tasks.o
 .text.xTaskCreate
                0x080052c0      0x1b4 ./freertos-code/FreeRTOS/Source/tasks.o
                0x080052c0                xTaskCreate
 .text.vTaskDelete
                0x08005474       0xd8 ./freertos-code/FreeRTOS/Source/tasks.o
                0x08005474                vTaskDelete
 .text.vTaskStartScheduler
                0x0800554c       0x78 ./freertos-code/FreeRTOS/Source/tasks.o
                0x0800554c                vTaskStartScheduler
 .text.vTaskSuspendAll
                0x080055c4       0x10 ./freertos-code/FreeRTOS/Source/tasks.o
                0x080055c4                vTaskSuspendAll
 .text.xTaskIncrementTick
                0x080055d4      0x124 ./freertos-code/FreeRTOS/Source/tasks.o
                0x080055d4                xTaskIncrementTick
 .text.xTaskResumeAll
                0x080056f8       0xec ./freertos-code/FreeRTOS/Source/tasks.o
                0x080056f8                xTaskResumeAll
 .text.vTaskDelay
                0x080057e4       0x48 ./freertos-code/FreeRTOS/Source/tasks.o
                0x080057e4                vTaskDelay
 .text.vTaskSwitchContext
                0x0800582c       0xa4 ./freertos-code/FreeRTOS/Source/tasks.o
                0x0800582c                vTaskSwitchContext
 .text.vTaskPlaceOnEventList
                0x080058d0       0x34 ./freertos-code/FreeRTOS/Source/tasks.o
                0x080058d0                vTaskPlaceOnEventList
 .text.xTaskRemoveFromEventList
                0x08005904       0x84 ./freertos-code/FreeRTOS/Source/tasks.o
                0x08005904                xTaskRemoveFromEventList
 .text.vTaskInternalSetTimeOutState
                0x08005988       0x18 ./freertos-code/FreeRTOS/Source/tasks.o
                0x08005988                vTaskInternalSetTimeOutState
 .text.xTaskCheckForTimeOut
                0x080059a0       0x78 ./freertos-code/FreeRTOS/Source/tasks.o
                0x080059a0                xTaskCheckForTimeOut
 .text.vTaskMissedYield
                0x08005a18        0xc ./freertos-code/FreeRTOS/Source/tasks.o
                0x08005a18                vTaskMissedYield
 .text.xTaskGetSchedulerState
                0x08005a24       0x20 ./freertos-code/FreeRTOS/Source/tasks.o
                0x08005a24                xTaskGetSchedulerState
 .text.xTaskPriorityInherit
                0x08005a44       0xa4 ./freertos-code/FreeRTOS/Source/tasks.o
                0x08005a44                xTaskPriorityInherit
 .text.xTaskPriorityDisinherit
                0x08005ae8       0xa0 ./freertos-code/FreeRTOS/Source/tasks.o
                0x08005ae8                xTaskPriorityDisinherit
 .text.vTaskPriorityDisinheritAfterTimeout
                0x08005b88       0xb0 ./freertos-code/FreeRTOS/Source/tasks.o
                0x08005b88                vTaskPriorityDisinheritAfterTimeout
 .text.pvTaskIncrementMutexHeldCount
                0x08005c38       0x18 ./freertos-code/FreeRTOS/Source/tasks.o
                0x08005c38                pvTaskIncrementMutexHeldCount
 .text.ring_buf_space_get
                0x08005c50       0x18 ./components/ring_buffer/ring_buffer.o
 .text.ring_buf_put_claim
                0x08005c68       0x36 ./components/ring_buffer/ring_buffer.o
                0x08005c68                ring_buf_put_claim
 .text.ring_buf_put_finish
                0x08005c9e       0x26 ./components/ring_buffer/ring_buffer.o
                0x08005c9e                ring_buf_put_finish
 .text.ring_buf_put
                0x08005cc4       0x3e ./components/ring_buffer/ring_buffer.o
                0x08005cc4                ring_buf_put
 .text.ring_buf_get_claim
                0x08005d02       0x3e ./components/ring_buffer/ring_buffer.o
                0x08005d02                ring_buf_get_claim
 .text.ring_buf_get_finish
                0x08005d40       0x2a ./components/ring_buffer/ring_buffer.o
                0x08005d40                ring_buf_get_finish
 .text.ring_buf_get
                0x08005d6a       0x3e ./components/ring_buffer/ring_buffer.o
                0x08005d6a                ring_buf_get
 .text.flash_write_protection_set
                0x08005da8        0x6 ./components/nvs/src/nvs.o
 .text._nvs_flash_rd
                0x08005dae       0x1c ./components/nvs/src/nvs.o
 .text._nvs_flash_block_cmp
                0x08005dca       0x50 ./components/nvs/src/nvs.o
 .text._nvs_flash_cmp_const
                0x08005e1a       0x46 ./components/nvs/src/nvs.o
 .text._nvs_ate_crc8_check
                0x08005e60       0x18 ./components/nvs/src/nvs.o
 .text._nvs_al_size.isra.1
                0x08005e78       0x12 ./components/nvs/src/nvs.o
 .text._nvs_sector_advance.isra.2
                0x08005e8a       0x14 ./components/nvs/src/nvs.o
 .text._nvs_flash_erase_sector
                0x08005e9e       0x4c ./components/nvs/src/nvs.o
 .text._nvs_prev_ate
                0x08005eea       0x72 ./components/nvs/src/nvs.o
 .text._nvs_flash_al_wrt.part.4
                0x08005f5c       0x88 ./components/nvs/src/nvs.o
 .text._nvs_gc  0x08005fe4      0x14c ./components/nvs/src/nvs.o
 .text.nvs_reinit
                0x08006130      0x1d0 ./components/nvs/src/nvs.o
                0x08006130                nvs_reinit
 .text.nvs_init
                0x08006300       0x3c ./components/nvs/src/nvs.o
                0x08006300                nvs_init
 .text.nvs_read_hist
                0x0800633c       0x9a ./components/nvs/src/nvs.o
                0x0800633c                nvs_read_hist
 .text.nvs_read
                0x080063d6        0xe ./components/nvs/src/nvs.o
                0x080063d6                nvs_read
 .text._flash_get_page_info
                0x080063e4       0x80 ./components/flash/flash_page_layout.o
 .text.flash_get_page_info_by_offs
                0x08006464        0x8 ./components/flash/flash_page_layout.o
                0x08006464                flash_get_page_info_by_offs
 .text.flash_stm32_read
                0x0800646c       0x2e ./components/flash/flash_stm32.o
 .text.flash_stm32_sem_give.isra.2
                0x0800649a        0xc ./components/flash/flash_stm32.o
 .text.flash_stm32_erase
                0x080064a6       0x3a ./components/flash/flash_stm32.o
 .text.flash_stm32_write
                0x080064e0       0x40 ./components/flash/flash_stm32.o
 .text.flash_stm32_wait_flash_idle
                0x08006520       0x2e ./components/flash/flash_stm32.o
                0x08006520                flash_stm32_wait_flash_idle
 .text.flash_stm32_write_protection
                0x0800654e       0x3c ./components/flash/flash_stm32.o
 .text.stm32_flash_init
                0x0800658a       0x1a ./components/flash/flash_stm32.o
 .text.flash_stm32_valid_range
                0x080065a4       0x3a ./components/flash/flash_stm32f1x.o
                0x080065a4                flash_stm32_valid_range
 .text.flash_stm32_block_erase_loop
                0x080065de       0x54 ./components/flash/flash_stm32f1x.o
                0x080065de                flash_stm32_block_erase_loop
 .text.flash_stm32_write_range
                0x08006632       0x6a ./components/flash/flash_stm32f1x.o
                0x08006632                flash_stm32_write_range
 .text.flash_stm32_page_layout
                0x0800669c       0x20 ./components/flash/flash_stm32f1x.o
                0x0800669c                flash_stm32_page_layout
 .text.crc8_ccitt
                0x080066bc       0x2c ./components/crc/crc8_sw.o
                0x080066bc                crc8_ccitt
 .text.HAL_Init
                0x080066e8       0x24 ./Drivers/STM32F1xx_HAL_Driver/Src/stm32f1xx_hal.o
                0x080066e8                HAL_Init
 .text.HAL_IncTick
                0x0800670c       0x18 ./Drivers/STM32F1xx_HAL_Driver/Src/stm32f1xx_hal.o
                0x0800670c                HAL_IncTick
 .text.HAL_GetTick
                0x08006724        0xc ./Drivers/STM32F1xx_HAL_Driver/Src/stm32f1xx_hal.o
                0x08006724                HAL_GetTick
 .text.HAL_Delay
                0x08006730       0x24 ./Drivers/STM32F1xx_HAL_Driver/Src/stm32f1xx_hal.o
                0x08006730                HAL_Delay
 .text.HAL_NVIC_SetPriorityGrouping
                0x08006754       0x3c ./Drivers/STM32F1xx_HAL_Driver/Src/stm32f1xx_hal_cortex.o
                0x08006754                HAL_NVIC_SetPriorityGrouping
 .text.HAL_NVIC_SetPriority
                0x08006790       0x88 ./Drivers/STM32F1xx_HAL_Driver/Src/stm32f1xx_hal_cortex.o
                0x08006790                HAL_NVIC_SetPriority
 .text.HAL_NVIC_EnableIRQ
                0x08006818       0x2c ./Drivers/STM32F1xx_HAL_Driver/Src/stm32f1xx_hal_cortex.o
                0x08006818                HAL_NVIC_EnableIRQ
 .text.HAL_DMA_Init
                0x08006844      0x120 ./Drivers/STM32F1xx_HAL_Driver/Src/stm32f1xx_hal_dma.o
                0x08006844                HAL_DMA_Init
 .text.HAL_DMA_Start_IT
                0x08006964       0xa4 ./Drivers/STM32F1xx_HAL_Driver/Src/stm32f1xx_hal_dma.o
                0x08006964                HAL_DMA_Start_IT
 .text.HAL_DMA_Abort
                0x08006a08       0x2c ./Drivers/STM32F1xx_HAL_Driver/Src/stm32f1xx_hal_dma.o
                0x08006a08                HAL_DMA_Abort
 .text.HAL_DMA_Abort_IT
                0x08006a34       0x90 ./Drivers/STM32F1xx_HAL_Driver/Src/stm32f1xx_hal_dma.o
                0x08006a34                HAL_DMA_Abort_IT
 .text.HAL_DMA_IRQHandler
                0x08006ac4      0x128 ./Drivers/STM32F1xx_HAL_Driver/Src/stm32f1xx_hal_dma.o
                0x08006ac4                HAL_DMA_IRQHandler
 .text.HAL_FLASH_Unlock
                0x08006bec       0x24 ./Drivers/STM32F1xx_HAL_Driver/Src/stm32f1xx_hal_flash.o
                0x08006bec                HAL_FLASH_Unlock
 .text.HAL_FLASH_Lock
                0x08006c10       0x14 ./Drivers/STM32F1xx_HAL_Driver/Src/stm32f1xx_hal_flash.o
                0x08006c10                HAL_FLASH_Lock
 .text.HAL_GPIO_Init
                0x08006c24      0x2d8 ./Drivers/STM32F1xx_HAL_Driver/Src/stm32f1xx_hal_gpio.o
                0x08006c24                HAL_GPIO_Init
 .text.HAL_GPIO_WritePin
                0x08006efc       0x34 ./Drivers/STM32F1xx_HAL_Driver/Src/stm32f1xx_hal_gpio.o
                0x08006efc                HAL_GPIO_WritePin
 .text.HAL_GPIO_EXTI_Callback
                0x08006f30        0x2 ./Drivers/STM32F1xx_HAL_Driver/Src/stm32f1xx_hal_gpio.o
                0x08006f30                HAL_GPIO_EXTI_Callback
 *fill*         0x08006f32        0x2 
 .text.HAL_GPIO_EXTI_IRQHandler
                0x08006f34       0x18 ./Drivers/STM32F1xx_HAL_Driver/Src/stm32f1xx_hal_gpio.o
                0x08006f34                HAL_GPIO_EXTI_IRQHandler
 .text.HAL_RCC_OscConfig
                0x08006f4c      0x404 ./Drivers/STM32F1xx_HAL_Driver/Src/stm32f1xx_hal_rcc.o
                0x08006f4c                HAL_RCC_OscConfig
 .text.HAL_RCC_EnableCSS
                0x08007350        0xc ./Drivers/STM32F1xx_HAL_Driver/Src/stm32f1xx_hal_rcc.o
                0x08007350                HAL_RCC_EnableCSS
 .text.HAL_RCC_GetSysClockFreq
                0x0800735c       0x74 ./Drivers/STM32F1xx_HAL_Driver/Src/stm32f1xx_hal_rcc.o
                0x0800735c                HAL_RCC_GetSysClockFreq
 .text.HAL_RCC_ClockConfig
                0x080073d0      0x21c ./Drivers/STM32F1xx_HAL_Driver/Src/stm32f1xx_hal_rcc.o
                0x080073d0                HAL_RCC_ClockConfig
 .text.HAL_RCC_GetPCLK1Freq
                0x080075ec       0x20 ./Drivers/STM32F1xx_HAL_Driver/Src/stm32f1xx_hal_rcc.o
                0x080075ec                HAL_RCC_GetPCLK1Freq
 .text.HAL_RCC_GetPCLK2Freq
                0x0800760c       0x20 ./Drivers/STM32F1xx_HAL_Driver/Src/stm32f1xx_hal_rcc.o
                0x0800760c                HAL_RCC_GetPCLK2Freq
 .text.HAL_RCC_GetClockConfig
                0x0800762c       0x60 ./Drivers/STM32F1xx_HAL_Driver/Src/stm32f1xx_hal_rcc.o
                0x0800762c                HAL_RCC_GetClockConfig
 .text.HAL_RCC_CSSCallback
                0x0800768c        0x2 ./Drivers/STM32F1xx_HAL_Driver/Src/stm32f1xx_hal_rcc.o
                0x0800768c                HAL_RCC_CSSCallback
 *fill*         0x0800768e        0x2 
 .text.HAL_RCC_NMI_IRQHandler
                0x08007690       0x20 ./Drivers/STM32F1xx_HAL_Driver/Src/stm32f1xx_hal_rcc.o
                0x08007690                HAL_RCC_NMI_IRQHandler
 .text.HAL_RCCEx_PeriphCLKConfig
                0x080076b0      0x138 ./Drivers/STM32F1xx_HAL_Driver/Src/stm32f1xx_hal_rcc_ex.o
                0x080076b0                HAL_RCCEx_PeriphCLKConfig
 .text.RTC_ReadTimeCounter
                0x080077e8       0x24 ./Drivers/STM32F1xx_HAL_Driver/Src/stm32f1xx_hal_rtc.o
 .text.RTC_ReadAlarmCounter
                0x0800780c        0xe ./Drivers/STM32F1xx_HAL_Driver/Src/stm32f1xx_hal_rtc.o
 .text.RTC_ByteToBcd2
                0x0800781a       0x16 ./Drivers/STM32F1xx_HAL_Driver/Src/stm32f1xx_hal_rtc.o
 .text.RTC_Bcd2ToByte
                0x08007830       0x10 ./Drivers/STM32F1xx_HAL_Driver/Src/stm32f1xx_hal_rtc.o
 .text.RTC_WeekDayNum
                0x08007840       0x62 ./Drivers/STM32F1xx_HAL_Driver/Src/stm32f1xx_hal_rtc.o
 .text.RTC_EnterInitMode
                0x080078a2       0x2e ./Drivers/STM32F1xx_HAL_Driver/Src/stm32f1xx_hal_rtc.o
 .text.RTC_ExitInitMode
                0x080078d0       0x30 ./Drivers/STM32F1xx_HAL_Driver/Src/stm32f1xx_hal_rtc.o
 .text.RTC_WriteTimeCounter
                0x08007900       0x28 ./Drivers/STM32F1xx_HAL_Driver/Src/stm32f1xx_hal_rtc.o
 .text.RTC_WriteAlarmCounter
                0x08007928       0x28 ./Drivers/STM32F1xx_HAL_Driver/Src/stm32f1xx_hal_rtc.o
 .text.HAL_RTC_SetTime
                0x08007950      0x12c ./Drivers/STM32F1xx_HAL_Driver/Src/stm32f1xx_hal_rtc.o
                0x08007950                HAL_RTC_SetTime
 .text.HAL_RTC_GetTime
                0x08007a7c      0x180 ./Drivers/STM32F1xx_HAL_Driver/Src/stm32f1xx_hal_rtc.o
                0x08007a7c                HAL_RTC_GetTime
 .text.HAL_RTC_SetDate
                0x08007bfc      0x144 ./Drivers/STM32F1xx_HAL_Driver/Src/stm32f1xx_hal_rtc.o
                0x08007bfc                HAL_RTC_SetDate
 .text.HAL_RTC_GetDate
                0x08007d40       0x70 ./Drivers/STM32F1xx_HAL_Driver/Src/stm32f1xx_hal_rtc.o
                0x08007d40                HAL_RTC_GetDate
 .text.SPI_WaitFlagStateUntilTimeout
                0x08007db0       0x8c ./Drivers/STM32F1xx_HAL_Driver/Src/stm32f1xx_hal_spi.o
 .text.SPI_CheckFlag_BSY
                0x08007e3c       0x20 ./Drivers/STM32F1xx_HAL_Driver/Src/stm32f1xx_hal_spi.o
 .text.HAL_SPI_Transmit
                0x08007e5c      0x16c ./Drivers/STM32F1xx_HAL_Driver/Src/stm32f1xx_hal_spi.o
                0x08007e5c                HAL_SPI_Transmit
 .text.HAL_SPI_TransmitReceive
                0x08007fc8      0x20c ./Drivers/STM32F1xx_HAL_Driver/Src/stm32f1xx_hal_spi.o
                0x08007fc8                HAL_SPI_TransmitReceive
 .text.HAL_SPI_Receive
                0x080081d4      0x142 ./Drivers/STM32F1xx_HAL_Driver/Src/stm32f1xx_hal_spi.o
                0x080081d4                HAL_SPI_Receive
 *fill*         0x08008316        0x2 
 .text.HAL_SPI_Init
                0x08008318      0x12c ./Drivers/STM32F1xx_HAL_Driver/Src/stm32f1xx_hal_spi_ex.o
                0x08008318                HAL_SPI_Init
 .text.HAL_TIM_Base_Start_IT
                0x08008444       0x4c ./Drivers/STM32F1xx_HAL_Driver/Src/stm32f1xx_hal_tim.o
                0x08008444                HAL_TIM_Base_Start_IT
 .text.HAL_TIM_OC_DelayElapsedCallback
                0x08008490        0x2 ./Drivers/STM32F1xx_HAL_Driver/Src/stm32f1xx_hal_tim.o
                0x08008490                HAL_TIM_OC_DelayElapsedCallback
 .text.HAL_TIM_IC_CaptureCallback
                0x08008492        0x2 ./Drivers/STM32F1xx_HAL_Driver/Src/stm32f1xx_hal_tim.o
                0x08008492                HAL_TIM_IC_CaptureCallback
 .text.HAL_TIM_PWM_PulseFinishedCallback
                0x08008494        0x2 ./Drivers/STM32F1xx_HAL_Driver/Src/stm32f1xx_hal_tim.o
                0x08008494                HAL_TIM_PWM_PulseFinishedCallback
 .text.HAL_TIM_TriggerCallback
                0x08008496        0x2 ./Drivers/STM32F1xx_HAL_Driver/Src/stm32f1xx_hal_tim.o
                0x08008496                HAL_TIM_TriggerCallback
 .text.HAL_TIM_IRQHandler
                0x08008498      0x144 ./Drivers/STM32F1xx_HAL_Driver/Src/stm32f1xx_hal_tim.o
                0x08008498                HAL_TIM_IRQHandler
 .text.TIM_Base_SetConfig
                0x080085dc       0x70 ./Drivers/STM32F1xx_HAL_Driver/Src/stm32f1xx_hal_tim.o
                0x080085dc                TIM_Base_SetConfig
 .text.HAL_TIM_Base_Init
                0x0800864c       0xa8 ./Drivers/STM32F1xx_HAL_Driver/Src/stm32f1xx_hal_tim.o
                0x0800864c                HAL_TIM_Base_Init
 .text.HAL_TIMEx_CommutationCallback
                0x080086f4        0x2 ./Drivers/STM32F1xx_HAL_Driver/Src/stm32f1xx_hal_tim_ex.o
                0x080086f4                HAL_TIMEx_CommutationCallback
 .text.HAL_TIMEx_BreakCallback
                0x080086f6        0x2 ./Drivers/STM32F1xx_HAL_Driver/Src/stm32f1xx_hal_tim_ex.o
                0x080086f6                HAL_TIMEx_BreakCallback
 .text.UART_EndRxTransfer
                0x080086f8       0x1a ./Drivers/STM32F1xx_HAL_Driver/Src/stm32f1xx_hal_uart.o
 *fill*         0x08008712        0x2 
 .text.UART_SetConfig
                0x08008714      0x1a4 ./Drivers/STM32F1xx_HAL_Driver/Src/stm32f1xx_hal_uart.o
 .text.UART_WaitOnFlagUntilTimeout.constprop.3
                0x080088b8       0x50 ./Drivers/STM32F1xx_HAL_Driver/Src/stm32f1xx_hal_uart.o
 .text.HAL_UART_Init
                0x08008908       0xd0 ./Drivers/STM32F1xx_HAL_Driver/Src/stm32f1xx_hal_uart.o
                0x08008908                HAL_UART_Init
 .text.HAL_UART_Transmit
                0x080089d8       0xb2 ./Drivers/STM32F1xx_HAL_Driver/Src/stm32f1xx_hal_uart.o
                0x080089d8                HAL_UART_Transmit
 *fill*         0x08008a8a        0x2 
 .text.HAL_UART_Receive_DMA
                0x08008a8c       0x90 ./Drivers/STM32F1xx_HAL_Driver/Src/stm32f1xx_hal_uart.o
                0x08008a8c                HAL_UART_Receive_DMA
 .text.HAL_UART_DMAStop
                0x08008b1c       0x5e ./Drivers/STM32F1xx_HAL_Driver/Src/stm32f1xx_hal_uart.o
                0x08008b1c                HAL_UART_DMAStop
 .text.HAL_UART_TxCpltCallback
                0x08008b7a        0x2 ./Drivers/STM32F1xx_HAL_Driver/Src/stm32f1xx_hal_uart.o
                0x08008b7a                HAL_UART_TxCpltCallback
 .text.HAL_UART_RxCpltCallback
                0x08008b7c        0x2 ./Drivers/STM32F1xx_HAL_Driver/Src/stm32f1xx_hal_uart.o
                0x08008b7c                HAL_UART_RxCpltCallback
 .text.UART_DMAReceiveCplt
                0x08008b7e       0x38 ./Drivers/STM32F1xx_HAL_Driver/Src/stm32f1xx_hal_uart.o
 .text.UART_Receive_IT
                0x08008bb6       0x76 ./Drivers/STM32F1xx_HAL_Driver/Src/stm32f1xx_hal_uart.o
 .text.HAL_UART_RxHalfCpltCallback
                0x08008c2c        0x2 ./Drivers/STM32F1xx_HAL_Driver/Src/stm32f1xx_hal_uart.o
                0x08008c2c                HAL_UART_RxHalfCpltCallback
 .text.UART_DMARxHalfCplt
                0x08008c2e        0xa ./Drivers/STM32F1xx_HAL_Driver/Src/stm32f1xx_hal_uart.o
 .text.HAL_UART_ErrorCallback
                0x08008c38        0x2 ./Drivers/STM32F1xx_HAL_Driver/Src/stm32f1xx_hal_uart.o
                0x08008c38                HAL_UART_ErrorCallback
 .text.UART_DMAError
                0x08008c3a       0x4e ./Drivers/STM32F1xx_HAL_Driver/Src/stm32f1xx_hal_uart.o
 .text.HAL_UART_IRQHandler
                0x08008c88      0x140 ./Drivers/STM32F1xx_HAL_Driver/Src/stm32f1xx_hal_uart.o
                0x08008c88                HAL_UART_IRQHandler
 .text.UART_DMAAbortOnError
                0x08008dc8       0x10 ./Drivers/STM32F1xx_HAL_Driver/Src/stm32f1xx_hal_uart.o
 .text.MX_DMA_Init
                0x08008dd8       0x30 ./Core/Src/dma.o
                0x08008dd8                MX_DMA_Init
 .text.rn8302_thread
                0x08008e08       0x10 ./Core/Src/freertos.o
 .text.rs485_thread
                0x08008e18       0x58 ./Core/Src/freertos.o
 .text.StartDefaultTask
                0x08008e70       0xcc ./Core/Src/freertos.o
                0x08008e70                StartDefaultTask
 .text.vApplicationStackOverflowHook
                0x08008f3c        0x2 ./Core/Src/freertos.o
                0x08008f3c                vApplicationStackOverflowHook
 .text.vApplicationMallocFailedHook
                0x08008f3e        0x2 ./Core/Src/freertos.o
                0x08008f3e                vApplicationMallocFailedHook
 .text.MX_FREERTOS_Init
                0x08008f40       0x28 ./Core/Src/freertos.o
                0x08008f40                MX_FREERTOS_Init
 .text.USART3_IRQHandler
                0x08008f68       0x64 ./Core/Src/freertos.o
                0x08008f68                USART3_IRQHandler
 .text.MX_GPIO_Init
                0x08008fcc      0x154 ./Core/Src/gpio.o
                0x08008fcc                MX_GPIO_Init
 .text.asduHandler
                0x08009120        0x4 ./Core/Src/iec104_via_rs485_handler.o
 .text.interrogationHandler
                0x08009124       0x84 ./Core/Src/iec104_via_rs485_handler.o
 .text.clockSyncHandler
                0x080091a8       0xa8 ./Core/Src/iec104_via_rs485_handler.o
 .text.vTaskIEC104
                0x08009250       0x6c ./Core/Src/iec104_via_rs485_handler.o
                0x08009250                vTaskIEC104
 .text.SystemClock_Config
                0x080092bc       0x78 ./Core/Src/main.o
                0x080092bc                SystemClock_Config
 .text.startup.main
                0x08009334       0x2c ./Core/Src/main.o
                0x08009334                main
 .text.HAL_TIM_PeriodElapsedCallback
                0x08009360       0x30 ./Core/Src/main.o
                0x08009360                HAL_TIM_PeriodElapsedCallback
 .text.Error_Handler
                0x08009390        0x2 ./Core/Src/main.o
                0x08009390                Error_Handler
 .text.assert_failed
                0x08009392        0x2 ./Core/Src/main.o
                0x08009392                assert_failed
 .text.__io_putchar
                0x08009394       0x20 ./Core/Src/retarget.o
                0x08009394                __io_putchar
 .text.RN8302_WriteReg.constprop.3
                0x080093b4      0x13c ./Core/Src/rn8302b.o
 .text.RN8302B_init
                0x080094f0      0x1b4 ./Core/Src/rn8302b.o
                0x080094f0                RN8302B_init
 .text.rn8302b_poll
                0x080096a4      0x240 ./Core/Src/rn8302b.o
                0x080096a4                rn8302b_poll
 .text.MX_SPI1_Init
                0x080098e4       0x48 ./Core/Src/spi.o
                0x080098e4                MX_SPI1_Init
 .text.HAL_SPI_MspInit
                0x0800992c       0x74 ./Core/Src/spi.o
                0x0800992c                HAL_SPI_MspInit
 .text.HAL_MspInit
                0x080099a0       0x50 ./Core/Src/stm32f1xx_hal_msp.o
                0x080099a0                HAL_MspInit
 .text.HAL_InitTick
                0x080099f0       0x78 ./Core/Src/stm32f1xx_hal_timebase_tim.o
                0x080099f0                HAL_InitTick
 .text.NMI_Handler
                0x08009a68        0x4 ./Core/Src/stm32f1xx_it.o
                0x08009a68                NMI_Handler
 .text.HardFault_Handler
                0x08009a6c        0x2 ./Core/Src/stm32f1xx_it.o
                0x08009a6c                HardFault_Handler
 .text.MemManage_Handler
                0x08009a6e        0x2 ./Core/Src/stm32f1xx_it.o
                0x08009a6e                MemManage_Handler
 .text.BusFault_Handler
                0x08009a70        0x2 ./Core/Src/stm32f1xx_it.o
                0x08009a70                BusFault_Handler
 .text.UsageFault_Handler
                0x08009a72        0x2 ./Core/Src/stm32f1xx_it.o
                0x08009a72                UsageFault_Handler
 .text.DebugMon_Handler
                0x08009a74        0x2 ./Core/Src/stm32f1xx_it.o
                0x08009a74                DebugMon_Handler
 .text.EXTI3_IRQHandler
                0x08009a76        0x6 ./Core/Src/stm32f1xx_it.o
                0x08009a76                EXTI3_IRQHandler
 .text.DMA1_Channel3_IRQHandler
                0x08009a7c        0xc ./Core/Src/stm32f1xx_it.o
                0x08009a7c                DMA1_Channel3_IRQHandler
 .text.TIM1_UP_IRQHandler
                0x08009a88        0xc ./Core/Src/stm32f1xx_it.o
                0x08009a88                TIM1_UP_IRQHandler
 .text.TIM2_IRQHandler
                0x08009a94        0xc ./Core/Src/stm32f1xx_it.o
                0x08009a94                TIM2_IRQHandler
 .text._sbrk    0x08009aa0       0x40 ./Core/Src/syscalls.o
                0x08009aa0                _sbrk
 .text._write   0x08009ae0       0x1c ./Core/Src/syscalls.o
                0x08009ae0                _write
 .text._close   0x08009afc        0x6 ./Core/Src/syscalls.o
                0x08009afc                _close
 .text._fstat   0x08009b02        0xa ./Core/Src/syscalls.o
                0x08009b02                _fstat
 .text._isatty  0x08009b0c        0x4 ./Core/Src/syscalls.o
                0x08009b0c                _isatty
 .text._lseek   0x08009b10        0x4 ./Core/Src/syscalls.o
                0x08009b10                _lseek
 .text._read    0x08009b14       0x1c ./Core/Src/syscalls.o
                0x08009b14                _read
 .text.SystemInit
                0x08009b30       0x4c ./Core/Src/system_stm32f1xx.o
                0x08009b30                SystemInit
 .text.HAL_TIM_Base_MspInit
                0x08009b7c       0x3c ./Core/Src/tim.o
                0x08009b7c                HAL_TIM_Base_MspInit
 .text.MX_USART1_UART_Init
                0x08009bb8       0x38 ./Core/Src/usart.o
                0x08009bb8                MX_USART1_UART_Init
 .text.MX_USART3_UART_Init
                0x08009bf0       0x38 ./Core/Src/usart.o
                0x08009bf0                MX_USART3_UART_Init
 .text.HAL_UART_MspInit
                0x08009c28      0x12c ./Core/Src/usart.o
                0x08009c28                HAL_UART_MspInit
 .text.osKernelStart
                0x08009d54        0xa ./CMSIS_RTOS/cmsis_os.o
                0x08009d54                osKernelStart
 .text.osThreadCreate
                0x08009d5e       0x32 ./CMSIS_RTOS/cmsis_os.o
                0x08009d5e                osThreadCreate
 .text.osThreadTerminate
                0x08009d90        0xa ./CMSIS_RTOS/cmsis_os.o
                0x08009d90                osThreadTerminate
 .text.osDelay  0x08009d9a       0x10 ./CMSIS_RTOS/cmsis_os.o
                0x08009d9a                osDelay
 *fill*         0x08009daa        0x2 
 .text.osMutexRelease
                0x08009dac       0x48 ./CMSIS_RTOS/cmsis_os.o
                0x08009dac                osMutexRelease
 .text.osMutexDelete
                0x08009df4       0x14 ./CMSIS_RTOS/cmsis_os.o
                0x08009df4                osMutexDelete
 .text.osSemaphoreCreate
                0x08009e08       0x26 ./CMSIS_RTOS/cmsis_os.o
                0x08009e08                osSemaphoreCreate
 *fill*         0x08009e2e        0x2 
 .text.osSemaphoreWait
                0x08009e30       0x4c ./CMSIS_RTOS/cmsis_os.o
                0x08009e30                osSemaphoreWait
 .text.osSemaphoreRelease
                0x08009e7c        0x4 ./CMSIS_RTOS/cmsis_os.o
                0x08009e7c                osSemaphoreRelease
 .text.osSemaphoreDelete
                0x08009e80        0x4 ./CMSIS_RTOS/cmsis_os.o
                0x08009e80                osSemaphoreDelete
 .text.Reset_Handler
                0x08009e84       0x48 ./startup_stm32f103xb.o
                0x08009e84                Reset_Handler
 .text.Default_Handler
                0x08009ecc        0x2 ./startup_stm32f103xb.o
                0x08009ecc                RTC_Alarm_IRQHandler
                0x08009ecc                EXTI2_IRQHandler
                0x08009ecc                TIM1_CC_IRQHandler
                0x08009ecc                PVD_IRQHandler
                0x08009ecc                EXTI0_IRQHandler
                0x08009ecc                I2C2_EV_IRQHandler
                0x08009ecc                ADC1_2_IRQHandler
                0x08009ecc                SPI1_IRQHandler
                0x08009ecc                TAMPER_IRQHandler
                0x08009ecc                DMA1_Channel4_IRQHandler
                0x08009ecc                RTC_IRQHandler
                0x08009ecc                DMA1_Channel7_IRQHandler
                0x08009ecc                CAN1_RX1_IRQHandler
                0x08009ecc                TIM4_IRQHandler
                0x08009ecc                I2C1_EV_IRQHandler
                0x08009ecc                DMA1_Channel6_IRQHandler
                0x08009ecc                TIM3_IRQHandler
                0x08009ecc                RCC_IRQHandler
                0x08009ecc                TIM1_TRG_COM_IRQHandler
                0x08009ecc                DMA1_Channel1_IRQHandler
                0x08009ecc                Default_Handler
                0x08009ecc                EXTI15_10_IRQHandler
                0x08009ecc                EXTI9_5_IRQHandler
                0x08009ecc                SPI2_IRQHandler
                0x08009ecc                DMA1_Channel5_IRQHandler
                0x08009ecc                EXTI4_IRQHandler
                0x08009ecc                USB_LP_CAN1_RX0_IRQHandler
                0x08009ecc                USB_HP_CAN1_TX_IRQHandler
                0x08009ecc                WWDG_IRQHandler
                0x08009ecc                TIM1_BRK_IRQHandler
                0x08009ecc                EXTI1_IRQHandler
                0x08009ecc                USART2_IRQHandler
                0x08009ecc                I2C2_ER_IRQHandler
                0x08009ecc                DMA1_Channel2_IRQHandler
                0x08009ecc                CAN1_SCE_IRQHandler
                0x08009ecc                FLASH_IRQHandler
                0x08009ecc                USART1_IRQHandler
                0x08009ecc                I2C1_ER_IRQHandler
                0x08009ecc                USBWakeUp_IRQHandler
 *fill*         0x08009ece        0x2 
 .text.__errno  0x08009ed0        0xc d:/gnu/gcc-arm-none-eabi-7-2017-q4-major-win32/bin/../lib/gcc/arm-none-eabi/7.2.1/../../../../arm-none-eabi/lib/thumb/v7-m\libg_nano.a(lib_a-errno.o)
                0x08009ed0                __errno
 .text.__libc_init_array
                0x08009edc       0x48 d:/gnu/gcc-arm-none-eabi-7-2017-q4-major-win32/bin/../lib/gcc/arm-none-eabi/7.2.1/../../../../arm-none-eabi/lib/thumb/v7-m\libg_nano.a(lib_a-init.o)
                0x08009edc                __libc_init_array
 .text.memcmp   0x08009f24       0x1e d:/gnu/gcc-arm-none-eabi-7-2017-q4-major-win32/bin/../lib/gcc/arm-none-eabi/7.2.1/../../../../arm-none-eabi/lib/thumb/v7-m\libg_nano.a(lib_a-memcmp.o)
                0x08009f24                memcmp
 .text.memcpy   0x08009f42       0x16 d:/gnu/gcc-arm-none-eabi-7-2017-q4-major-win32/bin/../lib/gcc/arm-none-eabi/7.2.1/../../../../arm-none-eabi/lib/thumb/v7-m\libg_nano.a(lib_a-memcpy-stub.o)
                0x08009f42                memcpy
 .text.memset   0x08009f58       0x10 d:/gnu/gcc-arm-none-eabi-7-2017-q4-major-win32/bin/../lib/gcc/arm-none-eabi/7.2.1/../../../../arm-none-eabi/lib/thumb/v7-m\libg_nano.a(lib_a-memset.o)
                0x08009f58                memset
 .text.printf   0x08009f68       0x30 d:/gnu/gcc-arm-none-eabi-7-2017-q4-major-win32/bin/../lib/gcc/arm-none-eabi/7.2.1/../../../../arm-none-eabi/lib/thumb/v7-m\libg_nano.a(lib_a-printf.o)
                0x08009f68                iprintf
                0x08009f68                printf
 .text.strcpy   0x08009f98       0x10 d:/gnu/gcc-arm-none-eabi-7-2017-q4-major-win32/bin/../lib/gcc/arm-none-eabi/7.2.1/../../../../arm-none-eabi/lib/thumb/v7-m\libg_nano.a(lib_a-strcpy.o)
                0x08009f98                strcpy
 .text.std      0x08009fa8       0x48 d:/gnu/gcc-arm-none-eabi-7-2017-q4-major-win32/bin/../lib/gcc/arm-none-eabi/7.2.1/../../../../arm-none-eabi/lib/thumb/v7-m\libg_nano.a(lib_a-findfp.o)
 .text._cleanup_r