cJSON.c:177:17:parse_hex4	8	static
cJSON.c:192:20:parse_string	48	static
cJSON.c:320:20:skip	0	static
cJSON.c:73:15:cJSON_New_Item	8	static
cJSON.c:121:14:ensure	24	static
cJSON.c:668:15:create_reference	8	static
cJSON.c:49:14:cJSON_strdup	16	static
cJSON.c:138:12:update	8	static
cJSON.c:147:14:print_number	32	static
cJSON.c:252:14:print_string_ptr	32	static
cJSON.c:39:12:cJSON_strcasecmp	32	static
cJSON.c:357:20:parse_value	48	static
cJSON.c:434:14:print_array.isra.3	56	static
cJSON.c:372:14:print_value	8	static
cJSON.c:550:14:print_object.isra.2	72	static
cJSON.c:37:13:cJSON_GetErrorPtr	0	static
cJSON.c:60:6:cJSON_InitHooks	8	static
cJSON.c:81:6:cJSON_Delete	16	static
cJSON.c:323:8:cJSON_ParseWithOpts	32	static
cJSON.c:339:8:cJSON_Parse	0	static
cJSON.c:342:7:cJSON_Print	0	static
cJSON.c:343:7:cJSON_PrintUnformatted	0	static
cJSON.c:345:7:cJSON_PrintBuffered	32	static
cJSON.c:661:8:cJSON_GetArraySize	0	static
cJSON.c:662:8:cJSON_GetArrayItem	0	static
cJSON.c:663:8:cJSON_GetObjectItem	16	static
cJSON.c:671:8:cJSON_AddItemToArray	0	static
cJSON.c:672:8:cJSON_AddItemToObject	16	static
cJSON.c:673:8:cJSON_AddItemToObjectCS	16	static
cJSON.c:674:6:cJSON_AddItemReferenceToArray	8	static
cJSON.c:675:6:cJSON_AddItemReferenceToObject	16	static
cJSON.c:677:8:cJSON_DetachItemFromArray	12	static
cJSON.c:679:8:cJSON_DeleteItemFromArray	8	static
cJSON.c:680:8:cJSON_DetachItemFromObject	24	static
cJSON.c:681:8:cJSON_DeleteItemFromObject	8	static
cJSON.c:684:8:cJSON_InsertItemInArray	4	static
cJSON.c:686:8:cJSON_ReplaceItemInArray	8	static
cJSON.c:689:8:cJSON_ReplaceItemInObject	24	static
cJSON.c:692:8:cJSON_CreateNull	8	static
cJSON.c:693:8:cJSON_CreateTrue	8	static
cJSON.c:694:8:cJSON_CreateFalse	8	static
cJSON.c:695:8:cJSON_CreateBool	8	static
cJSON.c:696:8:cJSON_CreateNumber	16	static
cJSON.c:697:8:cJSON_CreateString	16	static
cJSON.c:698:8:cJSON_CreateArray	8	static
cJSON.c:699:8:cJSON_CreateObject	8	static
cJSON.c:702:8:cJSON_CreateIntArray	24	static
cJSON.c:703:8:cJSON_CreateFloatArray	24	static
cJSON.c:704:8:cJSON_CreateDoubleArray	24	static
cJSON.c:705:8:cJSON_CreateStringArray	24	static
cJSON.c:708:8:cJSON_Duplicate	24	static
cJSON.c:735:6:cJSON_Minify	8	static
