Archive member included to satisfy reference by file (symbol)

d:/gnu/gcc-arm-none-eabi-7-2017-q4-major-win32/bin/../lib/gcc/arm-none-eabi/7.2.1/../../../../arm-none-eabi/lib/thumb/v7e-m/fpv4-sp/hard\libg_nano.a(lib_a-atoi.o)
                              ./Middlewares/Third_Party/LwIP/src/api/netdb.o (symbol from plugin) (atoi)
d:/gnu/gcc-arm-none-eabi-7-2017-q4-major-win32/bin/../lib/gcc/arm-none-eabi/7.2.1/../../../../arm-none-eabi/lib/thumb/v7e-m/fpv4-sp/hard\libg_nano.a(lib_a-calloc.o)
                              ./Src/can_network.o (symbol from plugin) (calloc)
d:/gnu/gcc-arm-none-eabi-7-2017-q4-major-win32/bin/../lib/gcc/arm-none-eabi/7.2.1/../../../../arm-none-eabi/lib/thumb/v7e-m/fpv4-sp/hard\libg_nano.a(lib_a-exit.o)
                              d:/gnu/gcc-arm-none-eabi-7-2017-q4-major-win32/bin/../lib/gcc/arm-none-eabi/7.2.1/../../../../arm-none-eabi/lib/thumb/v7e-m/fpv4-sp/hard/crt0.o (exit)
d:/gnu/gcc-arm-none-eabi-7-2017-q4-major-win32/bin/../lib/gcc/arm-none-eabi/7.2.1/../../../../arm-none-eabi/lib/thumb/v7e-m/fpv4-sp/hard\libg_nano.a(lib_a-impure.o)
                              d:/gnu/gcc-arm-none-eabi-7-2017-q4-major-win32/bin/../lib/gcc/arm-none-eabi/7.2.1/../../../../arm-none-eabi/lib/thumb/v7e-m/fpv4-sp/hard\libg_nano.a(lib_a-exit.o) (_global_impure_ptr)
d:/gnu/gcc-arm-none-eabi-7-2017-q4-major-win32/bin/../lib/gcc/arm-none-eabi/7.2.1/../../../../arm-none-eabi/lib/thumb/v7e-m/fpv4-sp/hard\libg_nano.a(lib_a-init.o)
                              d:/gnu/gcc-arm-none-eabi-7-2017-q4-major-win32/bin/../lib/gcc/arm-none-eabi/7.2.1/../../../../arm-none-eabi/lib/thumb/v7e-m/fpv4-sp/hard/crt0.o (__libc_init_array)
d:/gnu/gcc-arm-none-eabi-7-2017-q4-major-win32/bin/../lib/gcc/arm-none-eabi/7.2.1/../../../../arm-none-eabi/lib/thumb/v7e-m/fpv4-sp/hard\libg_nano.a(lib_a-lcltime_r.o)
                              ./lib60870-C/src/iec60870/apl/cpXXtime2a.o (symbol from plugin) (localtime_r)
d:/gnu/gcc-arm-none-eabi-7-2017-q4-major-win32/bin/../lib/gcc/arm-none-eabi/7.2.1/../../../../arm-none-eabi/lib/thumb/v7e-m/fpv4-sp/hard\libg_nano.a(lib_a-memcmp.o)
                              ./Src/user_config.o (symbol from plugin) (memcmp)
d:/gnu/gcc-arm-none-eabi-7-2017-q4-major-win32/bin/../lib/gcc/arm-none-eabi/7.2.1/../../../../arm-none-eabi/lib/thumb/v7e-m/fpv4-sp/hard\libg_nano.a(lib_a-memcpy-stub.o)
                              ./lib60870-C/src/hal/socket/freertos/socket_freertos.o (symbol from plugin) (memcpy)
d:/gnu/gcc-arm-none-eabi-7-2017-q4-major-win32/bin/../lib/gcc/arm-none-eabi/7.2.1/../../../../arm-none-eabi/lib/thumb/v7e-m/fpv4-sp/hard\libg_nano.a(lib_a-memset.o)
                              d:/gnu/gcc-arm-none-eabi-7-2017-q4-major-win32/bin/../lib/gcc/arm-none-eabi/7.2.1/../../../../arm-none-eabi/lib/thumb/v7e-m/fpv4-sp/hard/crt0.o (memset)
d:/gnu/gcc-arm-none-eabi-7-2017-q4-major-win32/bin/../lib/gcc/arm-none-eabi/7.2.1/../../../../arm-none-eabi/lib/thumb/v7e-m/fpv4-sp/hard\libg_nano.a(lib_a-month_lengths.o)
                              d:/gnu/gcc-arm-none-eabi-7-2017-q4-major-win32/bin/../lib/gcc/arm-none-eabi/7.2.1/../../../../arm-none-eabi/lib/thumb/v7e-m/fpv4-sp/hard\libg_nano.a(lib_a-lcltime_r.o) (__month_lengths)
d:/gnu/gcc-arm-none-eabi-7-2017-q4-major-win32/bin/../lib/gcc/arm-none-eabi/7.2.1/../../../../arm-none-eabi/lib/thumb/v7e-m/fpv4-sp/hard\libg_nano.a(lib_a-nano-callocr.o)
                              d:/gnu/gcc-arm-none-eabi-7-2017-q4-major-win32/bin/../lib/gcc/arm-none-eabi/7.2.1/../../../../arm-none-eabi/lib/thumb/v7e-m/fpv4-sp/hard\libg_nano.a(lib_a-calloc.o) (_calloc_r)
d:/gnu/gcc-arm-none-eabi-7-2017-q4-major-win32/bin/../lib/gcc/arm-none-eabi/7.2.1/../../../../arm-none-eabi/lib/thumb/v7e-m/fpv4-sp/hard\libg_nano.a(lib_a-nano-mallocr.o)
                              d:/gnu/gcc-arm-none-eabi-7-2017-q4-major-win32/bin/../lib/gcc/arm-none-eabi/7.2.1/../../../../arm-none-eabi/lib/thumb/v7e-m/fpv4-sp/hard\libg_nano.a(lib_a-nano-callocr.o) (_malloc_r)
d:/gnu/gcc-arm-none-eabi-7-2017-q4-major-win32/bin/../lib/gcc/arm-none-eabi/7.2.1/../../../../arm-none-eabi/lib/thumb/v7e-m/fpv4-sp/hard\libg_nano.a(lib_a-printf.o)
                              ./lib60870-C/src/iec60870/t104/t104_slave.o (symbol from plugin) (printf)
d:/gnu/gcc-arm-none-eabi-7-2017-q4-major-win32/bin/../lib/gcc/arm-none-eabi/7.2.1/../../../../arm-none-eabi/lib/thumb/v7e-m/fpv4-sp/hard\libg_nano.a(lib_a-rand.o)
                              ./Middlewares/Third_Party/LwIP/src/core/dns.o (symbol from plugin) (rand)
d:/gnu/gcc-arm-none-eabi-7-2017-q4-major-win32/bin/../lib/gcc/arm-none-eabi/7.2.1/../../../../arm-none-eabi/lib/thumb/v7e-m/fpv4-sp/hard\libg_nano.a(lib_a-realloc.o)
                              ./lib60870-C/src/common/lib_memory.o (symbol from plugin) (realloc)
d:/gnu/gcc-arm-none-eabi-7-2017-q4-major-win32/bin/../lib/gcc/arm-none-eabi/7.2.1/../../../../arm-none-eabi/lib/thumb/v7e-m/fpv4-sp/hard\libg_nano.a(lib_a-sbrkr.o)
[...]
Memory Configuration

Name             Origin             Length             Attributes
RAM              0x20000000         0x00020000         xrw
CCMRAM           0x10000000         0x00010000         rw
FLASH            0x08040000         0x000c0000         xr
*default*        0x00000000         0xffffffff

Linker script and memory map

LOAD d:/gnu/gcc-arm-none-eabi-7-2017-q4-major-win32/bin/../lib/gcc/arm-none-eabi/7.2.1/thumb/v7e-m/fpv4-sp/hard/crti.o
LOAD d:/gnu/gcc-arm-none-eabi-7-2017-q4-major-win32/bin/../lib/gcc/arm-none-eabi/7.2.1/thumb/v7e-m/fpv4-sp/hard/crtbegin.o
LOAD d:/gnu/gcc-arm-none-eabi-7-2017-q4-major-win32/bin/../lib/gcc/arm-none-eabi/7.2.1/../../../../arm-none-eabi/lib/thumb/v7e-m/fpv4-sp/hard/crt0.o
LOAD C:\Users\alien\AppData\Local\Temp\ccodVkrc.ltrans0.ltrans.o
LOAD C:\Users\alien\AppData\Local\Temp\ccodVkrc.ltrans1.ltrans.o
LOAD C:\Users\alien\AppData\Local\Temp\ccodVkrc.ltrans2.ltrans.o
LOAD C:\Users\alien\AppData\Local\Temp\ccodVkrc.ltrans3.ltrans.o
LOAD ./startup_stm32f407xx.o
LOAD d:/gnu/gcc-arm-none-eabi-7-2017-q4-major-win32/bin/../lib/gcc/arm-none-eabi/7.2.1/../../../../arm-none-eabi/lib/thumb/v7e-m/fpv4-sp/hard\libstdc++_nano.a
LOAD d:/gnu/gcc-arm-none-eabi-7-2017-q4-major-win32/bin/../lib/gcc/arm-none-eabi/7.2.1/../../../../arm-none-eabi/lib/thumb/v7e-m/fpv4-sp/hard\libm.a
START GROUP
LOAD d:/gnu/gcc-arm-none-eabi-7-2017-q4-major-win32/bin/../lib/gcc/arm-none-eabi/7.2.1/thumb/v7e-m/fpv4-sp/hard\libgcc.a
LOAD d:/gnu/gcc-arm-none-eabi-7-2017-q4-major-win32/bin/../lib/gcc/arm-none-eabi/7.2.1/../../../../arm-none-eabi/lib/thumb/v7e-m/fpv4-sp/hard\libg_nano.a
LOAD d:/gnu/gcc-arm-none-eabi-7-2017-q4-major-win32/bin/../lib/gcc/arm-none-eabi/7.2.1/../../../../arm-none-eabi/lib/thumb/v7e-m/fpv4-sp/hard\libc_nano.a
END GROUP
START GROUP
LOAD d:/gnu/gcc-arm-none-eabi-7-2017-q4-major-win32/bin/../lib/gcc/arm-none-eabi/7.2.1/thumb/v7e-m/fpv4-sp/hard\libgcc.a
LOAD d:/gnu/gcc-arm-none-eabi-7-2017-q4-major-win32/bin/../lib/gcc/arm-none-eabi/7.2.1/../../../../arm-none-eabi/lib/thumb/v7e-m/fpv4-sp/hard\libc_nano.a
END GROUP
LOAD d:/gnu/gcc-arm-none-eabi-7-2017-q4-major-win32/bin/../lib/gcc/arm-none-eabi/7.2.1/thumb/v7e-m/fpv4-sp/hard/crtend.o
LOAD d:/gnu/gcc-arm-none-eabi-7-2017-q4-major-win32/bin/../lib/gcc/arm-none-eabi/7.2.1/thumb/v7e-m/fpv4-sp/hard/crtn.o
                0x20020000                _estack = 0x20020000
                0x00000400                _Min_Heap_Size = 0x400
                0x00000400                _Min_Stack_Size = 0x400

.isr_vector     0x08040000      0x188
                0x08040000                . = ALIGN (0x4)
 *(.isr_vector)
 .isr_vector    0x08040000      0x188 ./startup_stm32f407xx.o
                0x08040000                g_pfnVectors
                0x08040188                . = ALIGN (0x4)

.text           0x08040190    0x13910
                0x08040190                . = ALIGN (0x4)
 *(.text)
 .text          0x08040190       0x40 d:/gnu/gcc-arm-none-eabi-7-2017-q4-major-win32/bin/../lib/gcc/arm-none-eabi/7.2.1/thumb/v7e-m/fpv4-sp/hard/crtbegin.o
 .text          0x080401d0       0x10 d:/gnu/gcc-arm-none-eabi-7-2017-q4-major-win32/bin/../lib/gcc/arm-none-eabi/7.2.1/../../../../arm-none-eabi/lib/thumb/v7e-m/fpv4-sp/hard\libg_nano.a(lib_a-strlen.o)
                0x080401d0                strlen
 .text          0x080401e0       0x14 d:/gnu/gcc-arm-none-eabi-7-2017-q4-major-win32/bin/../lib/gcc/arm-none-eabi/7.2.1/../../../../arm-none-eabi/lib/thumb/v7e-m/fpv4-sp/hard\libg_nano.a(lib_a-strcmp.o)
                0x080401e0                strcmp
 *fill*         0x080401f4        0xc 
 .text          0x08040200       0xa0 d:/gnu/gcc-arm-none-eabi-7-2017-q4-major-win32/bin/../lib/gcc/arm-none-eabi/7.2.1/../../../../arm-none-eabi/lib/thumb/v7e-m/fpv4-sp/hard\libg_nano.a(lib_a-memchr.o)
                0x08040200                memchr
 .text          0x080402a0       0xa0 d:/gnu/gcc-arm-none-eabi-7-2017-q4-major-win32/bin/../lib/gcc/arm-none-eabi/7.2.1/thumb/v7e-m/fpv4-sp/hard\libgcc.a(_aeabi_ldivmod.o)
                0x080402a0                __aeabi_ldivmod
 .text          0x08040340      0x2cc d:/gnu/gcc-arm-none-eabi-7-2017-q4-major-win32/bin/../lib/gcc/arm-none-eabi/7.2.1/thumb/v7e-m/fpv4-sp/hard\libgcc.a(_udivmoddi4.o)
                0x08040340                __udivmoddi4
 .text          0x0804060c        0x4 d:/gnu/gcc-arm-none-eabi-7-2017-q4-major-win32/bin/../lib/gcc/arm-none-eabi/7.2.1/thumb/v7e-m/fpv4-sp/hard\libgcc.a(_dvmd_tls.o)
                0x0804060c                __aeabi_idiv0
                0x0804060c                __aeabi_ldiv0
 .text          0x08040610       0x30 d:/gnu/gcc-arm-none-eabi-7-2017-q4-major-win32/bin/../lib/gcc/arm-none-eabi/7.2.1/thumb/v7e-m/fpv4-sp/hard\libgcc.a(_aeabi_uldivmod.o)
                0x08040610                __aeabi_uldivmod
 *(.text*)
 .text.tcp_getoptbyte
                0x08040640       0x40 C:\Users\alien\AppData\Local\Temp\ccodVkrc.ltrans0.ltrans.o
 .text.tcp_parseopt.isra.1
                0x08040680       0x74 C:\Users\alien\AppData\Local\Temp\ccodVkrc.ltrans0.ltrans.o
 .text.tcp_update_rcv_ann_wnd
                0x080406f4       0x36 C:\Users\alien\AppData\Local\Temp\ccodVkrc.ltrans0.ltrans.o
 .text.pbuf_header_impl.part.0
                0x0804072a       0x5a C:\Users\alien\AppData\Local\Temp\ccodVkrc.ltrans0.ltrans.o
 .text.pbuf_put_at
                0x08040784       0x16 C:\Users\alien\AppData\Local\Temp\ccodVkrc.ltrans0.ltrans.o
 .text.unlikely.pbuf_try_get_at
                0x0804079a       0x1c C:\Users\alien\AppData\Local\Temp\ccodVkrc.ltrans0.ltrans.o
 .text.ip4_addr_isbroadcast_u32
                0x080407b6       0x32 C:\Users\alien\AppData\Local\Temp\ccodVkrc.ltrans0.ltrans.o
 .text.pbuf_take
                0x080407e8       0x4a C:\Users\alien\AppData\Local\Temp\ccodVkrc.ltrans0.ltrans.o
 .text.pbuf_take_at
                0x08040832       0x5a C:\Users\alien\AppData\Local\Temp\ccodVkrc.ltrans0.ltrans.o
 .text.pbuf_copy
                0x0804088c       0x94 C:\Users\alien\AppData\Local\Temp\ccodVkrc.ltrans0.ltrans.o
 .text.dns_call_found
                0x08040920       0x9c C:\Users\alien\AppData\Local\Temp\ccodVkrc.ltrans0.ltrans.o
 .text.sys_mutex_new
                0x080409bc       0x1e C:\Users\alien\AppData\Local\Temp\ccodVkrc.ltrans0.ltrans.o
 *fill*         0x080409da        0x2 
 .text.vTaskModbusSlave
                0x080409dc      0x1e8 C:\Users\alien\AppData\Local\Temp\ccodVkrc.ltrans0.ltrans.o
 .text.tcp_recved
                0x08040bc4       0x48 C:\Users\alien\AppData\Local\Temp\ccodVkrc.ltrans0.ltrans.o
                0x08040bc4                tcp_recved
 .text.pbuf_copy_partial
                0x08040c0c       0x5c C:\Users\alien\AppData\Local\Temp\ccodVkrc.ltrans0.ltrans.o
                0x08040c0c                pbuf_copy_partial
 .text.pbuf_cat
                0x08040c68       0x1e C:\Users\alien\AppData\Local\Temp\ccodVkrc.ltrans0.ltrans.o
                0x08040c68                pbuf_cat
 .text.pbuf_clen
                0x08040c86       0x10 C:\Users\alien\AppData\Local\Temp\ccodVkrc.ltrans0.ltrans.o
                0x08040c86                pbuf_clen
 .text.pbuf_header
                0x08040c96        0xe C:\Users\alien\AppData\Local\Temp\ccodVkrc.ltrans0.ltrans.o
                0x08040c96                pbuf_header
 .text.lwip_htonl
                0x08040ca4        0x4 C:\Users\alien\AppData\Local\Temp\ccodVkrc.ltrans0.ltrans.o
                0x08040ca4                lwip_htonl
 .text.ip4_route
                0x08040ca8       0x58 C:\Users\alien\AppData\Local\Temp\ccodVkrc.ltrans0.ltrans.o
                0x08040ca8                ip4_route
 .text.tcp_eff_send_mss_impl
                0x08040d00       0x1e C:\Users\alien\AppData\Local\Temp\ccodVkrc.ltrans0.ltrans.o
                0x08040d00                tcp_eff_send_mss_impl
 *fill*         0x08040d1e        0x2 
 .text.etharp_request
                0x08040d20       0x20 C:\Users\alien\AppData\Local\Temp\ccodVkrc.ltrans0.ltrans.o
                0x08040d20                etharp_request
 .text.ethernet_output
                0x08040d40       0x4e C:\Users\alien\AppData\Local\Temp\ccodVkrc.ltrans0.ltrans.o
                0x08040d40                ethernet_output
 *fill*         0x08040d8e        0x2 
 .text.etharp_output_to_arp_index
                0x08040d90       0x74 C:\Users\alien\AppData\Local\Temp\ccodVkrc.ltrans0.ltrans.o
 .text.sys_arch_protect
                0x08040e04       0x14 C:\Users\alien\AppData\Local\Temp\ccodVkrc.ltrans0.ltrans.o
                0x08040e04                sys_arch_protect
 .text.pbuf_ref
                0x08040e18       0x1a C:\Users\alien\AppData\Local\Temp\ccodVkrc.ltrans0.ltrans.o
                0x08040e18                pbuf_ref
 *fill*         0x08040e32        0x2 
 .text.memp_free.part.2
                0x08040e34       0x28 C:\Users\alien\AppData\Local\Temp\ccodVkrc.ltrans0.ltrans.o
                0x08040e34                memp_free.part.2
 .text.memp_malloc
                0x08040e5c       0x24 C:\Users\alien\AppData\Local\Temp\ccodVkrc.ltrans0.ltrans.o
                0x08040e5c                memp_malloc
 .text.sys_mutex_lock
                0x08040e80        0x6 C:\Users\alien\AppData\Local\Temp\ccodVkrc.ltrans0.ltrans.o
                0x08040e80                sys_mutex_lock
 .text.sys_arch_sem_wait
                0x08040e86       0x36 C:\Users\alien\AppData\Local\Temp\ccodVkrc.ltrans0.ltrans.o
                0x08040e86                sys_arch_sem_wait
 .text.sys_arch_mbox_fetch
                0x08040ebc       0x44 C:\Users\alien\AppData\Local\Temp\ccodVkrc.ltrans0.ltrans.o
                0x08040ebc                sys_arch_mbox_fetch
 .text.sys_mbox_trypost
                0x08040f00       0x14 C:\Users\alien\AppData\Local\Temp\ccodVkrc.ltrans0.ltrans.o
                0x08040f00                sys_mbox_trypost
 .text.pbuf_pool_is_empty
                0x08040f14       0x5c C:\Users\alien\AppData\Local\Temp\ccodVkrc.ltrans0.ltrans.o
 .text.sys_mbox_free
                0x08040f70       0x24 C:\Users\alien\AppData\Local\Temp\ccodVkrc.ltrans0.ltrans.o
                0x08040f70                sys_mbox_free
 .text.SystemInit
                0x08040f94       0x4c C:\Users\alien\AppData\Local\Temp\ccodVkrc.ltrans0.ltrans.o
                0x08040f94                SystemInit
 .text._read    0x08040fe0       0x1c C:\Users\alien\AppData\Local\Temp\ccodVkrc.ltrans0.ltrans.o
                0x08040fe0                _read
 .text._lseek   0x08040ffc        0x4 C:\Users\alien\AppData\Local\Temp\ccodVkrc.ltrans0.ltrans.o
                0x08040ffc                _lseek
 .text._isatty  0x08041000        0x4 C:\Users\alien\AppData\Local\Temp\ccodVkrc.ltrans0.ltrans.o
                0x08041000                _isatty
 .text._fstat   0x08041004        0xa C:\Users\alien\AppData\Local\Temp\ccodVkrc.ltrans0.ltrans.o
                0x08041004                _fstat
 .text._close   0x0804100e        0x6 C:\Users\alien\AppData\Local\Temp\ccodVkrc.ltrans0.ltrans.o
                0x0804100e                _close
 .text._write   0x08041014       0x1c C:\Users\alien\AppData\Local\Temp\ccodVkrc.ltrans0.ltrans.o
                0x08041014                _write
 .text._sbrk    0x08041030       0x40 C:\Users\alien\AppData\Local\Temp\ccodVkrc.ltrans0.ltrans.o
                0x08041030                _sbrk
 .text.assert_failed
                0x08041070       0x10 C:\Users\alien\AppData\Local\Temp\ccodVkrc.ltrans0.ltrans.o
                0x08041070                assert_failed
 .text.ExecuteInternalCoilOutputOFF
                0x08041080       0x2c C:\Users\alien\AppData\Local\Temp\ccodVkrc.ltrans0.ltrans.o
                0x08041080                ExecuteInternalCoilOutputOFF
 .text.ExecuteInternalCoilOutputON
                0x080410ac       0x2c C:\Users\alien\AppData\Local\Temp\ccodVkrc.ltrans0.ltrans.o
                0x080410ac                ExecuteInternalCoilOutputON
 .text.vTaskUserConfig
                0x080410d8      0x2d4 C:\Users\alien\AppData\Local\Temp\ccodVkrc.ltrans0.ltrans.o
 .text.sys_sem_signal
                0x080413ac        0x6 C:\Users\alien\AppData\Local\Temp\ccodVkrc.ltrans0.ltrans.o
                0x080413ac                sys_mutex_unlock
                0x080413ac                sys_sem_signal
 *fill*         0x080413b2        0x2 
 .text.pbuf_free
                0x080413b4      0x11c C:\Users\alien\AppData\Local\Temp\ccodVkrc.ltrans0.ltrans.o
                0x080413b4                pbuf_free
 .text.tcp_seg_free
                0x080414d0       0x1c C:\Users\alien\AppData\Local\Temp\ccodVkrc.ltrans0.ltrans.o
                0x080414d0                tcp_seg_free
 .text.tcp_create_segment.lto_priv.322
                0x080414ec       0x90 C:\Users\alien\AppData\Local\Temp\ccodVkrc.ltrans0.ltrans.o
                0x080414ec                tcp_create_segment.lto_priv.322
 .text.tcp_segs_free
                0x0804157c       0x10 C:\Users\alien\AppData\Local\Temp\ccodVkrc.ltrans0.ltrans.o
                0x0804157c                tcp_segs_free
 .text.tcp_pcb_purge
                0x0804158c       0x40 C:\Users\alien\AppData\Local\Temp\ccodVkrc.ltrans0.ltrans.o
 .text.tcp_pcb_remove
                0x080415cc       0x4e C:\Users\alien\AppData\Local\Temp\ccodVkrc.ltrans0.ltrans.o
 *fill*         0x0804161a        0x2 
 .text.tcp_abandon
                0x0804161c       0xcc C:\Users\alien\AppData\Local\Temp\ccodVkrc.ltrans0.ltrans.o
 .text.tcp_kill_state
                0x080416e8       0x3c C:\Users\alien\AppData\Local\Temp\ccodVkrc.ltrans0.ltrans.o
 .text.tcp_abort
                0x08041724        0x6 C:\Users\alien\AppData\Local\Temp\ccodVkrc.ltrans0.ltrans.o
                0x08041724                tcp_abort
 *fill*         0x0804172a        0x2 
 .text.tcp_alloc
                0x0804172c      0x11c C:\Users\alien\AppData\Local\Temp\ccodVkrc.ltrans0.ltrans.o
                0x0804172c                tcp_alloc
 .text.tcp_accept_null.lto_priv.320
                0x08041848        0xe C:\Users\alien\AppData\Local\Temp\ccodVkrc.ltrans0.ltrans.o
                0x08041848                tcp_accept_null.lto_priv.320
 *fill*         0x08041856        0x2 
 .text.pbuf_free_ooseq_callback
                0x08041858       0x30 C:\Users\alien\AppData\Local\Temp\ccodVkrc.ltrans0.ltrans.o
 .text.dns_recv.lto_priv.319
                0x08041888      0x270 C:\Users\alien\AppData\Local\Temp\ccodVkrc.ltrans0.ltrans.o
                0x08041888                dns_recv.lto_priv.319
 .text.ipfrag_free_pbuf_custom
                0x08041af8       0x18 C:\Users\alien\AppData\Local\Temp\ccodVkrc.ltrans0.ltrans.o
 .text.etharp_free_entry
                0x08041b10       0x28 C:\Users\alien\AppData\Local\Temp\ccodVkrc.ltrans0.ltrans.o
 .text.etharp_find_entry.isra.0
                0x08041b38       0xbc C:\Users\alien\AppData\Local\Temp\ccodVkrc.ltrans0.ltrans.o
 .text.etharp_tmr
                0x08041bf4       0x60 C:\Users\alien\AppData\Local\Temp\ccodVkrc.ltrans0.ltrans.o
 .text.startup.main
                0x08041c54     0x154c C:\Users\alien\AppData\Local\Temp\ccodVkrc.ltrans0.ltrans.o
                0x08041c54                main
 .text.pbuf_realloc
                0x080431a0      0x124 C:\Users\alien\AppData\Local\Temp\ccodVkrc.ltrans0.ltrans.o
 .text.unlikely.tcp_oos_insert_segment
                0x080432c4       0x6c C:\Users\alien\AppData\Local\Temp\ccodVkrc.ltrans0.ltrans.o
 .text.pbuf_alloc
                0x08043330      0x1e0 C:\Users\alien\AppData\Local\Temp\ccodVkrc.ltrans0.ltrans.o
                0x08043330                pbuf_alloc
 .text.tcp_enqueue_flags
                0x08043510       0x8a C:\Users\alien\AppData\Local\Temp\ccodVkrc.ltrans0.ltrans.o
 .text.tcp_send_fin
                0x0804359a       0x30 C:\Users\alien\AppData\Local\Temp\ccodVkrc.ltrans0.ltrans.o
 *fill*         0x080435ca        0x2 
 .text.tcp_close_shutdown.lto_priv.324
                0x080435cc      0x170 C:\Users\alien\AppData\Local\Temp\ccodVkrc.ltrans0.ltrans.o
                0x080435cc                tcp_close_shutdown.lto_priv.324
 .text.tcp_close
                0x0804373c       0x14 C:\Users\alien\AppData\Local\Temp\ccodVkrc.ltrans0.ltrans.o
                0x0804373c                tcp_close
 .text.tcp_recv_null
                0x08043750       0x24 C:\Users\alien\AppData\Local\Temp\ccodVkrc.ltrans0.ltrans.o
 .text.tcp_process_refused_data
                0x08043774       0x66 C:\Users\alien\AppData\Local\Temp\ccodVkrc.ltrans0.ltrans.o
 .text.tcp_pbuf_prealloc.lto_priv.323
                0x080437da       0x50 C:\Users\alien\AppData\Local\Temp\ccodVkrc.ltrans0.ltrans.o
                0x080437da                tcp_pbuf_prealloc.lto_priv.323
 *fill*         0x0804382a        0x2 
 .text.dns_send
                0x0804382c      0x134 C:\Users\alien\AppData\Local\Temp\ccodVkrc.ltrans0.ltrans.o
 .text.dns_check_entry.lto_priv.321
                0x08043960       0xb8 C:\Users\alien\AppData\Local\Temp\ccodVkrc.ltrans0.ltrans.o
                0x08043960                dns_check_entry.lto_priv.321
 .text.dns_tmr  0x08043a18       0x1e C:\Users\alien\AppData\Local\Temp\ccodVkrc.ltrans0.ltrans.o
 *fill*         0x08043a36        0x2 
 .text.ip4_output_if_src
                0x08043a38      0x1ec C:\Users\alien\AppData\Local\Temp\ccodVkrc.ltrans0.ltrans.o
                0x08043a38                ip4_output_if_src
 .text.ip4_output_if
                0x08043c24       0x22 C:\Users\alien\AppData\Local\Temp\ccodVkrc.ltrans0.ltrans.o
                0x08043c24                ip4_output_if
 .text.tcp_send_empty_ack
                0x08043c46       0x6a C:\Users\alien\AppData\Local\Temp\ccodVkrc.ltrans0.ltrans.o
                0x08043c46                tcp_send_empty_ack
 .text.unlikely.tcp_receive
                0x08043cb0      0x718 C:\Users\alien\AppData\Local\Temp\ccodVkrc.ltrans0.ltrans.o
 .text.tcp_tmr  0x080443c8      0x434 C:\Users\alien\AppData\Local\Temp\ccodVkrc.ltrans0.ltrans.o
                0x080443c8                tcp_tmr
 .text.icmp_send_response.isra.0
                0x080447fc       0x6e C:\Users\alien\AppData\Local\Temp\ccodVkrc.ltrans0.ltrans.o
 *fill*         0x0804486a        0x2 
 .text.ip_reass_free_complete_datagram
                0x0804486c       0x84 C:\Users\alien\AppData\Local\Temp\ccodVkrc.ltrans0.ltrans.o
 .text.ip_reass_remove_oldest_datagram
                0x080448f0       0x78 C:\Users\alien\AppData\Local\Temp\ccodVkrc.ltrans0.ltrans.o
 .text.ip_reass_tmr
                0x08044968       0x28 C:\Users\alien\AppData\Local\Temp\ccodVkrc.ltrans0.ltrans.o
 .text.ip4_input
                0x08044990      0xe84 C:\Users\alien\AppData\Local\Temp\ccodVkrc.ltrans0.ltrans.o
                0x08044990                ip4_input
 .text.ethernet_input
                0x08045814      0x1e4 C:\Users\alien\AppData\Local\Temp\ccodVkrc.ltrans0.ltrans.o
                0x08045814                ethernet_input
 .text.etharp_output
                0x080459f8      0x1ac C:\Users\alien\AppData\Local\Temp\ccodVkrc.ltrans0.ltrans.o
 .text.IAP_tftp_send_ack_packet
                0x08045ba4       0x7c C:\Users\alien\AppData\Local\Temp\ccodVkrc.ltrans0.ltrans.o
 .text.IAP_wrq_recv
                0x08045c20      0x12c C:\Users\alien\AppData\Local\Temp\ccodVkrc.ltrans0.ltrans.o
 .text.vTaskTftpd
                0x08045d4c      0x110 C:\Users\alien\AppData\Local\Temp\ccodVkrc.ltrans0.ltrans.o
 .text.vTaskModbusMaster
                0x08045e5c      0x234 C:\Users\alien\AppData\Local\Temp\ccodVkrc.ltrans0.ltrans.o
 .text.Frame_getSpaceLeft
                0x08046090        0x6 C:\Users\alien\AppData\Local\Temp\ccodVkrc.ltrans1.ltrans.o
 .text.Frame_getMsgSize
                0x08046096        0x6 C:\Users\alien\AppData\Local\Temp\ccodVkrc.ltrans1.ltrans.o
 .text.Frame_appendBytes
                0x0804609c        0x6 C:\Users\alien\AppData\Local\Temp\ccodVkrc.ltrans1.ltrans.o
 .text.Frame_setNextByte
                0x080460a2        0x6 C:\Users\alien\AppData\Local\Temp\ccodVkrc.ltrans1.ltrans.o
 .text.InformationObject_encodeBase.isra.0
                0x080460a8       0x48 C:\Users\alien\AppData\Local\Temp\ccodVkrc.ltrans1.ltrans.o
 .text.DelayAcquisitionCommand_encode.lto_priv.296
                0x080460f0       0x44 C:\Users\alien\AppData\Local\Temp\ccodVkrc.ltrans1.ltrans.o
                0x080460f0                DelayAcquisitionCommand_encode.lto_priv.296
 .text.ClockSynchronizationCommand_encode.lto_priv.294
                0x08046134       0x44 C:\Users\alien\AppData\Local\Temp\ccodVkrc.ltrans1.ltrans.o
                0x08046134                ClockSynchronizationCommand_encode.lto_priv.294
 .text.ReadCommand_encode.lto_priv.293
                0x08046178       0x36 C:\Users\alien\AppData\Local\Temp\ccodVkrc.ltrans1.ltrans.o
                0x08046178                ReadCommand_encode.lto_priv.293
 .text.Bitstring32Command_encode.lto_priv.282
                0x080461ae       0x44 C:\Users\alien\AppData\Local\Temp\ccodVkrc.ltrans1.ltrans.o
                0x080461ae                Bitstring32Command_encode.lto_priv.282
 .text.Bitstring32CommandWithCP56Time2a_encode.lto_priv.289
                0x080461f2       0x42 C:\Users\alien\AppData\Local\Temp\ccodVkrc.ltrans1.ltrans.o
                0x080461f2                Bitstring32CommandWithCP56Time2a_encode.lto_priv.289
 .text.SetpointCommandNormalized_encode.lto_priv.279
                0x08046234       0x4c C:\Users\alien\AppData\Local\Temp\ccodVkrc.ltrans1.ltrans.o
                0x08046234                SetpointCommandNormalized_encode.lto_priv.279
 .text.SetpointCommandScaled_encode
                0x08046280        0x4 C:\Users\alien\AppData\Local\Temp\ccodVkrc.ltrans1.ltrans.o
                0x08046280                SetpointCommandScaled_encode.lto_priv.280
 .text.SetpointCommandNormalizedWithCP56Time2a_encode.lto_priv.286
                0x08046284       0x42 C:\Users\alien\AppData\Local\Temp\ccodVkrc.ltrans1.ltrans.o
                0x08046284                SetpointCommandNormalizedWithCP56Time2a_encode.lto_priv.286
 .text.SetpointCommandScaledWithCP56Time2a_encode
                0x080462c6        0x4 C:\Users\alien\AppData\Local\Temp\ccodVkrc.ltrans1.ltrans.o
                0x080462c6                SetpointCommandScaledWithCP56Time2a_encode.lto_priv.287
 .text.SingleCommand_encode.lto_priv.276
                0x080462ca       0x40 C:\Users\alien\AppData\Local\Temp\ccodVkrc.ltrans1.ltrans.o
                0x080462ca                SingleCommand_encode.lto_priv.276
 .text.EndOfInitialization_encode
                0x0804630a        0x4 C:\Users\alien\AppData\Local\Temp\ccodVkrc.ltrans1.ltrans.o
                0x0804630a                EndOfInitialization_encode.lto_priv.290
 .text.ParameterActivation_encode
                0x0804630e        0x4 C:\Users\alien\AppData\Local\Temp\ccodVkrc.ltrans1.ltrans.o
                0x0804630e                ParameterActivation_encode.lto_priv.297
 .text.ResetProcessCommand_encode
                0x08046312        0x4 C:\Users\alien\AppData\Local\Temp\ccodVkrc.ltrans1.ltrans.o
                0x08046312                ResetProcessCommand_encode.lto_priv.295
 .text.CounterInterrogationCommand_encode
                0x08046316        0x4 C:\Users\alien\AppData\Local\Temp\ccodVkrc.ltrans1.ltrans.o
                0x08046316                CounterInterrogationCommand_encode.lto_priv.292
 .text.InterrogationCommand_encode
                0x0804631a        0x4 C:\Users\alien\AppData\Local\Temp\ccodVkrc.ltrans1.ltrans.o
                0x0804631a                InterrogationCommand_encode.lto_priv.291
 .text.StepCommand_encode
                0x0804631e        0x4 C:\Users\alien\AppData\Local\Temp\ccodVkrc.ltrans1.ltrans.o
                0x0804631e                StepCommand_encode.lto_priv.278
 .text.DoubleCommand_encode
                0x08046322        0x4 C:\Users\alien\AppData\Local\Temp\ccodVkrc.ltrans1.ltrans.o
                0x08046322                DoubleCommand_encode.lto_priv.277
 .text.SingleCommandWithCP56Time2a_encode.lto_priv.283
                0x08046326       0x42 C:\Users\alien\AppData\Local\Temp\ccodVkrc.ltrans1.ltrans.o
                0x08046326                SingleCommandWithCP56Time2a_encode.lto_priv.283
 .text.StepCommandWithCP56Time2a_encode
                0x08046368        0x4 C:\Users\alien\AppData\Local\Temp\ccodVkrc.ltrans1.ltrans.o
                0x08046368                StepCommandWithCP56Time2a_encode.lto_priv.285
 .text.DoubleCommandWithCP56Time2a_encode
                0x0804636c        0x4 C:\Users\alien\AppData\Local\Temp\ccodVkrc.ltrans1.ltrans.o
                0x0804636c                DoubleCommandWithCP56Time2a_encode.lto_priv.284
 .text.PackedSinglePointWithSCD_encode.lto_priv.255
                0x08046370       0x4c C:\Users\alien\AppData\Local\Temp\ccodVkrc.ltrans1.ltrans.o
                0x08046370                PackedSinglePointWithSCD_encode.lto_priv.255
 .text.PackedStartEventsOfProtectionEquipmentWithCP56Time2a_encode.lto_priv.248
                0x080463bc       0x60 C:\Users\alien\AppData\Local\Temp\ccodVkrc.ltrans1.ltrans.o
                0x080463bc                PackedStartEventsOfProtectionEquipmentWithCP56Time2a_encode.lto_priv.248
 .text.PackedOutputCircuitInfoWithCP56Time2a_encode
                0x0804641c        0x4 C:\Users\alien\AppData\Local\Temp\ccodVkrc.ltrans1.ltrans.o
                0x0804641c                PackedOutputCircuitInfoWithCP56Time2a_encode.lto_priv.247
 .text.PackedStartEventsOfProtectionEquipment_encode.lto_priv.257
                0x08046420       0x60 C:\Users\alien\AppData\Local\Temp\ccodVkrc.ltrans1.ltrans.o
                0x08046420                PackedStartEventsOfProtectionEquipment_encode.lto_priv.257
 .text.PacketOutputCircuitInfo_encode
                0x08046480        0x4 C:\Users\alien\AppData\Local\Temp\ccodVkrc.ltrans1.ltrans.o
                0x08046480                PacketOutputCircuitInfo_encode.lto_priv.256
 .text.EventOfProtectionEquipmentWithCP56Time2a_encode.lto_priv.249
                0x08046484       0x58 C:\Users\alien\AppData\Local\Temp\ccodVkrc.ltrans1.ltrans.o
                0x08046484                EventOfProtectionEquipmentWithCP56Time2a_encode.lto_priv.249
 .text.EventOfProtectionEquipment_encode.lto_priv.258
                0x080464dc       0x58 C:\Users\alien\AppData\Local\Temp\ccodVkrc.ltrans1.ltrans.o
                0x080464dc                EventOfProtectionEquipment_encode.lto_priv.258
 .text.IntegratedTotals_encode.lto_priv.270
                0x08046534       0x44 C:\Users\alien\AppData\Local\Temp\ccodVkrc.ltrans1.ltrans.o
                0x08046534                IntegratedTotals_encode.lto_priv.270
 .text.IntegratedTotalsWithCP56Time2a_encode.lto_priv.275
                0x08046578       0x42 C:\Users\alien\AppData\Local\Temp\ccodVkrc.ltrans1.ltrans.o
                0x08046578                IntegratedTotalsWithCP56Time2a_encode.lto_priv.275
 .text.IntegratedTotalsWithCP24Time2a_encode.lto_priv.271
                0x080465ba       0x42 C:\Users\alien\AppData\Local\Temp\ccodVkrc.ltrans1.ltrans.o
                0x080465ba                IntegratedTotalsWithCP24Time2a_encode.lto_priv.271
 .text.MeasuredValueShort_encode.lto_priv.244
                0x080465fc       0x4c C:\Users\alien\AppData\Local\Temp\ccodVkrc.ltrans1.ltrans.o
                0x080465fc                MeasuredValueShort_encode.lto_priv.244
 .text.SetpointCommandShort_encode
                0x08046648        0x4 C:\Users\alien\AppData\Local\Temp\ccodVkrc.ltrans1.ltrans.o
                0x08046648                SetpointCommandShort_encode.lto_priv.281
 .text.MeasuredValueShortWithCP56Time2a_encode.lto_priv.250
                0x0804664c       0x42 C:\Users\alien\AppData\Local\Temp\ccodVkrc.ltrans1.ltrans.o
                0x0804664c                MeasuredValueShortWithCP56Time2a_encode.lto_priv.250
 .text.SetpointCommandShortWithCP56Time2a_encode
                0x0804668e        0x4 C:\Users\alien\AppData\Local\Temp\ccodVkrc.ltrans1.ltrans.o
                0x0804668e                SetpointCommandShortWithCP56Time2a_encode.lto_priv.288
 .text.MeasuredValueShortWithCP24Time2a_encode.lto_priv.259
                0x08046692       0x42 C:\Users\alien\AppData\Local\Temp\ccodVkrc.ltrans1.ltrans.o
                0x08046692                MeasuredValueShortWithCP24Time2a_encode.lto_priv.259
 .text.MeasuredValueNormalizedWithoutQuality_encode.lto_priv.272
                0x080466d4       0x48 C:\Users\alien\AppData\Local\Temp\ccodVkrc.ltrans1.ltrans.o
                0x080466d4                MeasuredValueNormalizedWithoutQuality_encode.lto_priv.272
 .text.MeasuredValueNormalized_encode.lto_priv.246
                0x0804671c       0x50 C:\Users\alien\AppData\Local\Temp\ccodVkrc.ltrans1.ltrans.o
                0x0804671c                MeasuredValueNormalized_encode.lto_priv.246
 .text.MeasuredValueScaled_encode.lto_priv.245
                0x0804676c        0x4 C:\Users\alien\AppData\Local\Temp\ccodVkrc.ltrans1.ltrans.o
                0x0804676c                MeasuredValueScaled_encode.lto_priv.245
 .text.MeasuredValueNormalizedWithCP56Time2a_encode.lto_priv.252
                0x08046770       0x42 C:\Users\alien\AppData\Local\Temp\ccodVkrc.ltrans1.ltrans.o
                0x08046770                MeasuredValueNormalizedWithCP56Time2a_encode.lto_priv.252
 .text.MeasuredValueScaledWithCP56Time2a_encode
                0x080467b2        0x4 C:\Users\alien\AppData\Local\Temp\ccodVkrc.ltrans1.ltrans.o
                0x080467b2                MeasuredValueScaledWithCP56Time2a_encode.lto_priv.251
 .text.MeasuredValueNormalizedWithCP24Time2a_encode.lto_priv.261
                0x080467b6       0x42 C:\Users\alien\AppData\Local\Temp\ccodVkrc.ltrans1.ltrans.o
                0x080467b6                MeasuredValueNormalizedWithCP24Time2a_encode.lto_priv.261
 .text.MeasuredValueScaledWithCP24Time2a_encode
                0x080467f8        0x4 C:\Users\alien\AppData\Local\Temp\ccodVkrc.ltrans1.ltrans.o
                0x080467f8                MeasuredValueScaledWithCP24Time2a_encode.lto_priv.260
 .text.Bitstring32WithCP56Time2a_encode.lto_priv.274
                0x080467fc       0x86 C:\Users\alien\AppData\Local\Temp\ccodVkrc.ltrans1.ltrans.o
                0x080467fc                Bitstring32WithCP56Time2a_encode.lto_priv.274
 .text.Bitstring32WithCP24Time2a_encode.lto_priv.269
                0x08046882       0x86 C:\Users\alien\AppData\Local\Temp\ccodVkrc.ltrans1.ltrans.o
                0x08046882                Bitstring32WithCP24Time2a_encode.lto_priv.269
 .text.BitString32_encode.lto_priv.268
                0x08046908       0x7a C:\Users\alien\AppData\Local\Temp\ccodVkrc.ltrans1.ltrans.o
                0x08046908                BitString32_encode.lto_priv.268
 .text.SinglePointWithCP56Time2a_encode.lto_priv.254
                0x08046982       0x54 C:\Users\alien\AppData\Local\Temp\ccodVkrc.ltrans1.ltrans.o
                0x08046982                SinglePointWithCP56Time2a_encode.lto_priv.254
 .text.SinglePointWithCP24Time2a_encode.lto_priv.262
                0x080469d6       0x54 C:\Users\alien\AppData\Local\Temp\ccodVkrc.ltrans1.ltrans.o
                0x080469d6                SinglePointWithCP24Time2a_encode.lto_priv.262
 .text.DoublePointWithCP56Time2a_encode.lto_priv.273
                0x08046a2a       0x52 C:\Users\alien\AppData\Local\Temp\ccodVkrc.ltrans1.ltrans.o
                0x08046a2a                DoublePointWithCP56Time2a_encode.lto_priv.273
 .text.DoublePointWithCP24Time2a_encode.lto_priv.265
                0x08046a7c       0x52 C:\Users\alien\AppData\Local\Temp\ccodVkrc.ltrans1.ltrans.o
                0x08046a7c                DoublePointWithCP24Time2a_encode.lto_priv.265
 .text.DoublePointInformation_encode.lto_priv.264
                0x08046ace       0x46 C:\Users\alien\AppData\Local\Temp\ccodVkrc.ltrans1.ltrans.o
                0x08046ace                DoublePointInformation_encode.lto_priv.264
 .text.StepPositionWithCP24Time2a_encode.lto_priv.267
                0x08046b14       0x54 C:\Users\alien\AppData\Local\Temp\ccodVkrc.ltrans1.ltrans.o
                0x08046b14                StepPositionWithCP24Time2a_encode.lto_priv.267
 .text.StepPositionWithCP56Time2a_encode.lto_priv.253
                0x08046b68       0x50 C:\Users\alien\AppData\Local\Temp\ccodVkrc.ltrans1.ltrans.o
                0x08046b68                StepPositionWithCP56Time2a_encode.lto_priv.253
 .text.StepPositionInformation_encode.lto_priv.266
                0x08046bb8       0x48 C:\Users\alien\AppData\Local\Temp\ccodVkrc.ltrans1.ltrans.o
                0x08046bb8                StepPositionInformation_encode.lto_priv.266
 .text.SinglePointInformation_encode.lto_priv.263
                0x08046c00       0x48 C:\Users\alien\AppData\Local\Temp\ccodVkrc.ltrans1.ltrans.o
                0x08046c00                SinglePointInformation_encode.lto_priv.263
 .text.InformationObject_destroy
                0x08046c48        0x6 C:\Users\alien\AppData\Local\Temp\ccodVkrc.ltrans1.ltrans.o
 .text.ASDU_getCA
                0x08046c4e       0x1a C:\Users\alien\AppData\Local\Temp\ccodVkrc.ltrans1.ltrans.o
 .text.ASDU_setCOT
                0x08046c68        0xe C:\Users\alien\AppData\Local\Temp\ccodVkrc.ltrans1.ltrans.o
 .text.ASDU_encode
                0x08046c76       0x10 C:\Users\alien\AppData\Local\Temp\ccodVkrc.ltrans1.ltrans.o
 .text.asduFrame_getSpaceLeft
                0x08046c86        0xe C:\Users\alien\AppData\Local\Temp\ccodVkrc.ltrans1.ltrans.o
 .text.asduFrame_appendBytes
                0x08046c94       0x28 C:\Users\alien\AppData\Local\Temp\ccodVkrc.ltrans1.ltrans.o
 .text.asduFrame_setNextByte
                0x08046cbc       0x10 C:\Users\alien\AppData\Local\Temp\ccodVkrc.ltrans1.ltrans.o
 .text.BufferFrame_destroy
                0x08046ccc        0x2 C:\Users\alien\AppData\Local\Temp\ccodVkrc.ltrans1.ltrans.o
 .text.asduFrame_destroy
                0x08046cce        0x2 C:\Users\alien\AppData\Local\Temp\ccodVkrc.ltrans1.ltrans.o
 .text.resetT3Timeout
                0x08046cd0       0x2c C:\Users\alien\AppData\Local\Temp\ccodVkrc.ltrans1.ltrans.o
 .text.isSentBufferFull
                0x08046cfc       0x20 C:\Users\alien\AppData\Local\Temp\ccodVkrc.ltrans1.ltrans.o
 .text.BufferFrame_getSpaceLeft
                0x08046d1c        0xa C:\Users\alien\AppData\Local\Temp\ccodVkrc.ltrans1.ltrans.o
 .text.BufferFrame_getBuffer
                0x08046d26        0x4 C:\Users\alien\AppData\Local\Temp\ccodVkrc.ltrans1.ltrans.o
 .text.BufferFrame_getMsgSize
                0x08046d2a        0x4 C:\Users\alien\AppData\Local\Temp\ccodVkrc.ltrans1.ltrans.o
 .text.BufferFrame_appendBytes
                0x08046d2e       0x24 C:\Users\alien\AppData\Local\Temp\ccodVkrc.ltrans1.ltrans.o
 .text.BufferFrame_setNextByte
                0x08046d52        0xe C:\Users\alien\AppData\Local\Temp\ccodVkrc.ltrans1.ltrans.o
 .text.BufferFrame_resetFrame
                0x08046d60        0x6 C:\Users\alien\AppData\Local\Temp\ccodVkrc.ltrans1.ltrans.o
 *fill*         0x08046d66        0x2 
 .text.IsCommandExecutable
                0x08046d68       0x6c C:\Users\alien\AppData\Local\Temp\ccodVkrc.ltrans1.ltrans.o
 .text.pvScanInternalDiscrete
                0x08046dd4      0x190 C:\Users\alien\AppData\Local\Temp\ccodVkrc.ltrans1.ltrans.o
 .text.SingleCommand_destroy
                0x08046f64        0x4 C:\Users\alien\AppData\Local\Temp\ccodVkrc.ltrans1.ltrans.o
                0x08046f64                SingleCommand_destroy
 .text.EndOfInitialization_destroy
                0x08046f68        0x4 C:\Users\alien\AppData\Local\Temp\ccodVkrc.ltrans1.ltrans.o
                0x08046f68                EndOfInitialization_destroy
 .text.ParameterActivation_destroy
                0x08046f6c        0x4 C:\Users\alien\AppData\Local\Temp\ccodVkrc.ltrans1.ltrans.o
                0x08046f6c                ParameterActivation_destroy
 .text.DelayAcquisitionCommand_destroy
                0x08046f70        0x4 C:\Users\alien\AppData\Local\Temp\ccodVkrc.ltrans1.ltrans.o
                0x08046f70                DelayAcquisitionCommand_destroy
 .text.ResetProcessCommand_destroy
                0x08046f74        0x4 C:\Users\alien\AppData\Local\Temp\ccodVkrc.ltrans1.ltrans.o
                0x08046f74                ResetProcessCommand_destroy
 .text.CounterInterrogationCommand_destroy
                0x08046f78        0x4 C:\Users\alien\AppData\Local\Temp\ccodVkrc.ltrans1.ltrans.o
                0x08046f78                CounterInterrogationCommand_destroy
 .text.InterrogationCommand_destroy
                0x08046f7c        0x4 C:\Users\alien\AppData\Local\Temp\ccodVkrc.ltrans1.ltrans.o
                0x08046f7c                InterrogationCommand_destroy
 .text.ClockSynchronizationCommand_destroy
                0x08046f80        0x4 C:\Users\alien\AppData\Local\Temp\ccodVkrc.ltrans1.ltrans.o
                0x08046f80                ClockSynchronizationCommand_destroy
 .text.ReadCommand_destroy
                0x08046f84        0x4 C:\Users\alien\AppData\Local\Temp\ccodVkrc.ltrans1.ltrans.o
                0x08046f84                ReadCommand_destroy
 .text.Bitstring32CommandWithCP56Time2a_destroy
                0x08046f88        0x4 C:\Users\alien\AppData\Local\Temp\ccodVkrc.ltrans1.ltrans.o
                0x08046f88                Bitstring32CommandWithCP56Time2a_destroy
 .text.Bitstring32Command_destroy
                0x08046f8c        0x4 C:\Users\alien\AppData\Local\Temp\ccodVkrc.ltrans1.ltrans.o
                0x08046f8c                Bitstring32Command_destroy
 .text.MeasuredValueShortWithCP56Time2a_destroy
                0x08046f90        0x4 C:\Users\alien\AppData\Local\Temp\ccodVkrc.ltrans1.ltrans.o
                0x08046f90                MeasuredValueShortWithCP56Time2a_destroy
 .text.SetpointCommandShortWithCP56Time2a_destroy
                0x08046f94        0x4 C:\Users\alien\AppData\Local\Temp\ccodVkrc.ltrans1.ltrans.o
                0x08046f94                SetpointCommandShortWithCP56Time2a_destroy
 .text.MeasuredValueShort_destroy
                0x08046f98        0x4 C:\Users\alien\AppData\Local\Temp\ccodVkrc.ltrans1.ltrans.o
                0x08046f98                MeasuredValueShort_destroy
 .text.SetpointCommandShort_destroy
                0x08046f9c        0x4 C:\Users\alien\AppData\Local\Temp\ccodVkrc.ltrans1.ltrans.o
                0x08046f9c                SetpointCommandShort_destroy
 .text.MeasuredValueNormalizedWithCP56Time2a_destroy
                0x08046fa0        0x4 C:\Users\alien\AppData\Local\Temp\ccodVkrc.ltrans1.ltrans.o
                0x08046fa0                MeasuredValueNormalizedWithCP56Time2a_destroy
 .text.SetpointCommandScaledWithCP56Time2a_destroy
                0x08046fa4        0x4 C:\Users\alien\AppData\Local\Temp\ccodVkrc.ltrans1.ltrans.o
                0x08046fa4                SetpointCommandScaledWithCP56Time2a_destroy
 .text.MeasuredValueNormalized_destroy
                0x08046fa8        0x4 C:\Users\alien\AppData\Local\Temp\ccodVkrc.ltrans1.ltrans.o
                0x08046fa8                MeasuredValueNormalized_destroy
 .text.SetpointCommandScaled_destroy
                0x08046fac        0x4 C:\Users\alien\AppData\Local\Temp\ccodVkrc.ltrans1.ltrans.o
                0x08046fac                SetpointCommandScaled_destroy
 .text.SetpointCommandNormalizedWithCP56Time2a_destroy
                0x08046fb0        0x4 C:\Users\alien\AppData\Local\Temp\ccodVkrc.ltrans1.ltrans.o
                0x08046fb0                SetpointCommandNormalizedWithCP56Time2a_destroy
 .text.SetpointCommandNormalized_destroy
                0x08046fb4        0x4 C:\Users\alien\AppData\Local\Temp\ccodVkrc.ltrans1.ltrans.o
                0x08046fb4                SetpointCommandNormalized_destroy
 .text.StepCommandWithCP56Time2a_destroy
                0x08046fb8        0x4 C:\Users\alien\AppData\Local\Temp\ccodVkrc.ltrans1.ltrans.o
                0x08046fb8                StepCommandWithCP56Time2a_destroy
 .text.StepCommand_destroy
                0x08046fbc        0x4 C:\Users\alien\AppData\Local\Temp\ccodVkrc.ltrans1.ltrans.o
                0x08046fbc                StepCommand_destroy
 .text.SingleCommandWithCP56Time2a_destroy
                0x08046fc0        0x4 C:\Users\alien\AppData\Local\Temp\ccodVkrc.ltrans1.ltrans.o
                0x08046fc0                SingleCommandWithCP56Time2a_destroy
 .text.DoubleCommandWithCP56Time2a_destroy
                0x08046fc4        0x4 C:\Users\alien\AppData\Local\Temp\ccodVkrc.ltrans1.ltrans.o
                0x08046fc4                DoubleCommandWithCP56Time2a_destroy
 .text.DoubleCommand_destroy
                0x08046fc8        0x4 C:\Users\alien\AppData\Local\Temp\ccodVkrc.ltrans1.ltrans.o
                0x08046fc8                DoubleCommand_destroy
 .text.PackedSinglePointWithSCD_destroy
                0x08046fcc        0x4 C:\Users\alien\AppData\Local\Temp\ccodVkrc.ltrans1.ltrans.o
                0x08046fcc                PackedSinglePointWithSCD_destroy
 .text.PackedStartEventsOfProtectionEquipmentWithCP56Time2a_destroy
                0x08046fd0        0x4 C:\Users\alien\AppData\Local\Temp\ccodVkrc.ltrans1.ltrans.o
                0x08046fd0                PackedStartEventsOfProtectionEquipmentWithCP56Time2a_destroy
 .text.PackedOutputCircuitInfoWithCP56Time2a_destroy
                0x08046fd4        0x4 C:\Users\alien\AppData\Local\Temp\ccodVkrc.ltrans1.ltrans.o
                0x08046fd4                PackedOutputCircuitInfoWithCP56Time2a_destroy
 .text.PackedStartEventsOfProtectionEquipment_destroy
                0x08046fd8        0x4 C:\Users\alien\AppData\Local\Temp\ccodVkrc.ltrans1.ltrans.o
                0x08046fd8                PackedStartEventsOfProtectionEquipment_destroy
 .text.PackedOutputCircuitInfo_destroy
                0x08046fdc        0x4 C:\Users\alien\AppData\Local\Temp\ccodVkrc.ltrans1.ltrans.o
                0x08046fdc                PackedOutputCircuitInfo_destroy
 .text.EventOfProtectionEquipmentWithCP56Time2a_destroy
                0x08046fe0        0x4 C:\Users\alien\AppData\Local\Temp\ccodVkrc.ltrans1.ltrans.o
                0x08046fe0                EventOfProtectionEquipmentWithCP56Time2a_destroy
 .text.EventOfProtectionEquipment_destroy
                0x08046fe4        0x4 C:\Users\alien\AppData\Local\Temp\ccodVkrc.ltrans1.ltrans.o
                0x08046fe4                EventOfProtectionEquipment_destroy
 .text.IntegratedTotalsWithCP56Time2a_destroy
                0x08046fe8        0x4 C:\Users\alien\AppData\Local\Temp\ccodVkrc.ltrans1.ltrans.o
                0x08046fe8                IntegratedTotalsWithCP56Time2a_destroy
 .text.IntegratedTotalsWithCP24Time2a_destroy
                0x08046fec        0x4 C:\Users\alien\AppData\Local\Temp\ccodVkrc.ltrans1.ltrans.o
                0x08046fec                IntegratedTotalsWithCP24Time2a_destroy
 .text.IntegratedTotals_destroy
                0x08046ff0        0x4 C:\Users\alien\AppData\Local\Temp\ccodVkrc.ltrans1.ltrans.o
                0x08046ff0                IntegratedTotals_destroy
 .text.MeasuredValueShortWithCP24Time2a_destroy
                0x08046ff4        0x4 C:\Users\alien\AppData\Local\Temp\ccodVkrc.ltrans1.ltrans.o
                0x08046ff4                MeasuredValueShortWithCP24Time2a_destroy
 .text.MeasuredValueScaledWithCP56Time2a_destroy
                0x08046ff8        0x4 C:\Users\alien\AppData\Local\Temp\ccodVkrc.ltrans1.ltrans.o
                0x08046ff8                MeasuredValueScaledWithCP56Time2a_destroy
 .text.MeasuredValueScaled_destroy
                0x08046ffc        0x4 C:\Users\alien\AppData\Local\Temp\ccodVkrc.ltrans1.ltrans.o
                0x08046ffc                MeasuredValueScaled_destroy
 .text.MeasuredValueNormalizedWithCP24Time2a_destroy
                0x08047000        0x4 C:\Users\alien\AppData\Local\Temp\ccodVkrc.ltrans1.ltrans.o
                0x08047000                MeasuredValueNormalizedWithCP24Time2a_destroy
 .text.MeasuredValueNormalizedWithoutQuality_destroy
                0x08047004        0x4 C:\Users\alien\AppData\Local\Temp\ccodVkrc.ltrans1.ltrans.o
                0x08047004                MeasuredValueNormalizedWithoutQuality_destroy
 .text.Bitstring32WithCP56Time2a_destroy
                0x08047008        0x4 C:\Users\alien\AppData\Local\Temp\ccodVkrc.ltrans1.ltrans.o
                0x08047008                Bitstring32WithCP56Time2a_destroy
 .text.Bitstring32WithCP24Time2a_destroy
                0x0804700c        0x4 C:\Users\alien\AppData\Local\Temp\ccodVkrc.ltrans1.ltrans.o
                0x0804700c                Bitstring32WithCP24Time2a_destroy
 .text.BitString32_destroy
                0x08047010        0x4 C:\Users\alien\AppData\Local\Temp\ccodVkrc.ltrans1.ltrans.o
                0x08047010                BitString32_destroy
 .text.SinglePointWithCP56Time2a_destroy
                0x08047014        0x4 C:\Users\alien\AppData\Local\Temp\ccodVkrc.ltrans1.ltrans.o
                0x08047014                SinglePointWithCP56Time2a_destroy
 .text.SinglePointWithCP24Time2a_destroy
                0x08047018        0x4 C:\Users\alien\AppData\Local\Temp\ccodVkrc.ltrans1.ltrans.o
                0x08047018                SinglePointWithCP24Time2a_destroy
 .text.StepPositionWithCP56Time2a_destroy
                0x0804701c        0x4 C:\Users\alien\AppData\Local\Temp\ccodVkrc.ltrans1.ltrans.o
                0x0804701c                StepPositionWithCP56Time2a_destroy
 .text.DoublePointWithCP56Time2a_destroy
                0x08047020        0x4 C:\Users\alien\AppData\Local\Temp\ccodVkrc.ltrans1.ltrans.o
                0x08047020                DoublePointWithCP56Time2a_destroy
 .text.StepPositionWithCP24Time2a_destroy
                0x08047024        0x4 C:\Users\alien\AppData\Local\Temp\ccodVkrc.ltrans1.ltrans.o
                0x08047024                StepPositionWithCP24Time2a_destroy
 .text.DoublePointWithCP24Time2a_destroy
                0x08047028        0x4 C:\Users\alien\AppData\Local\Temp\ccodVkrc.ltrans1.ltrans.o
                0x08047028                DoublePointWithCP24Time2a_destroy
 .text.StepPositionInformation_destroy
                0x0804702c        0x4 C:\Users\alien\AppData\Local\Temp\ccodVkrc.ltrans1.ltrans.o
                0x0804702c                StepPositionInformation_destroy
 .text.DoublePointInformation_destroy
                0x08047030        0x4 C:\Users\alien\AppData\Local\Temp\ccodVkrc.ltrans1.ltrans.o
                0x08047030                DoublePointInformation_destroy
 .text.SinglePointInformation_destroy
                0x08047034        0x4 C:\Users\alien\AppData\Local\Temp\ccodVkrc.ltrans1.ltrans.o
                0x08047034                SinglePointInformation_destroy
 .text.ExecuteOutput
                0x08047038       0xe8 C:\Users\alien\AppData\Local\Temp\ccodVkrc.ltrans1.ltrans.o
 .text.processDoubleCommand
                0x08047120       0xec C:\Users\alien\AppData\Local\Temp\ccodVkrc.ltrans1.ltrans.o
 .text.processSingleCommand
                0x0804720c       0xd4 C:\Users\alien\AppData\Local\Temp\ccodVkrc.ltrans1.ltrans.o
 .text.pvScanLogicalDiscrete
                0x080472e0      0x148 C:\Users\alien\AppData\Local\Temp\ccodVkrc.ltrans1.ltrans.o
 .text.vTaskIOScan
                0x08047428       0x50 C:\Users\alien\AppData\Local\Temp\ccodVkrc.ltrans1.ltrans.o
                0x08047428                vTaskIOScan
 .text.StartDefaultTask
                0x08047478       0x68 C:\Users\alien\AppData\Local\Temp\ccodVkrc.ltrans1.ltrans.o
                0x08047478                StartDefaultTask
 .text.Semaphore_wait
                0x080474e0        0x8 C:\Users\alien\AppData\Local\Temp\ccodVkrc.ltrans1.ltrans.o
 .text.low_level_output.lto_priv.354
                0x080474e8      0x180 C:\Users\alien\AppData\Local\Temp\ccodVkrc.ltrans1.ltrans.o
                0x080474e8                low_level_output.lto_priv.354
 .text.prvvParseDataFrame
                0x08047668       0x7c C:\Users\alien\AppData\Local\Temp\ccodVkrc.ltrans1.ltrans.o
 .text.ethernetif_input
                0x080476e4      0x190 C:\Users\alien\AppData\Local\Temp\ccodVkrc.ltrans1.ltrans.o
                0x080476e4                ethernetif_input
 .text.vTaskDTU_TCP_RX.lto_priv.352
                0x08047874      0x148 C:\Users\alien\AppData\Local\Temp\ccodVkrc.ltrans1.ltrans.o
                0x08047874                vTaskDTU_TCP_RX.lto_priv.352
 .text.vTaskDTU_COM_RX.lto_priv.353
                0x080479bc       0x88 C:\Users\alien\AppData\Local\Temp\ccodVkrc.ltrans1.ltrans.o
                0x080479bc                vTaskDTU_COM_RX.lto_priv.353
 .text.vTaskCanNetworkTx.lto_priv.362
                0x08047a44      0x224 C:\Users\alien\AppData\Local\Temp\ccodVkrc.ltrans1.ltrans.o
                0x08047a44                vTaskCanNetworkTx.lto_priv.362
 .text.vTaskCanNetworkRx.lto_priv.361
                0x08047c68      0x3c8 C:\Users\alien\AppData\Local\Temp\ccodVkrc.ltrans1.ltrans.o
                0x08047c68                vTaskCanNetworkRx.lto_priv.361
 .text.Socket_destroy
                0x08048030       0x64 C:\Users\alien\AppData\Local\Temp\ccodVkrc.ltrans1.ltrans.o
 .text.Socket_write
                0x08048094        0xc C:\Users\alien\AppData\Local\Temp\ccodVkrc.ltrans1.ltrans.o
 .text.sendSMessage
                0x080480a0       0x3c C:\Users\alien\AppData\Local\Temp\ccodVkrc.ltrans1.ltrans.o
 .text.sendASDU
                0x080480dc       0xd4 C:\Users\alien\AppData\Local\Temp\ccodVkrc.ltrans1.ltrans.o
 .text.Socket_read
                0x080481b0       0x38 C:\Users\alien\AppData\Local\Temp\ccodVkrc.ltrans1.ltrans.o
 .text.Thread_start
                0x080481e8       0x44 C:\Users\alien\AppData\Local\Temp\ccodVkrc.ltrans1.ltrans.o
 .text.destroyAutomaticThread
                0x0804822c       0xe4 C:\Users\alien\AppData\Local\Temp\ccodVkrc.ltrans1.ltrans.o
 .text.FLASH_If_Write
                0x08048310       0xc4 C:\Users\alien\AppData\Local\Temp\ccodVkrc.ltrans1.ltrans.o
                0x08048310                FLASH_If_Write
 .text.FLASH_If_Erase
                0x080483d4      0x164 C:\Users\alien\AppData\Local\Temp\ccodVkrc.ltrans1.ltrans.o
                0x080483d4                FLASH_If_Erase
 .text.sys_env_save
                0x08048538       0x48 C:\Users\alien\AppData\Local\Temp\ccodVkrc.ltrans1.ltrans.o
                0x08048538                sys_env_save
 .text.noMemoryAvailableHandler.lto_priv.303
                0x08048580        0x2 C:\Users\alien\AppData\Local\Temp\ccodVkrc.ltrans1.ltrans.o
                0x08048580                noMemoryAvailableHandler.lto_priv.303
 .text.Memory_malloc
                0x08048582        0x4 C:\Users\alien\AppData\Local\Temp\ccodVkrc.ltrans1.ltrans.o
                0x08048582                Memory_malloc
 .text.InformationObject_ParseObjectAddress
                0x08048586       0x1e C:\Users\alien\AppData\Local\Temp\ccodVkrc.ltrans1.ltrans.o
                0x08048586                InformationObject_ParseObjectAddress
 .text.InformationObject_getFromBuffer.isra.56.lto_priv.302
                0x080485a4       0x12 C:\Users\alien\AppData\Local\Temp\ccodVkrc.ltrans1.ltrans.o
                0x080485a4                InformationObject_getFromBuffer.isra.56.lto_priv.302
 .text.CP56Time2a_getFromBuffer
                0x080485b6       0x22 C:\Users\alien\AppData\Local\Temp\ccodVkrc.ltrans1.ltrans.o
                0x080485b6                CP56Time2a_getFromBuffer
 .text.CP56Time2a_toMsTimestamp
                0x080485d8       0xe6 C:\Users\alien\AppData\Local\Temp\ccodVkrc.ltrans1.ltrans.o
                0x080485d8                CP56Time2a_toMsTimestamp
 .text.CP24Time2a_getFromBuffer
                0x080486be       0x1e C:\Users\alien\AppData\Local\Temp\ccodVkrc.ltrans1.ltrans.o
                0x080486be                CP24Time2a_getFromBuffer
 .text.CP16Time2a_getFromBuffer
                0x080486dc       0x18 C:\Users\alien\AppData\Local\Temp\ccodVkrc.ltrans1.ltrans.o
                0x080486dc                CP16Time2a_getFromBuffer
 .text.ASDU_isSequence
                0x080486f4        0x8 C:\Users\alien\AppData\Local\Temp\ccodVkrc.ltrans1.ltrans.o
                0x080486f4                ASDU_isSequence
 .text.ASDU_addInformationObject
                0x080486fc       0x3c C:\Users\alien\AppData\Local\Temp\ccodVkrc.ltrans1.ltrans.o
 .text.TcpServerSocket_create
                0x08048738      0x1d8 C:\Users\alien\AppData\Local\Temp\ccodVkrc.ltrans1.ltrans.o
 .text.serverThread
                0x08048910      0x268 C:\Users\alien\AppData\Local\Temp\ccodVkrc.ltrans1.ltrans.o
 .text.sendASDUInternal.part.5
                0x08048b78       0x48 C:\Users\alien\AppData\Local\Temp\ccodVkrc.ltrans1.ltrans.o
 .text.checkSequenceNumber
                0x08048bc0      0x198 C:\Users\alien\AppData\Local\Temp\ccodVkrc.ltrans1.ltrans.o
 .text.sendASDUInternal
                0x08048d58       0xbc C:\Users\alien\AppData\Local\Temp\ccodVkrc.ltrans1.ltrans.o
 .text.MasterConnection_sendASDU
                0x08048e14       0x18 C:\Users\alien\AppData\Local\Temp\ccodVkrc.ltrans1.ltrans.o
 .text.asduHandler
                0x08048e2c      0x184 C:\Users\alien\AppData\Local\Temp\ccodVkrc.ltrans1.ltrans.o
 .text.interrogationHandler
                0x08048fb0      0x2bc C:\Users\alien\AppData\Local\Temp\ccodVkrc.ltrans1.ltrans.o
 .text.clockSyncHandler
                0x0804926c       0xc0 C:\Users\alien\AppData\Local\Temp\ccodVkrc.ltrans1.ltrans.o
 .text.responseCOTUnknown
                0x0804932c       0x16 C:\Users\alien\AppData\Local\Temp\ccodVkrc.ltrans1.ltrans.o
 *fill*         0x08049342        0x2 
 .text.connectionHandlingThread
                0x08049344      0x7c4 C:\Users\alien\AppData\Local\Temp\ccodVkrc.ltrans1.ltrans.o
 .text.Slave_enqueueASDU
                0x08049b08       0x98 C:\Users\alien\AppData\Local\Temp\ccodVkrc.ltrans1.ltrans.o
 .text.vTaskIEC104.lto_priv.360
                0x08049ba0      0x5dc C:\Users\alien\AppData\Local\Temp\ccodVkrc.ltrans1.ltrans.o
                0x08049ba0                vTaskIEC104.lto_priv.360
 .text.lwip_strnicmp.constprop.17
                0x0804a17c       0x38 C:\Users\alien\AppData\Local\Temp\ccodVkrc.ltrans2.ltrans.o
 .text.UART_DMAError.lto_priv.243
                0x0804a1b4       0x56 C:\Users\alien\AppData\Local\Temp\ccodVkrc.ltrans2.ltrans.o
                0x0804a1b4                UART_DMAError.lto_priv.243
 .text.UART_DMARxHalfCplt.lto_priv.242
                0x0804a20a        0x2 C:\Users\alien\AppData\Local\Temp\ccodVkrc.ltrans2.ltrans.o
                0x0804a20a                UART_DMARxHalfCplt.lto_priv.242
 .text.UART_DMAReceiveCplt.lto_priv.241
                0x0804a20c       0x7c C:\Users\alien\AppData\Local\Temp\ccodVkrc.ltrans2.ltrans.o
                0x0804a20c                UART_DMAReceiveCplt.lto_priv.241
 .text.RTC_Bcd2ToByte
                0x0804a288       0x12 C:\Users\alien\AppData\Local\Temp\ccodVkrc.ltrans2.ltrans.o
 .text.RTC_ByteToBcd2
                0x0804a29a       0x16 C:\Users\alien\AppData\Local\Temp\ccodVkrc.ltrans2.ltrans.o
 .text.eMBFuncReadDiscreteInputs
                0x0804a2b0       0xac C:\Users\alien\AppData\Local\Temp\ccodVkrc.ltrans2.ltrans.o
                0x0804a2b0                eMBFuncReadDiscreteInputs
 .text.usMBCRC16
                0x0804a35c       0x2c C:\Users\alien\AppData\Local\Temp\ccodVkrc.ltrans2.ltrans.o
 .text.prvTaskExitError.lto_priv.366
                0x0804a388       0x30 C:\Users\alien\AppData\Local\Temp\ccodVkrc.ltrans2.ltrans.o
                0x0804a388                prvTaskExitError.lto_priv.366
 .text.vListInsert
                0x0804a3b8       0x2e C:\Users\alien\AppData\Local\Temp\ccodVkrc.ltrans2.ltrans.o
 *fill*         0x0804a3e6        0x2 
 .text.vPortValidateInterruptPriority
                0x0804a3e8       0x5c C:\Users\alien\AppData\Local\Temp\ccodVkrc.ltrans2.ltrans.o
 .text.unlikely.prvInsertBlockIntoFreeList
                0x0804a444       0x48 C:\Users\alien\AppData\Local\Temp\ccodVkrc.ltrans2.ltrans.o
 .text.setup_tcp
                0x0804a48c       0x34 C:\Users\alien\AppData\Local\Temp\ccodVkrc.ltrans2.ltrans.o
 .text.udp_bind
                0x0804a4c0       0xa8 C:\Users\alien\AppData\Local\Temp\ccodVkrc.ltrans2.ltrans.o
 .text.HAL_TIM_Base_Stop_IT
                0x0804a568       0xb0 C:\Users\alien\AppData\Local\Temp\ccodVkrc.ltrans2.ltrans.o
 .text.vMBMasterPortTimersDisable
                0x0804a618       0x1c C:\Users\alien\AppData\Local\Temp\ccodVkrc.ltrans2.ltrans.o
 .text.xMBUtilSetBits
                0x0804a634       0x2a C:\Users\alien\AppData\Local\Temp\ccodVkrc.ltrans2.ltrans.o
 *fill*         0x0804a65e        0x2 
 .text.eMBMasterRegCoilsCB.constprop.3
                0x0804a660       0x74 C:\Users\alien\AppData\Local\Temp\ccodVkrc.ltrans2.ltrans.o
 .text.eMBMasterFuncWriteMultipleCoils
                0x0804a6d4       0x60 C:\Users\alien\AppData\Local\Temp\ccodVkrc.ltrans2.ltrans.o
                0x0804a6d4                eMBMasterFuncWriteMultipleCoils
 .text.eMBMasterFuncWriteCoil
                0x0804a734       0x50 C:\Users\alien\AppData\Local\Temp\ccodVkrc.ltrans2.ltrans.o
                0x0804a734                eMBMasterFuncWriteCoil
 .text.eMBMasterFuncReadCoils
                0x0804a784       0x68 C:\Users\alien\AppData\Local\Temp\ccodVkrc.ltrans2.ltrans.o
                0x0804a784                eMBMasterFuncReadCoils
 .text.eMBMasterFuncReadDiscreteInputs
                0x0804a7ec       0xb4 C:\Users\alien\AppData\Local\Temp\ccodVkrc.ltrans2.ltrans.o
                0x0804a7ec                eMBMasterFuncReadDiscreteInputs
 .text.eMBRegCoilsCB
                0x0804a8a0       0xa8 C:\Users\alien\AppData\Local\Temp\ccodVkrc.ltrans2.ltrans.o
 .text.eMBFuncWriteMultipleCoils
                0x0804a948       0x60 C:\Users\alien\AppData\Local\Temp\ccodVkrc.ltrans2.ltrans.o
                0x0804a948                eMBFuncWriteMultipleCoils
 .text.eMBFuncWriteCoil
                0x0804a9a8       0x50 C:\Users\alien\AppData\Local\Temp\ccodVkrc.ltrans2.ltrans.o
                0x0804a9a8                eMBFuncWriteCoil
 .text.eMBFuncReadCoils
                0x0804a9f8       0x74 C:\Users\alien\AppData\Local\Temp\ccodVkrc.ltrans2.ltrans.o
                0x0804a9f8                eMBFuncReadCoils
 .text.vMBPortSerialEnable
                0x0804aa6c       0x70 C:\Users\alien\AppData\Local\Temp\ccodVkrc.ltrans2.ltrans.o
 .text.vMBMasterPortSerialEnable
                0x0804aadc       0x40 C:\Users\alien\AppData\Local\Temp\ccodVkrc.ltrans2.ltrans.o
 .text.eMBFuncReportSlaveID
                0x0804ab1c       0x1c C:\Users\alien\AppData\Local\Temp\ccodVkrc.ltrans2.ltrans.o
                0x0804ab1c                eMBFuncReportSlaveID
 .text.tcp_netif_ip_addr_changed_pcblist.constprop.56
                0x0804ab38       0x20 C:\Users\alien\AppData\Local\Temp\ccodVkrc.ltrans2.ltrans.o
 .text.udp_new  0x0804ab58       0x1c C:\Users\alien\AppData\Local\Temp\ccodVkrc.ltrans2.ltrans.o
 .text.tcpip_inpkt
                0x0804ab74       0x38 C:\Users\alien\AppData\Local\Temp\ccodVkrc.ltrans2.ltrans.o
 .text.tcpip_input
                0x0804abac       0x1c C:\Users\alien\AppData\Local\Temp\ccodVkrc.ltrans2.ltrans.o
                0x0804abac                tcpip_input
 .text.lwip_netconn_do_getaddr
                0x0804abc8       0x70 C:\Users\alien\AppData\Local\Temp\ccodVkrc.ltrans2.ltrans.o
 .text.lwip_netconn_do_newconn.part.1
                0x0804ac38       0x1e C:\Users\alien\AppData\Local\Temp\ccodVkrc.ltrans2.ltrans.o
 .text.lwip_netconn_do_disconnect
                0x0804ac56       0x28 C:\Users\alien\AppData\Local\Temp\ccodVkrc.ltrans2.ltrans.o
                0x0804ac56                lwip_netconn_do_disconnect
 .text.lwip_netconn_do_recv
                0x0804ac7e       0x44 C:\Users\alien\AppData\Local\Temp\ccodVkrc.ltrans2.ltrans.o
 .text.recv_tcp
                0x0804acc2       0x6e C:\Users\alien\AppData\Local\Temp\ccodVkrc.ltrans2.ltrans.o
 .text.netconn_alloc
                0x0804ad30       0x68 C:\Users\alien\AppData\Local\Temp\ccodVkrc.ltrans2.ltrans.o
 .text.lwip_netconn_do_newconn
                0x0804ad98       0x70 C:\Users\alien\AppData\Local\Temp\ccodVkrc.ltrans2.ltrans.o
 .text.HAL_RTC_SetTime.constprop.72
                0x0804ae08      0x1bc C:\Users\alien\AppData\Local\Temp\ccodVkrc.ltrans2.ltrans.o
                0x0804ae08                HAL_RTC_SetTime.constprop.72
 .text.HAL_RTC_SetDate.constprop.71
                0x0804afc4      0x144 C:\Users\alien\AppData\Local\Temp\ccodVkrc.ltrans2.ltrans.o
                0x0804afc4                HAL_RTC_SetDate.constprop.71
 .text.HAL_RTC_GetTime.constprop.70
                0x0804b108       0x4c C:\Users\alien\AppData\Local\Temp\ccodVkrc.ltrans2.ltrans.o
                0x0804b108                HAL_RTC_GetTime.constprop.70
 .text.HAL_RTC_GetDate.constprop.69
                0x0804b154       0x3c C:\Users\alien\AppData\Local\Temp\ccodVkrc.ltrans2.ltrans.o
                0x0804b154                HAL_RTC_GetDate.constprop.69
 .text.etharp_raw.constprop.66
                0x0804b190       0x90 C:\Users\alien\AppData\Local\Temp\ccodVkrc.ltrans2.ltrans.o
                0x0804b190                etharp_raw.constprop.66
 .text.tcp_output_alloc_header.constprop.57
                0x0804b220       0x5c C:\Users\alien\AppData\Local\Temp\ccodVkrc.ltrans2.ltrans.o
                0x0804b220                tcp_output_alloc_header.constprop.57
 .text.netif_set_ipaddr.constprop.54
                0x0804b27c       0x94 C:\Users\alien\AppData\Local\Temp\ccodVkrc.ltrans2.ltrans.o
                0x0804b27c                netif_set_ipaddr.constprop.54
 .text.HAL_NVIC_SetPriorityGrouping.constprop.33
                0x0804b310       0x1c C:\Users\alien\AppData\Local\Temp\ccodVkrc.ltrans2.ltrans.o
                0x0804b310                HAL_NVIC_SetPriorityGrouping.constprop.33
 .text.tcp_seg_copy.constprop.20
                0x0804b32c       0x24 C:\Users\alien\AppData\Local\Temp\ccodVkrc.ltrans2.ltrans.o
                0x0804b32c                tcp_seg_copy.constprop.20
 .text.HAL_TIM_Base_Start_IT
                0x0804b350       0x9c C:\Users\alien\AppData\Local\Temp\ccodVkrc.ltrans2.ltrans.o
                0x0804b350                HAL_TIM_Base_Start_IT
 .text.vMBMasterPortTimersT35Enable
                0x0804b3ec       0x24 C:\Users\alien\AppData\Local\Temp\ccodVkrc.ltrans2.ltrans.o
 .text.xMBMasterRTUReceiveFSM
                0x0804b410      0x138 C:\Users\alien\AppData\Local\Temp\ccodVkrc.ltrans2.ltrans.o
                0x0804b410                xMBMasterRTUReceiveFSM
 .text.vMBPortTimersEnable
                0x0804b548       0x18 C:\Users\alien\AppData\Local\Temp\ccodVkrc.ltrans2.ltrans.o
 .text.xMBRTUReceiveFSM
                0x0804b560       0xb8 C:\Users\alien\AppData\Local\Temp\ccodVkrc.ltrans2.ltrans.o
                0x0804b560                xMBRTUReceiveFSM
 .text.HAL_RCC_GetPCLK2Freq
                0x0804b618       0x20 C:\Users\alien\AppData\Local\Temp\ccodVkrc.ltrans2.ltrans.o
                0x0804b618                HAL_RCC_GetPCLK2Freq
 .text.HAL_InitTick.constprop.44
                0x0804b638       0x88 C:\Users\alien\AppData\Local\Temp\ccodVkrc.ltrans2.ltrans.o
                0x0804b638                HAL_InitTick.constprop.44
 .text.HAL_RCC_GetPCLK1Freq
                0x0804b6c0       0x20 C:\Users\alien\AppData\Local\Temp\ccodVkrc.ltrans2.ltrans.o
                0x0804b6c0                HAL_RCC_GetPCLK1Freq
 .text.HAL_GPIO_Init
                0x0804b6e0      0x28c C:\Users\alien\AppData\Local\Temp\ccodVkrc.ltrans2.ltrans.o
                0x0804b6e0                HAL_GPIO_Init
 .text.HAL_FLASH_Unlock
                0x0804b96c       0x24 C:\Users\alien\AppData\Local\Temp\ccodVkrc.ltrans2.ltrans.o
                0x0804b96c                HAL_FLASH_Unlock
 .text.NVIC_SystemReset.lto_priv.364
                0x0804b990       0x24 C:\Users\alien\AppData\Local\Temp\ccodVkrc.ltrans2.ltrans.o
                0x0804b990                NVIC_SystemReset.lto_priv.364
 .text.HAL_Delay
                0x0804b9b4       0x20 C:\Users\alien\AppData\Local\Temp\ccodVkrc.ltrans2.ltrans.o
                0x0804b9b4                HAL_Delay
 .text.vPortFree.part.0
                0x0804b9d4       0x12 C:\Users\alien\AppData\Local\Temp\ccodVkrc.ltrans2.ltrans.o
                0x0804b9d4                vTaskSetTimeOutState.part.11
                0x0804b9d4                vPortFree.part.0
                0x0804b9d4                uxQueueMessagesWaitingFromISR.part.4
 *fill*         0x0804b9e6        0x2 
 .text.prvResetNextTaskUnblockTime.lto_priv.377
                0x0804b9e8       0x24 C:\Users\alien\AppData\Local\Temp\ccodVkrc.ltrans2.ltrans.o
                0x0804b9e8                prvResetNextTaskUnblockTime.lto_priv.377
 .text.vTaskSuspendAll
                0x0804ba0c       0x10 C:\Users\alien\AppData\Local\Temp\ccodVkrc.ltrans2.ltrans.o
                0x0804ba0c                vTaskSuspendAll
 .text.prvCopyDataFromQueue.lto_priv.299
                0x0804ba1c       0x2a C:\Users\alien\AppData\Local\Temp\ccodVkrc.ltrans2.ltrans.o
                0x0804ba1c                prvCopyDataFromQueue.lto_priv.299
 .text.prvInitialiseMutex.lto_priv.363
                0x0804ba46       0x12 C:\Users\alien\AppData\Local\Temp\ccodVkrc.ltrans2.ltrans.o
                0x0804ba46                prvInitialiseMutex.lto_priv.363
 .text.uxListRemove
                0x0804ba58       0x20 C:\Users\alien\AppData\Local\Temp\ccodVkrc.ltrans2.ltrans.o
                0x0804ba58                uxListRemove
 .text.vListInsertEnd
                0x0804ba78       0x18 C:\Users\alien\AppData\Local\Temp\ccodVkrc.ltrans2.ltrans.o
                0x0804ba78                vListInsertEnd
 .text.prvAddCurrentTaskToDelayedList.lto_priv.304
                0x0804ba90       0x8c C:\Users\alien\AppData\Local\Temp\ccodVkrc.ltrans2.ltrans.o
                0x0804ba90                prvAddCurrentTaskToDelayedList.lto_priv.304
 .text.vTaskPlaceOnEventList
                0x0804bb1c       0x20 C:\Users\alien\AppData\Local\Temp\ccodVkrc.ltrans2.ltrans.o
                0x0804bb1c                vTaskPlaceOnEventList
 .text.xTaskRemoveFromEventList
                0x0804bb3c       0x84 C:\Users\alien\AppData\Local\Temp\ccodVkrc.ltrans2.ltrans.o
                0x0804bb3c                xTaskRemoveFromEventList
 .text.xQueueReceiveFromISR
                0x0804bbc0       0x94 C:\Users\alien\AppData\Local\Temp\ccodVkrc.ltrans2.ltrans.o
                0x0804bbc0                xQueueReceiveFromISR
 .text.osMessageGet
                0x0804bc54       0x74 C:\Users\alien\AppData\Local\Temp\ccodVkrc.ltrans2.ltrans.o
                0x0804bc54                osMessageGet
 .text.osMessagePut
                0x0804bcc8       0xb0 C:\Users\alien\AppData\Local\Temp\ccodVkrc.ltrans2.ltrans.o
                0x0804bcc8                osMessagePut
 .text.xMBMasterPortEventPost
                0x0804bd78       0x1c C:\Users\alien\AppData\Local\Temp\ccodVkrc.ltrans2.ltrans.o
                0x0804bd78                xMBMasterPortEventPost
 .text.xMBPortEventPost
                0x0804bd94       0x2c C:\Users\alien\AppData\Local\Temp\ccodVkrc.ltrans2.ltrans.o
                0x0804bd94                xMBPortEventPost
 .text.osMutexRelease
                0x0804bdc0       0xd4 C:\Users\alien\AppData\Local\Temp\ccodVkrc.ltrans2.ltrans.o
                0x0804bdc0                osMutexRelease
                0x0804bdc0                osSemaphoreRelease
 .text.osSemaphoreWait
                0x0804be94       0x4c C:\Users\alien\AppData\Local\Temp\ccodVkrc.ltrans2.ltrans.o
                0x0804be94                osSemaphoreWait
 .text.osKernelSysTick
                0x0804bee0       0x18 C:\Users\alien\AppData\Local\Temp\ccodVkrc.ltrans2.ltrans.o
                0x0804bee0                osKernelSysTick
 .text.vPortEnableVFP.lto_priv.368
                0x0804bef8       0x14 C:\Users\alien\AppData\Local\Temp\ccodVkrc.ltrans2.ltrans.o
                0x0804bef8                vPortEnableVFP.lto_priv.368
 .text.vPortExitCritical
                0x0804bf0c       0x28 C:\Users\alien\AppData\Local\Temp\ccodVkrc.ltrans2.ltrans.o
                0x0804bf0c                vPortExitCritical
 .text.vPortEnterCritical
                0x0804bf34       0x38 C:\Users\alien\AppData\Local\Temp\ccodVkrc.ltrans2.ltrans.o
                0x0804bf34                vPortEnterCritical
 .text.eMBMasterRTUSend
                0x0804bf6c       0x84 C:\Users\alien\AppData\Local\Temp\ccodVkrc.ltrans2.ltrans.o
                0x0804bf6c                eMBMasterRTUSend
 .text.eMBMasterRTUReceive
                0x0804bff0       0x58 C:\Users\alien\AppData\Local\Temp\ccodVkrc.ltrans2.ltrans.o
                0x0804bff0                eMBMasterRTUReceive
 .text.eMBMasterRTUStart
                0x0804c048       0x24 C:\Users\alien\AppData\Local\Temp\ccodVkrc.ltrans2.ltrans.o
                0x0804c048                eMBMasterRTUStart
 .text.eMBRTUSend
                0x0804c06c       0xc4 C:\Users\alien\AppData\Local\Temp\ccodVkrc.ltrans2.ltrans.o
                0x0804c06c                eMBRTUSend
 .text.eMBRTUReceive
                0x0804c130       0x58 C:\Users\alien\AppData\Local\Temp\ccodVkrc.ltrans2.ltrans.o
                0x0804c130                eMBRTUReceive
 .text.eMBRTUStart
                0x0804c188       0x24 C:\Users\alien\AppData\Local\Temp\ccodVkrc.ltrans2.ltrans.o
                0x0804c188                eMBRTUStart
 .text.xTaskCheckForTimeOut.part.12
                0x0804c1ac       0x4c C:\Users\alien\AppData\Local\Temp\ccodVkrc.ltrans2.ltrans.o
                0x0804c1ac                xTaskCheckForTimeOut.part.12
 .text.xTaskResumeAll
                0x0804c1f8      0x1f4 C:\Users\alien\AppData\Local\Temp\ccodVkrc.ltrans2.ltrans.o
                0x0804c1f8                xTaskResumeAll
 .text.osDelay  0x0804c3ec       0x3c C:\Users\alien\AppData\Local\Temp\ccodVkrc.ltrans2.ltrans.o
                0x0804c3ec                osDelay
 .text.prvUnlockQueue.lto_priv.298
                0x0804c428       0x84 C:\Users\alien\AppData\Local\Temp\ccodVkrc.ltrans2.ltrans.o
                0x0804c428                prvUnlockQueue.lto_priv.298
 .text.uxQueueMessagesWaiting
                0x0804c4ac       0x22 C:\Users\alien\AppData\Local\Temp\ccodVkrc.ltrans2.ltrans.o
                0x0804c4ac                uxQueueMessagesWaiting
 *fill*         0x0804c4ce        0x2 
 .text.prvPortStartFirstTask.lto_priv.367
                0x0804c4d0       0x20 C:\Users\alien\AppData\Local\Temp\ccodVkrc.ltrans2.ltrans.o
                0x0804c4d0                prvPortStartFirstTask.lto_priv.367
 .text.vPortFree
                0x0804c4f0       0x5c C:\Users\alien\AppData\Local\Temp\ccodVkrc.ltrans2.ltrans.o
                0x0804c4f0                vPortFree
 .text.prvIdleTask.lto_priv.340
                0x0804c54c       0x74 C:\Users\alien\AppData\Local\Temp\ccodVkrc.ltrans2.ltrans.o
                0x0804c54c                prvIdleTask.lto_priv.340
 .text.osSemaphoreDelete
                0x0804c5c0       0x48 C:\Users\alien\AppData\Local\Temp\ccodVkrc.ltrans2.ltrans.o
                0x0804c5c0                osSemaphoreDelete
                0x0804c5c0                osMessageDelete
 .text.netconn_free
                0x0804c608       0x1a C:\Users\alien\AppData\Local\Temp\ccodVkrc.ltrans2.ltrans.o
 *fill*         0x0804c622        0x2 
 .text.accept_function
                0x0804c624       0xbc C:\Users\alien\AppData\Local\Temp\ccodVkrc.ltrans2.ltrans.o
 .text.pvPortMalloc
                0x0804c6e0      0x124 C:\Users\alien\AppData\Local\Temp\ccodVkrc.ltrans2.ltrans.o
                0x0804c6e0                pvPortMalloc
 .text.xTaskCreate
                0x0804c804      0x1f4 C:\Users\alien\AppData\Local\Temp\ccodVkrc.ltrans2.ltrans.o
                0x0804c804                xTaskCreate
 .text.osThreadCreate
                0x0804c9f8       0x30 C:\Users\alien\AppData\Local\Temp\ccodVkrc.ltrans2.ltrans.o
                0x0804c9f8                osThreadCreate
 .text.alloc_socket.lto_priv.365
                0x0804ca28       0x6c C:\Users\alien\AppData\Local\Temp\ccodVkrc.ltrans2.ltrans.o
                0x0804ca28                alloc_socket.lto_priv.365
 .text.get_socket.lto_priv.300
                0x0804ca94       0x28 C:\Users\alien\AppData\Local\Temp\ccodVkrc.ltrans2.ltrans.o
                0x0804ca94                get_socket.lto_priv.300
 .text.netbuf_delete
                0x0804cabc       0x22 C:\Users\alien\AppData\Local\Temp\ccodVkrc.ltrans2.ltrans.o
                0x0804cabc                netbuf_delete
 *fill*         0x0804cade        0x2 
 .text.netconn_drain
                0x0804cae0       0xa0 C:\Users\alien\AppData\Local\Temp\ccodVkrc.ltrans2.ltrans.o
 .text.recv_udp
                0x0804cb80       0x62 C:\Users\alien\AppData\Local\Temp\ccodVkrc.ltrans2.ltrans.o
 *fill*         0x0804cbe2        0x2 
 .text.err_to_errno
                0x0804cbe4       0x1c C:\Users\alien\AppData\Local\Temp\ccodVkrc.ltrans2.ltrans.o
                0x0804cbe4                err_to_errno
 .text.netconn_accept.part.1
                0x0804cc00       0x64 C:\Users\alien\AppData\Local\Temp\ccodVkrc.ltrans2.ltrans.o
                0x0804cc00                netconn_accept.part.1
 .text.udp_remove
                0x0804cc64       0x30 C:\Users\alien\AppData\Local\Temp\ccodVkrc.ltrans2.ltrans.o
                0x0804cc64                udp_remove
 .text.udp_sendto
                0x0804cc94       0xde C:\Users\alien\AppData\Local\Temp\ccodVkrc.ltrans2.ltrans.o
                0x0804cc94                udp_sendto
 .text.lwip_netconn_do_send
                0x0804cd72       0x60 C:\Users\alien\AppData\Local\Temp\ccodVkrc.ltrans2.ltrans.o
                0x0804cd72                lwip_netconn_do_send
 *fill*         0x0804cdd2        0x2 
 .text.sys_timeout
                0x0804cdd4       0x84 C:\Users\alien\AppData\Local\Temp\ccodVkrc.ltrans2.ltrans.o
                0x0804cdd4                sys_timeout
 .text.cyclic_timer.lto_priv.358
                0x0804ce58       0x1c C:\Users\alien\AppData\Local\Temp\ccodVkrc.ltrans2.ltrans.o
                0x0804ce58                cyclic_timer.lto_priv.358
 .text.tcpip_tcp_timer
                0x0804ce74       0x38 C:\Users\alien\AppData\Local\Temp\ccodVkrc.ltrans2.ltrans.o
 .text.tcp_timer_needed
                0x0804ceac       0x34 C:\Users\alien\AppData\Local\Temp\ccodVkrc.ltrans2.ltrans.o
                0x0804ceac                tcp_timer_needed
 .text.lwip_netconn_do_listen
                0x0804cee0      0x130 C:\Users\alien\AppData\Local\Temp\ccodVkrc.ltrans2.ltrans.o
                0x0804cee0                lwip_netconn_do_listen
 .text.lwip_netconn_do_bind
                0x0804d010      0x108 C:\Users\alien\AppData\Local\Temp\ccodVkrc.ltrans2.ltrans.o
 .text.unlikely.tcp_rexmit
                0x0804d118       0x54 C:\Users\alien\AppData\Local\Temp\ccodVkrc.ltrans2.ltrans.o
                0x0804d118                tcp_rexmit
 .text.tcp_rst  0x0804d16c       0x8a C:\Users\alien\AppData\Local\Temp\ccodVkrc.ltrans2.ltrans.o
                0x0804d16c                tcp_rst
 *fill*         0x0804d1f6        0x2 
 .text.tcp_output
                0x0804d1f8      0x240 C:\Users\alien\AppData\Local\Temp\ccodVkrc.ltrans2.ltrans.o
                0x0804d1f8                tcp_output
 .text.tcp_rexmit_rto
                0x0804d438       0x32 C:\Users\alien\AppData\Local\Temp\ccodVkrc.ltrans2.ltrans.o
                0x0804d438                tcp_rexmit_rto
 *fill*         0x0804d46a        0x2 
 .text.tcpip_thread.lto_priv.357
                0x0804d46c      0x100 C:\Users\alien\AppData\Local\Temp\ccodVkrc.ltrans2.ltrans.o
                0x0804d46c                tcpip_thread.lto_priv.357
 .text.netconn_apimsg.lto_priv.301
                0x0804d56c       0x24 C:\Users\alien\AppData\Local\Temp\ccodVkrc.ltrans2.ltrans.o
                0x0804d56c                netconn_apimsg.lto_priv.301
 .text.netconn_close_shutdown.lto_priv.376
                0x0804d590       0x2c C:\Users\alien\AppData\Local\Temp\ccodVkrc.ltrans2.ltrans.o
                0x0804d590                netconn_close_shutdown.lto_priv.376
 .text.netconn_recv_data
                0x0804d5bc       0xd0 C:\Users\alien\AppData\Local\Temp\ccodVkrc.ltrans2.ltrans.o
 .text.netconn_recv
                0x0804d68c       0x5e C:\Users\alien\AppData\Local\Temp\ccodVkrc.ltrans2.ltrans.o
                0x0804d68c                netconn_recv
 *fill*         0x0804d6ea        0x2 
 .text.netconn_bind
                0x0804d6ec       0x30 C:\Users\alien\AppData\Local\Temp\ccodVkrc.ltrans2.ltrans.o
                0x0804d6ec                netconn_bind
 .text.netconn_delete
                0x0804d71c       0x34 C:\Users\alien\AppData\Local\Temp\ccodVkrc.ltrans2.ltrans.o
                0x0804d71c                netconn_delete
 .text.lwip_close
                0x0804d750       0x70 C:\Users\alien\AppData\Local\Temp\ccodVkrc.ltrans2.ltrans.o
                0x0804d750                lwip_close
 .text.netconn_new_with_proto_and_callback
                0x0804d7c0       0x44 C:\Users\alien\AppData\Local\Temp\ccodVkrc.ltrans2.ltrans.o
                0x0804d7c0                netconn_new_with_proto_and_callback
 .text.event_callback.lto_priv.331
                0x0804d804      0x104 C:\Users\alien\AppData\Local\Temp\ccodVkrc.ltrans2.ltrans.o
                0x0804d804                event_callback.lto_priv.331
 .text.lwip_recvfrom
                0x0804d908      0x1dc C:\Users\alien\AppData\Local\Temp\ccodVkrc.ltrans2.ltrans.o
                0x0804d908                lwip_recvfrom
 .text.lwip_netconn_do_gethostbyname
                0x0804dae4      0x3a8 C:\Users\alien\AppData\Local\Temp\ccodVkrc.ltrans2.ltrans.o
                0x0804dae4                lwip_netconn_do_gethostbyname
 .text.lwip_netconn_do_dns_found
                0x0804de8c       0x1a C:\Users\alien\AppData\Local\Temp\ccodVkrc.ltrans2.ltrans.o
 *fill*         0x0804dea6        0x2 
 .text.lwip_netconn_do_writemore
                0x0804dea8      0x4b4 C:\Users\alien\AppData\Local\Temp\ccodVkrc.ltrans2.ltrans.o
 .text.lwip_netconn_do_write
                0x0804e35c       0x7c C:\Users\alien\AppData\Local\Temp\ccodVkrc.ltrans2.ltrans.o
                0x0804e35c                lwip_netconn_do_write
 .text.lwip_netconn_do_close_internal
                0x0804e3d8      0x1a0 C:\Users\alien\AppData\Local\Temp\ccodVkrc.ltrans2.ltrans.o
 .text.lwip_netconn_do_close
                0x0804e578       0x84 C:\Users\alien\AppData\Local\Temp\ccodVkrc.ltrans2.ltrans.o
 .text.lwip_netconn_do_delconn
                0x0804e5fc       0xb8 C:\Users\alien\AppData\Local\Temp\ccodVkrc.ltrans2.ltrans.o
 .text.sent_tcp
                0x0804e6b4       0x50 C:\Users\alien\AppData\Local\Temp\ccodVkrc.ltrans2.ltrans.o
 .text.poll_tcp
                0x0804e704       0x50 C:\Users\alien\AppData\Local\Temp\ccodVkrc.ltrans2.ltrans.o
 .text.err_tcp  0x0804e754       0xb8 C:\Users\alien\AppData\Local\Temp\ccodVkrc.ltrans2.ltrans.o
 .text.MeasuredValueShort_getFromBuffer.constprop.222
                0x0804e80c       0x54 C:\Users\alien\AppData\Local\Temp\ccodVkrc.ltrans3.ltrans.o
 .text.MeasuredValueScaled_getFromBuffer.constprop.220
                0x0804e860       0x4c C:\Users\alien\AppData\Local\Temp\ccodVkrc.ltrans3.ltrans.o
 .text.MeasuredValueNormalized_getFromBuffer.constprop.218
                0x0804e8ac       0x4c C:\Users\alien\AppData\Local\Temp\ccodVkrc.ltrans3.ltrans.o
 .text.PackedSinglePointWithSCD_getFromBuffer.constprop.183
                0x0804e8f8       0x64 C:\Users\alien\AppData\Local\Temp\ccodVkrc.ltrans3.ltrans.o
 .text.PackedOutputCircuitInfoWithCP56Time2a_getFromBuffer.constprop.195
                0x0804e95c       0x78 C:\Users\alien\AppData\Local\Temp\ccodVkrc.ltrans3.ltrans.o
 .text.PackedStartEventsOfProtectionEquipmentWithCP56Time2a_getFromBuffer.constprop.194
                0x0804e9d4       0x78 C:\Users\alien\AppData\Local\Temp\ccodVkrc.ltrans3.ltrans.o
 .text.EventOfProtectionEquipmentWithCP56Time2a_getFromBuffer.constprop.193
                0x0804ea4c       0x74 C:\Users\alien\AppData\Local\Temp\ccodVkrc.ltrans3.ltrans.o
 .text.MeasuredValueShortWithCP56Time2a_getFromBuffer.constprop.191
                0x0804eac0       0x64 C:\Users\alien\AppData\Local\Temp\ccodVkrc.ltrans3.ltrans.o
 .text.MeasuredValueScaledWithCP56Time2a_getFromBuffer.constprop.190
                0x0804eb24       0x5c C:\Users\alien\AppData\Local\Temp\ccodVkrc.ltrans3.ltrans.o
 .text.MeasuredValueNormalizedWithCP56Time2a_getFromBuffer.constprop.189
                0x0804eb80       0x5c C:\Users\alien\AppData\Local\Temp\ccodVkrc.ltrans3.ltrans.o
 .text.StepPositionWithCP56Time2a_getFromBuffer.constprop.187
                0x0804ebdc       0x58 C:\Users\alien\AppData\Local\Temp\ccodVkrc.ltrans3.ltrans.o
 .text.SinglePointWithCP56Time2a_getFromBuffer.constprop.185
                0x0804ec34       0x5c C:\Users\alien\AppData\Local\Temp\ccodVkrc.ltrans3.ltrans.o
 .text.PackedOutputCircuitInfo_getFromBuffer.constprop.182
                0x0804ec90       0x78 C:\Users\alien\AppData\Local\Temp\ccodVkrc.ltrans3.ltrans.o
 .text.PackedStartEventsOfProtectionEquipment_getFromBuffer.constprop.181
                0x0804ed08       0x78 C:\Users\alien\AppData\Local\Temp\ccodVkrc.ltrans3.ltrans.o
 .text.EventOfProtectionEquipment_getFromBuffer.constprop.180
                0x0804ed80       0x74 C:\Users\alien\AppData\Local\Temp\ccodVkrc.ltrans3.ltrans.o
 .text.MeasuredValueShortWithCP24Time2a_getFromBuffer.constprop.177
                0x0804edf4       0x64 C:\Users\alien\AppData\Local\Temp\ccodVkrc.ltrans3.ltrans.o
 .text.MeasuredValueScaledWithCP24Time2a_getFromBuffer.constprop.176
                0x0804ee58       0x5c C:\Users\alien\AppData\Local\Temp\ccodVkrc.ltrans3.ltrans.o
 .text.MeasuredValueNormalizedWithCP24Time2a_getFromBuffer.constprop.175
                0x0804eeb4       0x5c C:\Users\alien\AppData\Local\Temp\ccodVkrc.ltrans3.ltrans.o
 .text.SinglePointWithCP24Time2a_getFromBuffer.constprop.168
                0x0804ef10       0x5c C:\Users\alien\AppData\Local\Temp\ccodVkrc.ltrans3.ltrans.o
 .text.prvCopyDataToQueue.constprop.239
                0x0804ef6c       0xe0 C:\Users\alien\AppData\Local\Temp\ccodVkrc.ltrans3.ltrans.o
                0x0804ef6c                prvCopyDataToQueue.constprop.239
 .text.sys_arch_unprotect.constprop.234
                0x0804f04c        0xc C:\Users\alien\AppData\Local\Temp\ccodVkrc.ltrans3.ltrans.o
                0x0804f04c                sys_arch_unprotect.constprop.234
 .text.lwip_send.constprop.229
                0x0804f058       0x9c C:\Users\alien\AppData\Local\Temp\ccodVkrc.ltrans3.ltrans.o
                0x0804f058                lwip_send.constprop.229
 .text.lwip_sendto.constprop.230
                0x0804f0f4       0xdc C:\Users\alien\AppData\Local\Temp\ccodVkrc.ltrans3.ltrans.o
                0x0804f0f4                lwip_sendto.constprop.230
 .text.xQueueGenericCreate.constprop.227
                0x0804f1d0       0x84 C:\Users\alien\AppData\Local\Temp\ccodVkrc.ltrans3.ltrans.o
                0x0804f1d0                xQueueGenericCreate.constprop.227
 .text.ASDU_getElement.constprop.166
                0x0804f254     0x11f0 C:\Users\alien\AppData\Local\Temp\ccodVkrc.ltrans3.ltrans.o
                0x0804f254                ASDU_getElement.constprop.166
 .text.lwip_selscan.constprop.163
                0x08050444       0xcc C:\Users\alien\AppData\Local\Temp\ccodVkrc.ltrans3.ltrans.o
                0x08050444                lwip_selscan.constprop.163
 .text.lwip_bind.constprop.154
                0x08050510       0x5c C:\Users\alien\AppData\Local\Temp\ccodVkrc.ltrans3.ltrans.o
                0x08050510                lwip_bind.constprop.154
 .text.sys_mbox_new.constprop.152
                0x0805056c       0x18 C:\Users\alien\AppData\Local\Temp\ccodVkrc.ltrans3.ltrans.o
                0x0805056c                sys_mbox_new.constprop.152
 .text.ASDU_create.constprop.142
                0x08050584       0x6a C:\Users\alien\AppData\Local\Temp\ccodVkrc.ltrans3.ltrans.o
                0x08050584                ASDU_create.constprop.142
 .text.Memory_calloc.constprop.141
                0x080505ee       0x1e C:\Users\alien\AppData\Local\Temp\ccodVkrc.ltrans3.ltrans.o
                0x080505ee                Memory_calloc.constprop.141
 .text.SinglePointInformation_create.constprop.140
                0x0805060c       0x2c C:\Users\alien\AppData\Local\Temp\ccodVkrc.ltrans3.ltrans.o
                0x0805060c                SinglePointInformation_create.constprop.140
 .text.DoublePointInformation_create.constprop.139
                0x08050638       0x2c C:\Users\alien\AppData\Local\Temp\ccodVkrc.ltrans3.ltrans.o
                0x08050638                DoublePointInformation_create.constprop.139
 .text.HAL_ETH_WritePHYRegister.constprop.132
                0x08050664       0x84 C:\Users\alien\AppData\Local\Temp\ccodVkrc.ltrans3.ltrans.o
                0x08050664                HAL_ETH_WritePHYRegister.constprop.132
 .text.HAL_ETH_ReadPHYRegister.constprop.130
                0x080506e8       0x88 C:\Users\alien\AppData\Local\Temp\ccodVkrc.ltrans3.ltrans.o
                0x080506e8                HAL_ETH_ReadPHYRegister.constprop.130
 .text.HAL_NVIC_SetPriority.constprop.128
                0x08050770       0x5c C:\Users\alien\AppData\Local\Temp\ccodVkrc.ltrans3.ltrans.o
                0x08050770                HAL_NVIC_SetPriority.constprop.128
 .text.HAL_CAN_Receive_IT.constprop.123
                0x080507cc       0x7c C:\Users\alien\AppData\Local\Temp\ccodVkrc.ltrans3.ltrans.o
                0x080507cc                HAL_CAN_Receive_IT.constprop.123
 .text.HAL_UART_Receive_DMA.part.6.constprop.115
                0x08050848       0xec C:\Users\alien\AppData\Local\Temp\ccodVkrc.ltrans3.ltrans.o
                0x08050848                HAL_UART_Receive_DMA.part.6.constprop.115
 .text.ulTaskNotifyTake.constprop.113
                0x08050934       0x5c C:\Users\alien\AppData\Local\Temp\ccodVkrc.ltrans3.ltrans.o
                0x08050934                ulTaskNotifyTake.constprop.113
 .text.UART_WaitOnFlagUntilTimeout.constprop.111
                0x08050990       0x48 C:\Users\alien\AppData\Local\Temp\ccodVkrc.ltrans3.ltrans.o
                0x08050990                UART_WaitOnFlagUntilTimeout.constprop.111
 .text.HAL_UART_Transmit.part.1.constprop.110
                0x080509d8       0x88 C:\Users\alien\AppData\Local\Temp\ccodVkrc.ltrans3.ltrans.o
                0x080509d8                HAL_UART_Transmit.part.1.constprop.110
 .text.HAL_UART_Init.constprop.105
                0x08050a60      0x4e0 C:\Users\alien\AppData\Local\Temp\ccodVkrc.ltrans3.ltrans.o
                0x08050a60                HAL_UART_Init.constprop.105
 .text.BSP_USART6_UART_Init.constprop.104
                0x08050f40       0x4c C:\Users\alien\AppData\Local\Temp\ccodVkrc.ltrans3.ltrans.o
                0x08050f40                BSP_USART6_UART_Init.constprop.104
 .text.FLASH_WaitForLastOperation.constprop.103
                0x08050f8c       0xa8 C:\Users\alien\AppData\Local\Temp\ccodVkrc.ltrans3.ltrans.o
                0x08050f8c                FLASH_WaitForLastOperation.constprop.103
 .text.ETH_Delay.constprop.98
                0x08051034       0x24 C:\Users\alien\AppData\Local\Temp\ccodVkrc.ltrans3.ltrans.o
                0x08051034                ETH_Delay.constprop.98
 .text.ETH_MACDMAConfig.constprop.85
                0x08051058       0xfc C:\Users\alien\AppData\Local\Temp\ccodVkrc.ltrans3.ltrans.o
                0x08051058                ETH_MACDMAConfig.constprop.85
 .text.HAL_TIM_Base_Init.constprop.75
                0x08051154      0x25c C:\Users\alien\AppData\Local\Temp\ccodVkrc.ltrans3.ltrans.o
                0x08051154                HAL_TIM_Base_Init.constprop.75
 .text.HAL_RTC_WaitForSynchro.constprop.74
                0x080513b0       0x30 C:\Users\alien\AppData\Local\Temp\ccodVkrc.ltrans3.ltrans.o
                0x080513b0                HAL_RTC_WaitForSynchro.constprop.74
 .text.RTC_EnterInitMode.constprop.73
                0x080513e0       0x34 C:\Users\alien\AppData\Local\Temp\ccodVkrc.ltrans3.ltrans.o
                0x080513e0                RTC_EnterInitMode.constprop.73
 .text.xQueueGenericSend.constprop.238
                0x08051414      0x160 C:\Users\alien\AppData\Local\Temp\ccodVkrc.ltrans3.ltrans.o
                0x08051414                xQueueGenericSend.constprop.238
 .text.osSemaphoreCreate.constprop.226
                0x08051574       0x1a C:\Users\alien\AppData\Local\Temp\ccodVkrc.ltrans3.ltrans.o
                0x08051574                osSemaphoreCreate.constprop.226
 .text.sys_sem_new.constprop.162
                0x0805158e       0x1c C:\Users\alien\AppData\Local\Temp\ccodVkrc.ltrans3.ltrans.o
                0x0805158e                sys_sem_new.constprop.162
 *fill*         0x080515aa        0x2 
 .text.prvvTransmitRemoteFrame.constprop.125
                0x080515ac       0x38 C:\Users\alien\AppData\Local\Temp\ccodVkrc.ltrans3.ltrans.o
                0x080515ac                prvvTransmitRemoteFrame.constprop.125
 .text.xQueueGenericReceive.constprop.237
                0x080515e4      0x228 C:\Users\alien\AppData\Local\Temp\ccodVkrc.ltrans3.ltrans.o
                0x080515e4                xQueueGenericReceive.constprop.237
 .text.osMutexWait.constprop.236
                0x0805180c       0x50 C:\Users\alien\AppData\Local\Temp\ccodVkrc.ltrans3.ltrans.o
                0x0805180c                osMutexWait.constprop.236
 .text.Reset_Handler
                0x0805185c       0x50 ./startup_stm32f407xx.o
                0x0805185c                Reset_Handler
 .text.Default_Handler
                0x080518ac        0x2 ./startup_stm32f407xx.o
                0x080518ac                RTC_Alarm_IRQHandler
                0x080518ac                HASH_RNG_IRQHandler
                0x080518ac                EXTI2_IRQHandler
                0x080518ac                TIM8_CC_IRQHandler
                0x080518ac                DebugMon_Handler
                0x080518ac                TIM1_CC_IRQHandler
                0x080518ac                DMA2_Stream5_IRQHandler
                0x080518ac                HardFault_Handler
                0x080518ac                DMA1_Stream5_IRQHandler
                0x080518ac                SysTick_Handler
                0x080518ac                PVD_IRQHandler
                0x080518ac                SDIO_IRQHandler
                0x080518ac                TAMP_STAMP_IRQHandler
                0x080518ac                PendSV_Handler
                0x080518ac                NMI_Handler
                0x080518ac                CAN2_RX1_IRQHandler
                0x080518ac                EXTI3_IRQHandler
                0x080518ac                TIM8_TRG_COM_TIM14_IRQHandler
                0x080518ac                TIM1_UP_TIM10_IRQHandler
                0x080518ac                TIM8_UP_TIM13_IRQHandler
                0x080518ac                I2C3_ER_IRQHandler
                0x080518ac                EXTI0_IRQHandler
                0x080518ac                I2C2_EV_IRQHandler
                0x080518ac                DMA1_Stream2_IRQHandler
                0x080518ac                CAN1_RX0_IRQHandler
                0x080518ac                FPU_IRQHandler
                0x080518ac                OTG_HS_WKUP_IRQHandler
                0x080518ac                UsageFault_Handler
                0x080518ac                CAN2_SCE_IRQHandler
                0x080518ac                DMA2_Stream2_IRQHandler
                0x080518ac                SPI1_IRQHandler
                0x080518ac                TIM6_DAC_IRQHandler
                0x080518ac                TIM1_BRK_TIM9_IRQHandler
                0x080518ac                DCMI_IRQHandler
                0x080518ac                CAN2_RX0_IRQHandler
                0x080518ac                DMA2_Stream3_IRQHandler
                0x080518ac                USART6_IRQHandler
                0x080518ac                USART3_IRQHandler
                0x080518ac                CAN1_RX1_IRQHandler
                0x080518ac                UART5_IRQHandler
                0x080518ac                DMA2_Stream0_IRQHandler
                0x080518ac                TIM4_IRQHandler
                0x080518ac                I2C1_EV_IRQHandler
                0x080518ac                DMA1_Stream6_IRQHandler
                0x080518ac                DMA1_Stream1_IRQHandler
                0x080518ac                UART4_IRQHandler
                0x080518ac                TIM3_IRQHandler
                0x080518ac                RCC_IRQHandler
                0x080518ac                TIM8_BRK_TIM12_IRQHandler
                0x080518ac                Default_Handler
                0x080518ac                EXTI15_10_IRQHandler
                0x080518ac                ADC_IRQHandler
                0x080518ac                DMA1_Stream7_IRQHandler
                0x080518ac                TIM7_IRQHandler
                0x080518ac                CAN2_TX_IRQHandler
                0x080518ac                TIM5_IRQHandler
                0x080518ac                DMA2_Stream7_IRQHandler
                0x080518ac                I2C3_EV_IRQHandler
                0x080518ac                EXTI9_5_IRQHandler
                0x080518ac                RTC_WKUP_IRQHandler
                0x080518ac                ETH_WKUP_IRQHandler
                0x080518ac                SPI2_IRQHandler
                0x080518ac                OTG_HS_EP1_IN_IRQHandler
                0x080518ac                MemManage_Handler
                0x080518ac                DMA1_Stream0_IRQHandler
                0x080518ac                CAN1_TX_IRQHandler
                0x080518ac                SVC_Handler
                0x080518ac                EXTI4_IRQHandler
                0x080518ac                FSMC_IRQHandler
                0x080518ac                ETH_IRQHandler
                0x080518ac                OTG_HS_EP1_OUT_IRQHandler
                0x080518ac                WWDG_IRQHandler
                0x080518ac                TIM2_IRQHandler
                0x080518ac                OTG_FS_WKUP_IRQHandler
                0x080518ac                TIM1_TRG_COM_TIM11_IRQHandler
                0x080518ac                OTG_HS_IRQHandler
                0x080518ac                EXTI1_IRQHandler
                0x080518ac                USART2_IRQHandler